Archive member included to satisfy reference by file (symbol)

app/libapp.a(main.c.obj)      (--whole-archive)
app/libapp.a(epd1in54_V2.c.obj)
                              (--whole-archive)
app/libapp.a(epdif.c.obj)     (--whole-archive)
app/libapp.a(epdpaint.c.obj)  (--whole-archive)
app/libapp.a(font8.c.obj)     (--whole-archive)
app/libapp.a(font12.c.obj)    (--whole-archive)
app/libapp.a(font16.c.obj)    (--whole-archive)
app/libapp.a(font20.c.obj)    (--whole-archive)
app/libapp.a(font24.c.obj)    (--whole-archive)
app/libapp.a(imagedata.c.obj)
                              (--whole-archive)
zephyr/libzephyr.a(cbprintf_packaged.c.obj)
                              (--whole-archive)
zephyr/libzephyr.a(dec.c.obj)
                              (--whole-archive)
zephyr/libzephyr.a(hex.c.obj)
                              (--whole-archive)
zephyr/libzephyr.a(printk.c.obj)
                              (--whole-archive)
zephyr/libzephyr.a(rb.c.obj)  (--whole-archive)
zephyr/libzephyr.a(sem.c.obj)
                              (--whole-archive)
zephyr/libzephyr.a(thread_entry.c.obj)
                              (--whole-archive)
zephyr/libzephyr.a(timeutil.c.obj)
                              (--whole-archive)
zephyr/libzephyr.a(heap.c.obj)
                              (--whole-archive)
zephyr/libzephyr.a(heap-validate.c.obj)
                              (--whole-archive)
zephyr/libzephyr.a(bitarray.c.obj)
                              (--whole-archive)
zephyr/libzephyr.a(multi_heap.c.obj)
                              (--whole-archive)
zephyr/libzephyr.a(onoff.c.obj)
                              (--whole-archive)
zephyr/libzephyr.a(notify.c.obj)
                              (--whole-archive)
zephyr/libzephyr.a(cbprintf_complete.c.obj)
                              (--whole-archive)
zephyr/libzephyr.a(ring_buffer.c.obj)
                              (--whole-archive)
zephyr/libzephyr.a(assert.c.obj)
                              (--whole-archive)
zephyr/libzephyr.a(reboot.c.obj)
                              (--whole-archive)
zephyr/libzephyr.a(poweroff.c.obj)
                              (--whole-archive)
zephyr/libzephyr.a(configs.c.obj)
                              (--whole-archive)
zephyr/libzephyr.a(mem_attr.c.obj)
                              (--whole-archive)
zephyr/libzephyr.a(tracing_none.c.obj)
                              (--whole-archive)
zephyr/arch/common/libarch__common.a(sw_isr_common.c.obj)
                              (--whole-archive)
zephyr/arch/arch/arm/core/libarch__arm__core.a(fatal.c.obj)
                              (--whole-archive)
zephyr/arch/arch/arm/core/libarch__arm__core.a(nmi.c.obj)
                              (--whole-archive)
zephyr/arch/arch/arm/core/libarch__arm__core.a(nmi_on_reset.S.obj)
                              (--whole-archive)
zephyr/arch/arch/arm/core/libarch__arm__core.a(tls.c.obj)
                              (--whole-archive)
zephyr/arch/arch/arm/core/cortex_m/libarch__arm__core__cortex_m.a(exc_exit.S.obj)
                              (--whole-archive)
zephyr/arch/arch/arm/core/cortex_m/libarch__arm__core__cortex_m.a(fault.c.obj)
                              (--whole-archive)
zephyr/arch/arch/arm/core/cortex_m/libarch__arm__core__cortex_m.a(fault_s.S.obj)
                              (--whole-archive)
zephyr/arch/arch/arm/core/cortex_m/libarch__arm__core__cortex_m.a(fpu.c.obj)
                              (--whole-archive)
zephyr/arch/arch/arm/core/cortex_m/libarch__arm__core__cortex_m.a(reset.S.obj)
                              (--whole-archive)
zephyr/arch/arch/arm/core/cortex_m/libarch__arm__core__cortex_m.a(scb.c.obj)
                              (--whole-archive)
zephyr/arch/arch/arm/core/cortex_m/libarch__arm__core__cortex_m.a(thread_abort.c.obj)
                              (--whole-archive)
zephyr/arch/arch/arm/core/cortex_m/libarch__arm__core__cortex_m.a(vector_table.S.obj)
                              (--whole-archive)
zephyr/arch/arch/arm/core/cortex_m/libarch__arm__core__cortex_m.a(swap.c.obj)
                              (--whole-archive)
zephyr/arch/arch/arm/core/cortex_m/libarch__arm__core__cortex_m.a(swap_helper.S.obj)
                              (--whole-archive)
zephyr/arch/arch/arm/core/cortex_m/libarch__arm__core__cortex_m.a(irq_manage.c.obj)
                              (--whole-archive)
zephyr/arch/arch/arm/core/cortex_m/libarch__arm__core__cortex_m.a(prep_c.c.obj)
                              (--whole-archive)
zephyr/arch/arch/arm/core/cortex_m/libarch__arm__core__cortex_m.a(thread.c.obj)
                              (--whole-archive)
zephyr/arch/arch/arm/core/cortex_m/libarch__arm__core__cortex_m.a(cpu_idle.S.obj)
                              (--whole-archive)
zephyr/arch/arch/arm/core/cortex_m/libarch__arm__core__cortex_m.a(irq_init.c.obj)
                              (--whole-archive)
zephyr/arch/arch/arm/core/cortex_m/libarch__arm__core__cortex_m.a(isr_wrapper.S.obj)
[...]
Memory Configuration

Name             Origin             Length             Attributes
FLASH            0x0000000000000000 0x0000000000080000 xr
RAM              0x0000000020000000 0x0000000000020000 xw
IDT_LIST         0x00000000ffff7fff 0x0000000000008000 xw
*default*        0x0000000000000000 0xffffffffffffffff

Linker script and memory map

                0x0000000000005768                vfprintf = __l_vfprintf
                0x0000000000000000                vfscanf = __l_vfscanf
LOAD zephyr/CMakeFiles/zephyr_pre0.dir/misc/empty_file.c.obj
LOAD zephyr/CMakeFiles/offsets.dir/./arch/arm/core/offsets/offsets.c.obj
LOAD app/libapp.a
LOAD zephyr/libzephyr.a
LOAD zephyr/arch/common/libarch__common.a
LOAD zephyr/arch/arch/arm/core/libarch__arm__core.a
LOAD zephyr/arch/arch/arm/core/cortex_m/libarch__arm__core__cortex_m.a
LOAD zephyr/arch/arch/arm/core/mpu/libarch__arm__core__mpu.a
LOAD zephyr/lib/libc/picolibc/liblib__libc__picolibc.a
LOAD zephyr/lib/libc/common/liblib__libc__common.a
LOAD zephyr/soc/soc/arm/nordic_nrf/libsoc__arm__nordic_nrf.a
LOAD zephyr/drivers/adc/libdrivers__adc.a
LOAD zephyr/drivers/clock_control/libdrivers__clock_control.a
LOAD zephyr/drivers/console/libdrivers__console.a
LOAD zephyr/drivers/gpio/libdrivers__gpio.a
LOAD zephyr/drivers/pinctrl/libdrivers__pinctrl.a
LOAD zephyr/drivers/sensor/bme280/libdrivers__sensor__bme280.a
LOAD zephyr/drivers/sensor/nrf5/libdrivers__sensor__nrf5.a
LOAD zephyr/drivers/serial/libdrivers__serial.a
LOAD zephyr/drivers/spi/libdrivers__spi.a
LOAD zephyr/drivers/timer/libdrivers__timer.a
LOAD modules/nrf/lib/fatal_error/lib..__nrf__lib__fatal_error.a
LOAD modules/hal_nordic/nrfx/libmodules__hal_nordic__nrfx.a
LOAD modules/segger/libmodules__segger.a
LOAD zephyr/kernel/libkernel.a
LOAD d:/aplikacje/nrf/toolchains/cf2149caf2/opt/zephyr-sdk/arm-zephyr-eabi/bin/../lib/gcc/arm-zephyr-eabi/12.2.0/thumb/v7e-m/nofp\libgcc.a
LOAD zephyr/arch/common/libisr_tables.a
LOAD d:\aplikacje\nrf\toolchains\cf2149caf2\opt\zephyr-sdk\arm-zephyr-eabi\bin\../lib/gcc/../../picolibc/arm-zephyr-eabi/lib/thumb/v7e-m/nofp\libc.a
LOAD d:/aplikacje/nrf/toolchains/cf2149caf2/opt/zephyr-sdk/arm-zephyr-eabi/bin/../lib/gcc/arm-zephyr-eabi/12.2.0/thumb/v7e-m/nofp\libgcc.a
                0x0000000000000020                _region_min_align = 0x20

.rel.plt        0x0000000000000000        0x0
 *(SORT_BY_ALIGNMENT(.rel.plt))
                [!provide]                        PROVIDE (__rel_iplt_start = .)
 *(SORT_BY_ALIGNMENT(.rel.iplt))
 .rel.iplt      0x0000000000000000        0x0 app/libapp.a(main.c.obj)
                [!provide]                        PROVIDE (__rel_iplt_end = .)

.rela.plt       0x0000000000000000        0x0
 *(SORT_BY_ALIGNMENT(.rela.plt))
                [!provide]                        PROVIDE (__rela_iplt_start = .)
 *(SORT_BY_ALIGNMENT(.rela.iplt))
                [!provide]                        PROVIDE (__rela_iplt_end = .)

.rel.dyn
 *(SORT_BY_ALIGNMENT(.rel.*))

.rela.dyn
 *(SORT_BY_ALIGNMENT(.rela.*))

/DISCARD/
 *(SORT_BY_ALIGNMENT(.plt))

/DISCARD/
 *(SORT_BY_ALIGNMENT(.iplt))
                0x0000000000000000                __rom_region_start = 0x0

rom_start       0x0000000000000000      0x100
                0x0000000000000000                __rom_start_address = .
 FILL mask 0x00
                0x0000000000000000                . = (. + (0x0 - (. - __rom_start_address)))
                0x0000000000000000                . = ALIGN (0x4)
                0x0000000000000000                . = ALIGN (0x80)
                0x0000000000000000                . = ALIGN (0x100)
                0x0000000000000000                _vector_start = .
 *(SORT_BY_ALIGNMENT(.exc_vector_table))
 *(SORT_BY_ALIGNMENT(.exc_vector_table.*))
 .exc_vector_table._vector_table_section
                0x0000000000000000       0x40 zephyr/arch/arch/arm/core/cortex_m/libarch__arm__core__cortex_m.a(vector_table.S.obj)
                0x0000000000000000                _vector_table
 *(SORT_BY_ALIGNMENT(.vectors))
                0x0000000000000100                _vector_end = .
                0x0000000000000040                . = ALIGN (0x4)
 *(SORT_BY_ALIGNMENT(.gnu.linkonce.irq_vector_table*))
 .gnu.linkonce.irq_vector_table
                0x0000000000000040       0xc0 zephyr/arch/common/libisr_tables.a(isr_tables.c.obj)
                0x0000000000000040                _irq_vector_table
                0x0000000000000100                _vector_end = .

text            0x0000000000000100     0x7604
                0x0000000000000100                __text_region_start = .
 *(SORT_BY_ALIGNMENT(.text))
 .text          0x0000000000000100       0xa0 d:/aplikacje/nrf/toolchains/cf2149caf2/opt/zephyr-sdk/arm-zephyr-eabi/bin/../lib/gcc/arm-zephyr-eabi/12.2.0/thumb/v7e-m/nofp\libgcc.a(_aeabi_ldivmod.o)
                0x0000000000000100                __aeabi_ldivmod
 .text          0x00000000000001a0       0x30 d:/aplikacje/nrf/toolchains/cf2149caf2/opt/zephyr-sdk/arm-zephyr-eabi/bin/../lib/gcc/arm-zephyr-eabi/12.2.0/thumb/v7e-m/nofp\libgcc.a(_aeabi_uldivmod.o)
                0x00000000000001a0                __aeabi_uldivmod
 .text          0x00000000000001d0        0x4 d:/aplikacje/nrf/toolchains/cf2149caf2/opt/zephyr-sdk/arm-zephyr-eabi/bin/../lib/gcc/arm-zephyr-eabi/12.2.0/thumb/v7e-m/nofp\libgcc.a(_dvmd_tls.o)
                0x00000000000001d0                __aeabi_idiv0
                0x00000000000001d0                __aeabi_ldiv0
 .text          0x00000000000001d4      0x2a0 d:/aplikacje/nrf/toolchains/cf2149caf2/opt/zephyr-sdk/arm-zephyr-eabi/bin/../lib/gcc/arm-zephyr-eabi/12.2.0/thumb/v7e-m/nofp\libgcc.a(_udivmoddi4.o)
                0x00000000000001d4                __udivmoddi4
 *(SORT_BY_ALIGNMENT(.text.*))
 .text.main     0x0000000000000474       0xe0 app/libapp.a(main.c.obj)
                0x0000000000000474                main
 .text.EpdHDirInit
                0x0000000000000554       0xd8 app/libapp.a(epd1in54_V2.c.obj)
                0x0000000000000554                EpdHDirInit
 .text.EpdLDirInit
                0x000000000000062c       0xd4 app/libapp.a(epd1in54_V2.c.obj)
                0x000000000000062c                EpdLDirInit
 .text.EpdSetFrameMemoryPartial
                0x0000000000000700      0x11c app/libapp.a(epd1in54_V2.c.obj)
                0x0000000000000700                EpdSetFrameMemoryPartial
 .text.EpdIfInit
                0x000000000000081c       0xc0 app/libapp.a(epdif.c.obj)
                0x000000000000081c                EpdIfInit
 .text.EpdIfDigitalWriteRST
                0x00000000000008dc        0xc app/libapp.a(epdif.c.obj)
                0x00000000000008dc                EpdIfDigitalWriteRST
 .text.EpdIfDigitalWriteDC
                0x00000000000008e8        0xc app/libapp.a(epdif.c.obj)
                0x00000000000008e8                EpdIfDigitalWriteDC
 .text.EpdIfDigitalWriteCS
                0x00000000000008f4        0xc app/libapp.a(epdif.c.obj)
                0x00000000000008f4                EpdIfDigitalWriteCS
 .text.EpdIfDigitalRead
                0x0000000000000900       0x30 app/libapp.a(epdif.c.obj)
                0x0000000000000900                EpdIfDigitalRead
 .text.EpdIfSpiTransfer
                0x0000000000000930       0x54 app/libapp.a(epdif.c.obj)
                0x0000000000000930                EpdIfSpiTransfer
 .text.char_out
                0x0000000000000984        0xc zephyr/libzephyr.a(printk.c.obj)
 .text.__printk_hook_install
                0x0000000000000990        0xc zephyr/libzephyr.a(printk.c.obj)
                0x0000000000000990                __printk_hook_install
 .text.vprintk  0x000000000000099c       0x30 zephyr/libzephyr.a(printk.c.obj)
                0x000000000000099c                vprintk
 .text.z_thread_entry
                0x00000000000009cc       0x34 zephyr/libzephyr.a(thread_entry.c.obj)
                0x00000000000009cc                z_thread_entry
 .text.process_event
                0x0000000000000a00      0x21c zephyr/libzephyr.a(onoff.c.obj)
 .text.mem_attr_get_regions
                0x0000000000000c1c        0xc zephyr/libzephyr.a(mem_attr.c.obj)
                0x0000000000000c1c                mem_attr_get_regions
 .text.z_SysNmiOnReset
                0x0000000000000c28        0x8 zephyr/arch/arch/arm/core/libarch__arm__core.a(nmi_on_reset.S.obj)
                0x0000000000000c28                z_SysNmiOnReset
 .text.arch_tls_stack_setup
                0x0000000000000c30       0x60 zephyr/arch/arch/arm/core/libarch__arm__core.a(tls.c.obj)
                0x0000000000000c30                arch_tls_stack_setup
 .text._HandlerModeExit
                0x0000000000000c90       0x1c zephyr/arch/arch/arm/core/cortex_m/libarch__arm__core__cortex_m.a(exc_exit.S.obj)
                0x0000000000000c90                z_arm_int_exit
                0x0000000000000c90                z_arm_exc_exit
 .text.mem_manage_fault
                0x0000000000000cac       0xa0 zephyr/arch/arch/arm/core/cortex_m/libarch__arm__core__cortex_m.a(fault.c.obj)
 .text.usage_fault.constprop.0
                0x0000000000000d4c       0x54 zephyr/arch/arch/arm/core/cortex_m/libarch__arm__core__cortex_m.a(fault.c.obj)
 .text.bus_fault.constprop.0
                0x0000000000000da0       0x6c zephyr/arch/arch/arm/core/cortex_m/libarch__arm__core__cortex_m.a(fault.c.obj)
 .text.z_arm_fault
                0x0000000000000e0c      0x128 zephyr/arch/arch/arm/core/cortex_m/libarch__arm__core__cortex_m.a(fault.c.obj)
                0x0000000000000e0c                z_arm_fault
 .text.z_arm_fault_init
                0x0000000000000f34       0x10 zephyr/arch/arch/arm/core/cortex_m/libarch__arm__core__cortex_m.a(fault.c.obj)
                0x0000000000000f34                z_arm_fault_init
 .text.__fault  0x0000000000000f44       0x14 zephyr/arch/arch/arm/core/cortex_m/libarch__arm__core__cortex_m.a(fault_s.S.obj)
                0x0000000000000f44                z_arm_usage_fault
                0x0000000000000f44                z_arm_mpu_fault
                0x0000000000000f44                z_arm_exc_spurious
                0x0000000000000f44                z_arm_debug_monitor
                0x0000000000000f44                z_arm_hard_fault
                0x0000000000000f44                z_arm_bus_fault
 .text._reset_section
                0x0000000000000f58       0x54 zephyr/arch/arch/arm/core/cortex_m/libarch__arm__core__cortex_m.a(reset.S.obj)
                0x0000000000000f58                __start
                0x0000000000000f58                z_arm_reset
 .text.sys_arch_reboot
                0x0000000000000fac       0x24 zephyr/arch/arch/arm/core/cortex_m/libarch__arm__core__cortex_m.a(scb.c.obj)
                0x0000000000000fac                sys_arch_reboot
 .text.z_arm_clear_arm_mpu_config
                0x0000000000000fd0       0x24 zephyr/arch/arch/arm/core/cortex_m/libarch__arm__core__cortex_m.a(scb.c.obj)
                0x0000000000000fd0                z_arm_clear_arm_mpu_config
 .text.z_arm_init_arch_hw_at_boot
                0x0000000000000ff4       0x64 zephyr/arch/arch/arm/core/cortex_m/libarch__arm__core__cortex_m.a(scb.c.obj)
                0x0000000000000ff4                z_arm_init_arch_hw_at_boot
 .text.z_impl_k_thread_abort
                0x0000000000001058       0x2c zephyr/arch/arch/arm/core/cortex_m/libarch__arm__core__cortex_m.a(thread_abort.c.obj)
                0x0000000000001058                z_impl_k_thread_abort
 .text.arch_swap
                0x0000000000001084       0x34 zephyr/arch/arch/arm/core/cortex_m/libarch__arm__core__cortex_m.a(swap.c.obj)
                0x0000000000001084                arch_swap
 .text.z_arm_pendsv
                0x00000000000010b8       0x7c zephyr/arch/arch/arm/core/cortex_m/libarch__arm__core__cortex_m.a(swap_helper.S.obj)
                0x00000000000010b8                z_arm_pendsv
 .text.z_arm_svc
                0x0000000000001134       0x20 zephyr/arch/arch/arm/core/cortex_m/libarch__arm__core__cortex_m.a(swap_helper.S.obj)
                0x0000000000001134                z_arm_svc
 .text.arch_irq_enable
                0x0000000000001154       0x1c zephyr/arch/arch/arm/core/cortex_m/libarch__arm__core__cortex_m.a(irq_manage.c.obj)
                0x0000000000001154                arch_irq_enable
 .text.arch_irq_disable
                0x0000000000001170       0x28 zephyr/arch/arch/arm/core/cortex_m/libarch__arm__core__cortex_m.a(irq_manage.c.obj)
                0x0000000000001170                arch_irq_disable
 .text.arch_irq_is_enabled
                0x0000000000001198       0x1c zephyr/arch/arch/arm/core/cortex_m/libarch__arm__core__cortex_m.a(irq_manage.c.obj)
                0x0000000000001198                arch_irq_is_enabled
 .text.z_arm_irq_priority_set
                0x00000000000011b4       0x30 zephyr/arch/arch/arm/core/cortex_m/libarch__arm__core__cortex_m.a(irq_manage.c.obj)
                0x00000000000011b4                z_arm_irq_priority_set
 .text.z_arm_prep_c
                0x00000000000011e4       0x38 zephyr/arch/arch/arm/core/cortex_m/libarch__arm__core__cortex_m.a(prep_c.c.obj)
                0x00000000000011e4                z_arm_prep_c
 .text.arch_new_thread
                0x000000000000121c       0x38 zephyr/arch/arch/arm/core/cortex_m/libarch__arm__core__cortex_m.a(thread.c.obj)
                0x000000000000121c                arch_new_thread
 .text.z_check_thread_stack_fail
                0x0000000000001254       0x30 zephyr/arch/arch/arm/core/cortex_m/libarch__arm__core__cortex_m.a(thread.c.obj)
                0x0000000000001254                z_check_thread_stack_fail
 .text.arch_switch_to_main_thread
                0x0000000000001284       0x40 zephyr/arch/arch/arm/core/cortex_m/libarch__arm__core__cortex_m.a(thread.c.obj)
                0x0000000000001284                arch_switch_to_main_thread
 .text.z_arm_cpu_idle_init
                0x00000000000012c4        0xc zephyr/arch/arch/arm/core/cortex_m/libarch__arm__core__cortex_m.a(cpu_idle.S.obj)
                0x00000000000012c4                z_arm_cpu_idle_init
 .text.arch_cpu_idle
                0x00000000000012d0       0x24 zephyr/arch/arch/arm/core/cortex_m/libarch__arm__core__cortex_m.a(cpu_idle.S.obj)
                0x00000000000012d0                arch_cpu_idle
 .text.arch_cpu_atomic_idle
                0x00000000000012f4       0x20 zephyr/arch/arch/arm/core/cortex_m/libarch__arm__core__cortex_m.a(cpu_idle.S.obj)
                0x00000000000012f4                arch_cpu_atomic_idle
 .text.z_arm_interrupt_init
                0x0000000000001314       0x18 zephyr/arch/arch/arm/core/cortex_m/libarch__arm__core__cortex_m.a(irq_init.c.obj)
                0x0000000000001314                z_arm_interrupt_init
 .text._isr_wrapper
                0x000000000000132c       0x30 zephyr/arch/arch/arm/core/cortex_m/libarch__arm__core__cortex_m.a(isr_wrapper.S.obj)
                0x000000000000132c                _isr_wrapper
 .text.z_arm_configure_static_mpu_regions
                0x000000000000135c       0x18 zephyr/arch/arch/arm/core/mpu/libarch__arm__core__mpu.a(arm_core_mpu.c.obj)
                0x000000000000135c                z_arm_configure_static_mpu_regions
 .text.z_arm_configure_dynamic_mpu_regions
                0x0000000000001374       0x24 zephyr/arch/arch/arm/core/mpu/libarch__arm__core__mpu.a(arm_core_mpu.c.obj)
                0x0000000000001374                z_arm_configure_dynamic_mpu_regions
 .text.region_init
                0x0000000000001398       0x28 zephyr/arch/arch/arm/core/mpu/libarch__arm__core__mpu.a(arm_mpu.c.obj)
 .text.arm_core_mpu_enable
                0x00000000000013c0       0x18 zephyr/arch/arch/arm/core/mpu/libarch__arm__core__mpu.a(arm_mpu.c.obj)
                0x00000000000013c0                arm_core_mpu_enable
 .text.arm_core_mpu_disable
                0x00000000000013d8       0x14 zephyr/arch/arch/arm/core/mpu/libarch__arm__core__mpu.a(arm_mpu.c.obj)
                0x00000000000013d8                arm_core_mpu_disable
 .text.arm_core_mpu_configure_static_mpu_regions
                0x00000000000013ec       0x14 zephyr/arch/arch/arm/core/mpu/libarch__arm__core__mpu.a(arm_mpu.c.obj)
                0x00000000000013ec                arm_core_mpu_configure_static_mpu_regions
 .text.arm_core_mpu_configure_dynamic_mpu_regions
                0x0000000000001400       0x30 zephyr/arch/arch/arm/core/mpu/libarch__arm__core__mpu.a(arm_mpu.c.obj)
                0x0000000000001400                arm_core_mpu_configure_dynamic_mpu_regions
 .text.z_arm_mpu_init
                0x0000000000001430      0x124 zephyr/arch/arch/arm/core/mpu/libarch__arm__core__mpu.a(arm_mpu.c.obj)
                0x0000000000001430                z_arm_mpu_init
 .text.z_impl_zephyr_fputc
                0x0000000000001554       0x10 zephyr/lib/libc/picolibc/liblib__libc__picolibc.a(libc-hooks.c.obj)
                0x0000000000001554                z_impl_zephyr_fputc
 .text.__stdout_hook_install
                0x0000000000001564       0x18 zephyr/lib/libc/picolibc/liblib__libc__picolibc.a(libc-hooks.c.obj)
                0x0000000000001564                __stdout_hook_install
 .text.malloc_prepare
                0x000000000000157c       0x24 zephyr/lib/libc/common/liblib__libc__common.a(malloc.c.obj)
 .text.nordicsemi_nrf52_init
                0x00000000000015a0       0x18 zephyr/soc/soc/arm/nordic_nrf/libsoc__arm__nordic_nrf.a(soc.c.obj)
 .text.arch_busy_wait
                0x00000000000015b8       0x14 zephyr/soc/soc/arm/nordic_nrf/libsoc__arm__nordic_nrf.a(soc.c.obj)
                0x00000000000015b8                arch_busy_wait
 .text.z_arm_platform_init
                0x00000000000015cc        0x4 zephyr/soc/soc/arm/nordic_nrf/libsoc__arm__nordic_nrf.a(soc_nrf_common.S.obj)
                0x00000000000015cc                z_arm_platform_init
 .text.adc_context_start_sampling
                0x00000000000015d0       0x1c zephyr/drivers/adc/libdrivers__adc.a(adc_nrfx_saadc.c.obj)
 .text.adc_nrfx_channel_setup
                0x00000000000015ec       0xd8 zephyr/drivers/adc/libdrivers__adc.a(adc_nrfx_saadc.c.obj)
 .text.adc_nrfx_read
                0x00000000000016c4      0x184 zephyr/drivers/adc/libdrivers__adc.a(adc_nrfx_saadc.c.obj)
 .text.init_saadc
                0x0000000000001848       0x44 zephyr/drivers/adc/libdrivers__adc.a(adc_nrfx_saadc.c.obj)
 .text.saadc_irq_handler
                0x000000000000188c       0xd0 zephyr/drivers/adc/libdrivers__adc.a(adc_nrfx_saadc.c.obj)
 .text.onoff_stop
                0x000000000000195c       0x30 zephyr/drivers/clock_control/libdrivers__clock_control.a(clock_control_nrf.c.obj)
 .text.onoff_start
                0x000000000000198c       0x44 zephyr/drivers/clock_control/libdrivers__clock_control.a(clock_control_nrf.c.obj)
 .text.generic_hfclk_stop
                0x00000000000019d0       0x34 zephyr/drivers/clock_control/libdrivers__clock_control.a(clock_control_nrf.c.obj)
 .text.clk_init
                0x0000000000001a04       0x60 zephyr/drivers/clock_control/libdrivers__clock_control.a(clock_control_nrf.c.obj)
 .text.clkstarted_handle.constprop.0
                0x0000000000001a64       0x34 zephyr/drivers/clock_control/libdrivers__clock_control.a(clock_control_nrf.c.obj)
 .text.clock_event_handler
                0x0000000000001a98       0x34 zephyr/drivers/clock_control/libdrivers__clock_control.a(clock_control_nrf.c.obj)
 .text.generic_hfclk_start
                0x0000000000001acc       0x64 zephyr/drivers/clock_control/libdrivers__clock_control.a(clock_control_nrf.c.obj)
 .text.api_blocking_start
                0x0000000000001b30       0x34 zephyr/drivers/clock_control/libdrivers__clock_control.a(clock_control_nrf.c.obj)
 .text.z_nrf_clock_control_get_onoff
                0x0000000000001b64       0x10 zephyr/drivers/clock_control/libdrivers__clock_control.a(clock_control_nrf.c.obj)
                0x0000000000001b64                z_nrf_clock_control_get_onoff
 .text.z_nrf_clock_control_lf_on
                0x0000000000001b74       0xb4 zephyr/drivers/clock_control/libdrivers__clock_control.a(clock_control_nrf.c.obj)
                0x0000000000001b74                z_nrf_clock_control_lf_on
 .text.start_cal_process
                0x0000000000001c28       0x48 zephyr/drivers/clock_control/libdrivers__clock_control.a(nrf_clock_calibration.c.obj)
 .text.start_cycle
                0x0000000000001c70       0x38 zephyr/drivers/clock_control/libdrivers__clock_control.a(nrf_clock_calibration.c.obj)
 .text.measure_temperature
                0x0000000000001ca8       0x88 zephyr/drivers/clock_control/libdrivers__clock_control.a(nrf_clock_calibration.c.obj)
 .text.cal_hf_callback
                0x0000000000001d30       0x2c zephyr/drivers/clock_control/libdrivers__clock_control.a(nrf_clock_calibration.c.obj)
 .text.z_nrf_clock_calibration_init
                0x0000000000001d5c       0x1c zephyr/drivers/clock_control/libdrivers__clock_control.a(nrf_clock_calibration.c.obj)
                0x0000000000001d5c                z_nrf_clock_calibration_init
 .text.z_nrf_clock_calibration_lfclk_started
                0x0000000000001d78       0x10 zephyr/drivers/clock_control/libdrivers__clock_control.a(nrf_clock_calibration.c.obj)
                0x0000000000001d78                z_nrf_clock_calibration_lfclk_started
 .text.z_nrf_clock_calibration_lfclk_stopped
                0x0000000000001d88        0xc zephyr/drivers/clock_control/libdrivers__clock_control.a(nrf_clock_calibration.c.obj)
                0x0000000000001d88                z_nrf_clock_calibration_lfclk_stopped
 .text.z_nrf_clock_calibration_done_handler
                0x0000000000001d94       0x10 zephyr/drivers/clock_control/libdrivers__clock_control.a(nrf_clock_calibration.c.obj)
                0x0000000000001d94                z_nrf_clock_calibration_done_handler
 .text.uart_console_init
                0x0000000000001da4       0x28 zephyr/drivers/console/libdrivers__console.a(uart_console.c.obj)
 .text.console_out
                0x0000000000001dcc       0x28 zephyr/drivers/console/libdrivers__console.a(uart_console.c.obj)
 .text.gpio_nrfx_pin_interrupt_configure
                0x0000000000001df4      0x100 zephyr/drivers/gpio/libdrivers__gpio.a(gpio_nrfx.c.obj)
 .text.gpio_nrfx_init
                0x0000000000001ef4       0x48 zephyr/drivers/gpio/libdrivers__gpio.a(gpio_nrfx.c.obj)
 .text.nrfx_gpio_handler
                0x0000000000001f3c       0x4c zephyr/drivers/gpio/libdrivers__gpio.a(gpio_nrfx.c.obj)
 .text.gpio_nrfx_pin_configure
                0x0000000000001f88      0x18c zephyr/drivers/gpio/libdrivers__gpio.a(gpio_nrfx.c.obj)
 .text.nrf_gpio_pin_port_decode
                0x0000000000002114       0x20 zephyr/drivers/pinctrl/libdrivers__pinctrl.a(pinctrl_nrf.c.obj)
 .text.pinctrl_configure_pins
                0x0000000000002134      0x16c zephyr/drivers/pinctrl/libdrivers__pinctrl.a(pinctrl_nrf.c.obj)
                0x0000000000002134                pinctrl_configure_pins
 .text.bme280_channel_get
                0x00000000000022a0       0x7c zephyr/drivers/sensor/bme280/libdrivers__sensor__bme280.a(bme280.c.obj)
 .text.bme280_chip_init
                0x000000000000231c      0x15c zephyr/drivers/sensor/bme280/libdrivers__sensor__bme280.a(bme280.c.obj)
 .text.hfclk_on_callback
                0x0000000000002478        0xc zephyr/drivers/sensor/nrf5/libdrivers__sensor__nrf5.a(temp_nrf5.c.obj)
 .text.temp_nrf5_channel_get
                0x0000000000002484       0x2c zephyr/drivers/sensor/nrf5/libdrivers__sensor__nrf5.a(temp_nrf5.c.obj)
 .text.temp_nrf5_isr
                0x00000000000024b0       0x18 zephyr/drivers/sensor/nrf5/libdrivers__sensor__nrf5.a(temp_nrf5.c.obj)
 .text.temp_nrf5_sample_fetch
                0x00000000000024c8       0x78 zephyr/drivers/sensor/nrf5/libdrivers__sensor__nrf5.a(temp_nrf5.c.obj)
 .text.temp_nrf5_init
                0x0000000000002540       0x40 zephyr/drivers/sensor/nrf5/libdrivers__sensor__nrf5.a(temp_nrf5.c.obj)
 .text.uarte_0_init
                0x0000000000002580      0x274 zephyr/drivers/serial/libdrivers__serial.a(uart_nrfx_uarte.c.obj)
 .text.uarte_nrfx_poll_out
                0x00000000000027f4       0x98 zephyr/drivers/serial/libdrivers__serial.a(uart_nrfx_uarte.c.obj)
 .text.transfer_next_chunk
                0x000000000000288c       0xd0 zephyr/drivers/spi/libdrivers__spi.a(spi_nrfx_spim.c.obj)
 .text.spi_nrfx_transceive
                0x000000000000295c      0x39c zephyr/drivers/spi/libdrivers__spi.a(spi_nrfx_spim.c.obj)
 .text.nrf_gpio_cfg_input
                0x0000000000002cf8       0x40 zephyr/drivers/spi/libdrivers__spi.a(spi_nrfx_common.c.obj)
 .text.spi_nrfx_wake_init
                0x0000000000002d38       0x60 zephyr/drivers/spi/libdrivers__spi.a(spi_nrfx_common.c.obj)
                0x0000000000002d38                spi_nrfx_wake_init
 .text.compare_int_lock
                0x0000000000002d98       0x48 zephyr/drivers/timer/libdrivers__timer.a(nrf_rtc_timer.c.obj)
 .text.sys_clock_timeout_handler
                0x0000000000002de0       0x48 zephyr/drivers/timer/libdrivers__timer.a(nrf_rtc_timer.c.obj)
 .text.compare_int_unlock
                0x0000000000002e28       0x5c zephyr/drivers/timer/libdrivers__timer.a(nrf_rtc_timer.c.obj)
 .text.z_nrf_rtc_timer_read
                0x0000000000002e84       0x44 zephyr/drivers/timer/libdrivers__timer.a(nrf_rtc_timer.c.obj)
                0x0000000000002e84                z_nrf_rtc_timer_read
 .text.compare_set
                0x0000000000002ec8      0x130 zephyr/drivers/timer/libdrivers__timer.a(nrf_rtc_timer.c.obj)
 .text.sys_clock_driver_init
                0x0000000000002ff8       0x90 zephyr/drivers/timer/libdrivers__timer.a(nrf_rtc_timer.c.obj)
 .text.rtc_nrf_isr
                0x0000000000003088       0xd4 zephyr/drivers/timer/libdrivers__timer.a(nrf_rtc_timer.c.obj)
                0x0000000000003088                rtc_nrf_isr
 .text.sys_clock_set_timeout
                0x000000000000315c       0x5c zephyr/drivers/timer/libdrivers__timer.a(nrf_rtc_timer.c.obj)
                0x000000000000315c                sys_clock_set_timeout
 .text.sys_clock_elapsed
                0x00000000000031b8       0x14 zephyr/drivers/timer/libdrivers__timer.a(nrf_rtc_timer.c.obj)
                0x00000000000031b8                sys_clock_elapsed
 .text.nvmc_wait
                0x00000000000031cc       0x10 modules/hal_nordic/nrfx/libmodules__hal_nordic__nrfx.a(system_nrf52833.c.obj)
                0x00000000000031cc                nvmc_wait
 .text.SystemInit
                0x00000000000031dc      0x14c modules/hal_nordic/nrfx/libmodules__hal_nordic__nrfx.a(system_nrf52833.c.obj)
                0x00000000000031dc                SystemInit
 .text.nrfx_flag32_alloc
                0x0000000000003328       0x48 modules/hal_nordic/nrfx/libmodules__hal_nordic__nrfx.a(nrfx_flag32_allocator.c.obj)
                0x0000000000003328                nrfx_flag32_alloc
 .text.nrfx_flag32_free
                0x0000000000003370       0x40 modules/hal_nordic/nrfx/libmodules__hal_nordic__nrfx.a(nrfx_flag32_allocator.c.obj)
                0x0000000000003370                nrfx_flag32_free
 .text.nrfx_gppi_channels_enable
                0x00000000000033b0        0xc modules/hal_nordic/nrfx/libmodules__hal_nordic__nrfx.a(nrfx_gppi_ppi.c.obj)
                0x00000000000033b0                nrfx_gppi_channels_enable
 .text.nrfx_clock_init
                0x00000000000033bc       0x24 modules/hal_nordic/nrfx/libmodules__hal_nordic__nrfx.a(nrfx_clock.c.obj)
                0x00000000000033bc                nrfx_clock_init
 .text.nrfx_clock_enable
                0x00000000000033e0       0x24 modules/hal_nordic/nrfx/libmodules__hal_nordic__nrfx.a(nrfx_clock.c.obj)
                0x00000000000033e0                nrfx_clock_enable
 .text.nrfx_clock_start
                0x0000000000003404       0xa4 modules/hal_nordic/nrfx/libmodules__hal_nordic__nrfx.a(nrfx_clock.c.obj)
                0x0000000000003404                nrfx_clock_start
 .text.nrfx_clock_calibration_start
                0x00000000000034a8       0x70 modules/hal_nordic/nrfx/libmodules__hal_nordic__nrfx.a(nrfx_clock.c.obj)
                0x00000000000034a8                nrfx_clock_calibration_start
 .text.nrfx_power_clock_irq_handler
                0x0000000000003518       0x7c modules/hal_nordic/nrfx/libmodules__hal_nordic__nrfx.a(nrfx_clock.c.obj)
                0x0000000000003518                nrfx_power_clock_irq_handler
 .text.nrf_gpio_pin_port_decode
                0x0000000000003594       0x20 modules/hal_nordic/nrfx/libmodules__hal_nordic__nrfx.a(nrfx_gpiote.c.obj)
 .text.get_pin_idx
                0x00000000000035b4       0x14 modules/hal_nordic/nrfx/libmodules__hal_nordic__nrfx.a(nrfx_gpiote.c.obj)
 .text.call_handler.constprop.0
                0x00000000000035c8       0x40 modules/hal_nordic/nrfx/libmodules__hal_nordic__nrfx.a(nrfx_gpiote.c.obj)
 .text.pin_te_get.constprop.0
                0x0000000000003608       0x18 modules/hal_nordic/nrfx/libmodules__hal_nordic__nrfx.a(nrfx_gpiote.c.obj)
 .text.pin_is_output.constprop.0
                0x0000000000003620       0x18 modules/hal_nordic/nrfx/libmodules__hal_nordic__nrfx.a(nrfx_gpiote.c.obj)
 .text.pin_in_use_by_te.constprop.0
                0x0000000000003638       0x18 modules/hal_nordic/nrfx/libmodules__hal_nordic__nrfx.a(nrfx_gpiote.c.obj)
 .text.latch_pending_read_and_check
                0x0000000000003650       0x40 modules/hal_nordic/nrfx/libmodules__hal_nordic__nrfx.a(nrfx_gpiote.c.obj)
 .text.release_handler.isra.0
                0x0000000000003690       0x58 modules/hal_nordic/nrfx/libmodules__hal_nordic__nrfx.a(nrfx_gpiote.c.obj)
 .text.__nrfy_internal_gpiote_events_process.constprop.0
                0x00000000000036e8       0x5c modules/hal_nordic/nrfx/libmodules__hal_nordic__nrfx.a(nrfx_gpiote.c.obj)
 .text.pin_uninit
                0x0000000000003744       0x80 modules/hal_nordic/nrfx/libmodules__hal_nordic__nrfx.a(nrfx_gpiote.c.obj)
 .text.nrfx_gpiote_input_configure
                0x00000000000037c4      0x174 modules/hal_nordic/nrfx/libmodules__hal_nordic__nrfx.a(nrfx_gpiote.c.obj)
                0x00000000000037c4                nrfx_gpiote_input_configure
 .text.nrfx_gpiote_output_configure
                0x0000000000003938       0xfc modules/hal_nordic/nrfx/libmodules__hal_nordic__nrfx.a(nrfx_gpiote.c.obj)
                0x0000000000003938                nrfx_gpiote_output_configure
 .text.nrfx_gpiote_global_callback_set
                0x0000000000003a34        0xc modules/hal_nordic/nrfx/libmodules__hal_nordic__nrfx.a(nrfx_gpiote.c.obj)
                0x0000000000003a34                nrfx_gpiote_global_callback_set
 .text.nrfx_gpiote_channel_get
                0x0000000000003a40       0x34 modules/hal_nordic/nrfx/libmodules__hal_nordic__nrfx.a(nrfx_gpiote.c.obj)
                0x0000000000003a40                nrfx_gpiote_channel_get
 .text.nrfx_gpiote_init
                0x0000000000003a74       0x70 modules/hal_nordic/nrfx/libmodules__hal_nordic__nrfx.a(nrfx_gpiote.c.obj)
                0x0000000000003a74                nrfx_gpiote_init
 .text.nrfx_gpiote_init_check
                0x0000000000003ae4       0x14 modules/hal_nordic/nrfx/libmodules__hal_nordic__nrfx.a(nrfx_gpiote.c.obj)
                0x0000000000003ae4                nrfx_gpiote_init_check
 .text.nrfx_gpiote_channel_free
                0x0000000000003af8        0xc modules/hal_nordic/nrfx/libmodules__hal_nordic__nrfx.a(nrfx_gpiote.c.obj)
                0x0000000000003af8                nrfx_gpiote_channel_free
 .text.nrfx_gpiote_channel_alloc
                0x0000000000003b04        0xc modules/hal_nordic/nrfx/libmodules__hal_nordic__nrfx.a(nrfx_gpiote.c.obj)
                0x0000000000003b04                nrfx_gpiote_channel_alloc
 .text.nrfx_gpiote_trigger_enable
                0x0000000000003b10       0x9c modules/hal_nordic/nrfx/libmodules__hal_nordic__nrfx.a(nrfx_gpiote.c.obj)
                0x0000000000003b10                nrfx_gpiote_trigger_enable
 .text.nrfx_gpiote_0_irq_handler
                0x0000000000003bac      0x1bc modules/hal_nordic/nrfx/libmodules__hal_nordic__nrfx.a(nrfx_gpiote.c.obj)
                0x0000000000003bac                nrfx_gpiote_0_irq_handler
 .text.nrfx_ppi_channel_alloc
                0x0000000000003d68        0xc modules/hal_nordic/nrfx/libmodules__hal_nordic__nrfx.a(nrfx_ppi.c.obj)
                0x0000000000003d68                nrfx_ppi_channel_alloc
 .text.nrf_gpio_pin_port_decode
                0x0000000000003d74       0x20 modules/hal_nordic/nrfx/libmodules__hal_nordic__nrfx.a(nrfx_spim.c.obj)
 .text.pin_init
                0x0000000000003d94       0x50 modules/hal_nordic/nrfx/libmodules__hal_nordic__nrfx.a(nrfx_spim.c.obj)
 .text.spim_configuration_verify
                0x0000000000003de4       0x94 modules/hal_nordic/nrfx/libmodules__hal_nordic__nrfx.a(nrfx_spim.c.obj)
 .text.spim_configure
                0x0000000000003e78      0x25c modules/hal_nordic/nrfx/libmodules__hal_nordic__nrfx.a(nrfx_spim.c.obj)
 .text.spim_pin_uninit
                0x00000000000040d4       0x30 modules/hal_nordic/nrfx/libmodules__hal_nordic__nrfx.a(nrfx_spim.c.obj)
 .text.nrfx_spim_init
                0x0000000000004104       0x68 modules/hal_nordic/nrfx/libmodules__hal_nordic__nrfx.a(nrfx_spim.c.obj)
                0x0000000000004104                nrfx_spim_init
 .text.nrfx_spim_uninit
                0x000000000000416c       0x90 modules/hal_nordic/nrfx/libmodules__hal_nordic__nrfx.a(nrfx_spim.c.obj)
                0x000000000000416c                nrfx_spim_uninit
 .text.nrfx_spim_xfer
                0x00000000000041fc      0x164 modules/hal_nordic/nrfx/libmodules__hal_nordic__nrfx.a(nrfx_spim.c.obj)
                0x00000000000041fc                nrfx_spim_xfer
 .text.nrfx_spim_1_irq_handler
                0x0000000000004360       0x10 modules/hal_nordic/nrfx/libmodules__hal_nordic__nrfx.a(nrfx_spim.c.obj)
                0x0000000000004360                nrfx_spim_1_irq_handler
 .text.nrfx_spim_3_irq_handler
                0x0000000000004370       0x10 modules/hal_nordic/nrfx/libmodules__hal_nordic__nrfx.a(nrfx_spim.c.obj)
                0x0000000000004370                nrfx_spim_3_irq_handler
 .text._DoInit  0x0000000000004380       0x68 modules/segger/libmodules__segger.a(SEGGER_RTT.c.obj)
 .text.z_fatal_error
                0x00000000000043e8       0x30 zephyr/kernel/libkernel.a(fatal.c.obj)
                0x00000000000043e8                z_fatal_error
 .text.z_sys_init_run_level
                0x0000000000004418       0x48 zephyr/kernel/libkernel.a(init.c.obj)
 .text.bg_thread_main
                0x0000000000004460       0x34 zephyr/kernel/libkernel.a(init.c.obj)
 .text.z_bss_zero
                0x0000000000004494       0x18 zephyr/kernel/libkernel.a(init.c.obj)
                0x0000000000004494                z_bss_zero
 .text.z_init_cpu
                0x00000000000044ac       0x94 zephyr/kernel/libkernel.a(init.c.obj)
                0x00000000000044ac                z_init_cpu
 .text.z_cstart
                0x0000000000004540       0xdc zephyr/kernel/libkernel.a(init.c.obj)
                0x0000000000004540                z_cstart
 .text.z_thread_monitor_exit
                0x000000000000461c       0x3c zephyr/kernel/libkernel.a(thread.c.obj)
                0x000000000000461c                z_thread_monitor_exit
 .text.z_impl_k_thread_name_set
                0x0000000000004658       0x20 zephyr/kernel/libkernel.a(thread.c.obj)
                0x0000000000004658                z_impl_k_thread_name_set
 .text.z_setup_new_thread
                0x0000000000004678       0xd4 zephyr/kernel/libkernel.a(thread.c.obj)
                0x0000000000004678                z_setup_new_thread
 .text.z_impl_k_thread_create
                0x000000000000474c       0x58 zephyr/kernel/libkernel.a(thread.c.obj)
                0x000000000000474c                z_impl_k_thread_create
 .text.z_init_static_threads
                0x00000000000047a4       0x98 zephyr/kernel/libkernel.a(thread.c.obj)
                0x00000000000047a4                z_init_static_threads
 .text.z_impl_k_mutex_unlock
                0x000000000000483c       0x7c zephyr/kernel/libkernel.a(mutex.c.obj)
                0x000000000000483c                z_impl_k_mutex_unlock
 .text.z_impl_k_mutex_lock
                0x00000000000048b8       0xf4 zephyr/kernel/libkernel.a(mutex.c.obj)
                0x00000000000048b8                z_impl_k_mutex_lock
 .text.z_impl_k_sem_give
                0x00000000000049ac       0x4c zephyr/kernel/libkernel.a(sem.c.obj)
                0x00000000000049ac                z_impl_k_sem_give
 .text.z_impl_k_sem_take
                0x00000000000049f8       0x50 zephyr/kernel/libkernel.a(sem.c.obj)
                0x00000000000049f8                z_impl_k_sem_take
 .text.z_impl_k_sem_reset
                0x0000000000004a48       0x3c zephyr/kernel/libkernel.a(sem.c.obj)
                0x0000000000004a48                z_impl_k_sem_reset
 .text.work_queue_main
                0x0000000000004a84      0x138 zephyr/kernel/libkernel.a(work.c.obj)
 .text.submit_to_queue_locked
                0x0000000000004bbc       0xb4 zephyr/kernel/libkernel.a(work.c.obj)
 .text.k_work_submit
                0x0000000000004c70        0xc zephyr/kernel/libkernel.a(work.c.obj)
                0x0000000000004c70                k_work_submit
 .text.k_work_queue_start
                0x0000000000004c7c       0x70 zephyr/kernel/libkernel.a(work.c.obj)
                0x0000000000004c7c                k_work_queue_start
 .text.sliceable
                0x0000000000004cec       0x3c zephyr/kernel/libkernel.a(sched.c.obj)
 .text.slice_timeout
                0x0000000000004d28       0x20 zephyr/kernel/libkernel.a(sched.c.obj)
 .text.z_reset_time_slice
                0x0000000000004d48       0x50 zephyr/kernel/libkernel.a(sched.c.obj)
                0x0000000000004d48                z_reset_time_slice
 .text.update_cache
                0x0000000000004d98       0x3c zephyr/kernel/libkernel.a(sched.c.obj)
 .text.move_thread_to_end_of_prio_q
                0x0000000000004dd4       0x74 zephyr/kernel/libkernel.a(sched.c.obj)
 .text.ready_thread
                0x0000000000004e48       0x68 zephyr/kernel/libkernel.a(sched.c.obj)
 .text.unready_thread
                0x0000000000004eb0       0x30 zephyr/kernel/libkernel.a(sched.c.obj)
 .text.pend_locked
                0x0000000000004ee0       0x30 zephyr/kernel/libkernel.a(sched.c.obj)
 .text.z_thread_halt
                0x0000000000004f10       0xac zephyr/kernel/libkernel.a(sched.c.obj)
 .text.z_time_slice
                0x0000000000004fbc       0x60 zephyr/kernel/libkernel.a(sched.c.obj)
                0x0000000000004fbc                z_time_slice
 .text.z_pend_curr
                0x000000000000501c       0x3c zephyr/kernel/libkernel.a(sched.c.obj)
                0x000000000000501c                z_pend_curr
 .text.z_set_prio
                0x0000000000005058       0x8c zephyr/kernel/libkernel.a(sched.c.obj)
                0x0000000000005058                z_set_prio
 .text.z_reschedule
                0x00000000000050e4       0x24 zephyr/kernel/libkernel.a(sched.c.obj)
                0x00000000000050e4                z_reschedule
 .text.z_sched_start
                0x0000000000005108       0x3c zephyr/kernel/libkernel.a(sched.c.obj)
                0x0000000000005108                z_sched_start
 .text.k_sched_lock
                0x0000000000005144       0x28 zephyr/kernel/libkernel.a(sched.c.obj)
                0x0000000000005144                k_sched_lock
 .text.k_sched_unlock
                0x000000000000516c       0x38 zephyr/kernel/libkernel.a(sched.c.obj)
                0x000000000000516c                k_sched_unlock
 .text.z_sched_init
                0x00000000000051a4       0x10 zephyr/kernel/libkernel.a(sched.c.obj)
                0x00000000000051a4                z_sched_init
 .text.z_impl_k_yield
                0x00000000000051b4       0x7c zephyr/kernel/libkernel.a(sched.c.obj)
                0x00000000000051b4                z_impl_k_yield
 .text.z_tick_sleep
                0x0000000000005230       0x88 zephyr/kernel/libkernel.a(sched.c.obj)
 .text.z_impl_k_sleep
                0x00000000000052b8       0x34 zephyr/kernel/libkernel.a(sched.c.obj)
                0x00000000000052b8                z_impl_k_sleep
 .text.z_impl_k_sched_current_thread_query
                0x00000000000052ec        0xc zephyr/kernel/libkernel.a(sched.c.obj)
                0x00000000000052ec                z_impl_k_sched_current_thread_query
 .text.z_sched_wait
                0x00000000000052f8       0x24 zephyr/kernel/libkernel.a(sched.c.obj)
                0x00000000000052f8                z_sched_wait
 .text.z_data_copy
                0x000000000000531c       0x34 zephyr/kernel/libkernel.a(xip.c.obj)
                0x000000000000531c                z_data_copy
 .text.elapsed  0x0000000000005350       0x14 zephyr/kernel/libkernel.a(timeout.c.obj)
 .text.next_timeout
                0x0000000000005364       0x40 zephyr/kernel/libkernel.a(timeout.c.obj)
 .text.remove_timeout
                0x00000000000053a4       0x38 zephyr/kernel/libkernel.a(timeout.c.obj)
 .text.z_add_timeout
                0x00000000000053dc       0xec zephyr/kernel/libkernel.a(timeout.c.obj)
                0x00000000000053dc                z_add_timeout
 .text.sys_clock_announce
                0x00000000000054c8       0xd4 zephyr/kernel/libkernel.a(timeout.c.obj)
                0x00000000000054c8                sys_clock_announce
 .text.sys_clock_tick_get
                0x000000000000559c       0x34 zephyr/kernel/libkernel.a(timeout.c.obj)
                0x000000000000559c                sys_clock_tick_get
 .text.z_timer_expiration_handler
                0x00000000000055d0       0xe4 zephyr/kernel/libkernel.a(timer.c.obj)
                0x00000000000055d0                z_timer_expiration_handler
 .text.z_impl_k_timer_start
                0x00000000000056b4       0x74 zephyr/kernel/libkernel.a(timer.c.obj)
                0x00000000000056b4                z_impl_k_timer_start
 .text.boot_banner
                0x0000000000005728        0xc zephyr/kernel/libkernel.a(banner.c.obj)
                0x0000000000005728                boot_banner
 .text.k_sys_work_q_init
                0x0000000000005734       0x34 zephyr/kernel/libkernel.a(system_work_q.c.obj)
 .text.__l_vfprintf
                0x0000000000005768      0x4b8 d:\aplikacje\nrf\toolchains\cf2149caf2\opt\zephyr-sdk\arm-zephyr-eabi\bin\../lib/gcc/../../picolibc/arm-zephyr-eabi/lib/thumb/v7e-m/nofp\libc.a(libc_tinystdio_vflprintf.c.o)
                0x0000000000005768                __l_vfprintf
 .text._OffsetAbsSyms
                0x0000000000005c20        0x2 zephyr/CMakeFiles/offsets.dir/./arch/arm/core/offsets/offsets.c.obj
                0x0000000000005c20                _OffsetAbsSyms
 .text.EpdSendCommand
                0x0000000000005c22       0x14 app/libapp.a(epd1in54_V2.c.obj)
                0x0000000000005c22                EpdSendCommand
 .text.EpdSendData
                0x0000000000005c36       0x14 app/libapp.a(epd1in54_V2.c.obj)
                0x0000000000005c36                EpdSendData
 .text.EpdWaitUntilIdle
                0x0000000000005c4a       0x1c app/libapp.a(epd1in54_V2.c.obj)
                0x0000000000005c4a                EpdWaitUntilIdle
 .text.EpdLut   0x0000000000005c66       0x22 app/libapp.a(epd1in54_V2.c.obj)
                0x0000000000005c66                EpdLut
 .text.EpdSetLut
                0x0000000000005c88       0x54 app/libapp.a(epd1in54_V2.c.obj)
                0x0000000000005c88                EpdSetLut
 .text.EpdReset
                0x0000000000005cdc       0x1e app/libapp.a(epd1in54_V2.c.obj)
                0x0000000000005cdc                EpdReset
 .text.EpdSetMemoryArea
                0x0000000000005cfa       0x46 app/libapp.a(epd1in54_V2.c.obj)
                0x0000000000005cfa                EpdSetMemoryArea
 .text.EpdSetMemoryPointer
                0x0000000000005d40       0x30 app/libapp.a(epd1in54_V2.c.obj)
                0x0000000000005d40                EpdSetMemoryPointer
 .text.EpdDisplayFrame
                0x0000000000005d70       0x1c app/libapp.a(epd1in54_V2.c.obj)
                0x0000000000005d70                EpdDisplayFrame
 .text.EpdClear
                0x0000000000005d8c       0x3a app/libapp.a(epd1in54_V2.c.obj)
                0x0000000000005d8c                EpdClear
 .text.EpdDisplayPartFrame
                0x0000000000005dc6       0x1c app/libapp.a(epd1in54_V2.c.obj)
                0x0000000000005dc6                EpdDisplayPartFrame
 .text.EpdSleep
                0x0000000000005de2       0x1e app/libapp.a(epd1in54_V2.c.obj)
                0x0000000000005de2                EpdSleep
 .text.gpio_pin_configure_dt
                0x0000000000005e00       0x3e app/libapp.a(epdif.c.obj)
 .text.gpio_pin_set_dt.isra.0
                0x0000000000005e3e       0x28 app/libapp.a(epdif.c.obj)
 .text.DelayMs  0x0000000000005e66       0x26 app/libapp.a(epdif.c.obj)
                0x0000000000005e66                DelayMs
 .text.PaintGetWidth
                0x0000000000005e8c        0x4 app/libapp.a(epdpaint.c.obj)
                0x0000000000005e8c                PaintGetWidth
 .text.PaintSetWidth
                0x0000000000005e90       0x1a app/libapp.a(epdpaint.c.obj)
                0x0000000000005e90                PaintSetWidth
 .text.PaintGetHeight
                0x0000000000005eaa        0x4 app/libapp.a(epdpaint.c.obj)
                0x0000000000005eaa                PaintGetHeight
 .text.PaintSetHeight
                0x0000000000005eae        0x4 app/libapp.a(epdpaint.c.obj)
                0x0000000000005eae                PaintSetHeight
 .text.PaintGetImage
                0x0000000000005eb2        0x4 app/libapp.a(epdpaint.c.obj)
                0x0000000000005eb2                PaintGetImage
 .text.PaintDrawAbsolutePixel
                0x0000000000005eb6       0x2e app/libapp.a(epdpaint.c.obj)
                0x0000000000005eb6                PaintDrawAbsolutePixel
 .text.PaintClear
                0x0000000000005ee4       0x28 app/libapp.a(epdpaint.c.obj)
                0x0000000000005ee4                PaintClear
 .text.PaintDrawPixel
                0x0000000000005f0c       0x8a app/libapp.a(epdpaint.c.obj)
                0x0000000000005f0c                PaintDrawPixel
 .text.PaintDrawCharAt
                0x0000000000005f96       0x76 app/libapp.a(epdpaint.c.obj)
                0x0000000000005f96                PaintDrawCharAt
 .text.PaintDrawStringAt
                0x000000000000600c       0x32 app/libapp.a(epdpaint.c.obj)
                0x000000000000600c                PaintDrawStringAt
 .text.arch_printk_char_out
                0x000000000000603e        0x4 zephyr/libzephyr.a(printk.c.obj)
                0x000000000000603e                arch_printk_char_out
 .text.printk   0x0000000000006042       0x1a zephyr/libzephyr.a(printk.c.obj)
                0x0000000000006042                printk
 .text.chunk_size
                0x000000000000605c        0xa zephyr/libzephyr.a(heap.c.obj)
 .text.free_list_add
                0x0000000000006066       0x4e zephyr/libzephyr.a(heap.c.obj)
 .text.sys_heap_init
                0x00000000000060b4       0x7a zephyr/libzephyr.a(heap.c.obj)
                0x00000000000060b4                sys_heap_init
 .text.process_recheck
                0x000000000000612e       0x38 zephyr/libzephyr.a(onoff.c.obj)
 .text.validate_args
                0x0000000000006166       0x20 zephyr/libzephyr.a(onoff.c.obj)
 .text.notify_one
                0x0000000000006186       0x2c zephyr/libzephyr.a(onoff.c.obj)
 .text.transition_complete
                0x00000000000061b2       0x1c zephyr/libzephyr.a(onoff.c.obj)
 .text.onoff_manager_init
                0x00000000000061ce       0x26 zephyr/libzephyr.a(onoff.c.obj)
                0x00000000000061ce                onoff_manager_init
 .text.onoff_request
                0x00000000000061f4       0xb0 zephyr/libzephyr.a(onoff.c.obj)
                0x00000000000061f4                onoff_request
 .text.onoff_release
                0x00000000000062a4       0x4a zephyr/libzephyr.a(onoff.c.obj)
                0x00000000000062a4                onoff_release
 .text.sys_notify_validate
                0x00000000000062ee       0x22 zephyr/libzephyr.a(notify.c.obj)
                0x00000000000062ee                sys_notify_validate
 .text.sys_notify_finalize
                0x0000000000006310       0x1a zephyr/libzephyr.a(notify.c.obj)
                0x0000000000006310                sys_notify_finalize
 .text._ConfigAbsSyms
                0x000000000000632a        0x2 zephyr/libzephyr.a(configs.c.obj)
                0x000000000000632a                _ConfigAbsSyms
 .text.sys_trace_isr_enter
                0x000000000000632c        0x2 zephyr/libzephyr.a(tracing_none.c.obj)
                0x000000000000632c                sys_trace_isr_enter
 .text.sys_trace_isr_exit
                0x000000000000632e        0x2 zephyr/libzephyr.a(tracing_none.c.obj)
                0x000000000000632e                sys_trace_isr_exit
 .text.sys_trace_idle
                0x0000000000006330        0x2 zephyr/libzephyr.a(tracing_none.c.obj)
                0x0000000000006330                sys_trace_idle
 .text.z_arm_fatal_error
                0x0000000000006332        0x4 zephyr/arch/arch/arm/core/libarch__arm__core.a(fatal.c.obj)
                0x0000000000006332                z_arm_fatal_error
 .text.z_do_kernel_oops
                0x0000000000006336        0x8 zephyr/arch/arch/arm/core/libarch__arm__core.a(fatal.c.obj)
                0x0000000000006336                z_do_kernel_oops
 .text.z_arm_nmi
                0x000000000000633e        0xe zephyr/arch/arch/arm/core/libarch__arm__core.a(nmi.c.obj)
                0x000000000000633e                z_arm_nmi
 .text.z_irq_spurious
                0x000000000000634c        0x8 zephyr/arch/arch/arm/core/cortex_m/libarch__arm__core__cortex_m.a(irq_manage.c.obj)
                0x000000000000634c                z_irq_spurious
 .text.size_to_mpu_rasr_size
                0x0000000000006354       0x20 zephyr/arch/arch/arm/core/mpu/libarch__arm__core__mpu.a(arm_mpu.c.obj)
 .text.mpu_configure_regions
                0x0000000000006374       0x5c zephyr/arch/arch/arm/core/mpu/libarch__arm__core__mpu.a(arm_mpu.c.obj)
 .text.picolibc_put
                0x00000000000063d0        0xa zephyr/lib/libc/picolibc/liblib__libc__picolibc.a(libc-hooks.c.obj)
 .text.adc_context_on_timer_expired
                0x00000000000063da       0x2e zephyr/drivers/adc/libdrivers__adc.a(adc_nrfx_saadc.c.obj)
 .text.get_status
                0x0000000000006408       0x12 zephyr/drivers/clock_control/libdrivers__clock_control.a(clock_control_nrf.c.obj)
 .text.set_on_state
                0x000000000000641a       0x26 zephyr/drivers/clock_control/libdrivers__clock_control.a(clock_control_nrf.c.obj)
 .text.stop     0x0000000000006440       0x54 zephyr/drivers/clock_control/libdrivers__clock_control.a(clock_control_nrf.c.obj)
 .text.api_stop
                0x0000000000006494        0x6 zephyr/drivers/clock_control/libdrivers__clock_control.a(clock_control_nrf.c.obj)
 .text.async_start
                0x000000000000649a       0x5e zephyr/drivers/clock_control/libdrivers__clock_control.a(clock_control_nrf.c.obj)
 .text.api_start
                0x00000000000064f8        0xe zephyr/drivers/clock_control/libdrivers__clock_control.a(clock_control_nrf.c.obj)
 .text.onoff_started_callback
                0x0000000000006506       0x12 zephyr/drivers/clock_control/libdrivers__clock_control.a(clock_control_nrf.c.obj)
 .text.lfclk_start
                0x0000000000006518        0x6 zephyr/drivers/clock_control/libdrivers__clock_control.a(clock_control_nrf.c.obj)
 .text.blocking_start_callback
                0x000000000000651e        0x6 zephyr/drivers/clock_control/libdrivers__clock_control.a(clock_control_nrf.c.obj)
 .text.lfclk_stop
                0x0000000000006524       0x10 zephyr/drivers/clock_control/libdrivers__clock_control.a(clock_control_nrf.c.obj)
 .text.timeout_handler
                0x0000000000006534        0x4 zephyr/drivers/clock_control/libdrivers__clock_control.a(nrf_clock_calibration.c.obj)
 .text.gpio_nrfx_port_get_raw
                0x0000000000006538        0xe zephyr/drivers/gpio/libdrivers__gpio.a(gpio_nrfx.c.obj)
 .text.gpio_nrfx_port_set_masked_raw
                0x0000000000006546       0x18 zephyr/drivers/gpio/libdrivers__gpio.a(gpio_nrfx.c.obj)
 .text.gpio_nrfx_port_set_bits_raw
                0x000000000000655e        0xc zephyr/drivers/gpio/libdrivers__gpio.a(gpio_nrfx.c.obj)
 .text.gpio_nrfx_port_clear_bits_raw
                0x000000000000656a        0xc zephyr/drivers/gpio/libdrivers__gpio.a(gpio_nrfx.c.obj)
 .text.gpio_nrfx_port_toggle_bits
                0x0000000000006576       0x1a zephyr/drivers/gpio/libdrivers__gpio.a(gpio_nrfx.c.obj)
 .text.gpio_nrfx_manage_callback
                0x0000000000006590       0x52 zephyr/drivers/gpio/libdrivers__gpio.a(gpio_nrfx.c.obj)
 .text.pinctrl_lookup_state
                0x00000000000065e2       0x26 zephyr/drivers/pinctrl/libdrivers__pinctrl.a(common.c.obj)
                0x00000000000065e2                pinctrl_lookup_state
 .text.bme280_reg_write.isra.0
                0x0000000000006608        0x6 zephyr/drivers/sensor/bme280/libdrivers__sensor__bme280.a(bme280.c.obj)
 .text.bme280_reg_read.isra.0
                0x000000000000660e        0xc zephyr/drivers/sensor/bme280/libdrivers__sensor__bme280.a(bme280.c.obj)
 .text.bme280_wait_until_ready
                0x000000000000661a       0x32 zephyr/drivers/sensor/bme280/libdrivers__sensor__bme280.a(bme280.c.obj)
 .text.bme280_sample_fetch
                0x000000000000664c      0x236 zephyr/drivers/sensor/bme280/libdrivers__sensor__bme280.a(bme280.c.obj)
 .text.bme280_reg_write_spi
                0x0000000000006882       0x34 zephyr/drivers/sensor/bme280/libdrivers__sensor__bme280.a(bme280_spi.c.obj)
 .text.bme280_bus_check_spi
                0x00000000000068b6       0x22 zephyr/drivers/sensor/bme280/libdrivers__sensor__bme280.a(bme280_spi.c.obj)
 .text.bme280_reg_read_spi
                0x00000000000068d8       0x66 zephyr/drivers/sensor/bme280/libdrivers__sensor__bme280.a(bme280_spi.c.obj)
 .text.uarte_nrfx_err_check
                0x000000000000693e        0xe zephyr/drivers/serial/libdrivers__serial.a(uart_nrfx_uarte.c.obj)
 .text.tx_start
                0x000000000000694c       0x3e zephyr/drivers/serial/libdrivers__serial.a(uart_nrfx_uarte.c.obj)
 .text.uarte_nrfx_poll_in
                0x000000000000698a       0x28 zephyr/drivers/serial/libdrivers__serial.a(uart_nrfx_uarte.c.obj)
 .text.uarte_nrfx_fifo_read
                0x00000000000069b2       0x2e zephyr/drivers/serial/libdrivers__serial.a(uart_nrfx_uarte.c.obj)
 .text.uarte_nrfx_irq_tx_enable
                0x00000000000069e0       0x2e zephyr/drivers/serial/libdrivers__serial.a(uart_nrfx_uarte.c.obj)
 .text.uarte_nrfx_irq_tx_disable
                0x0000000000006a0e        0xa zephyr/drivers/serial/libdrivers__serial.a(uart_nrfx_uarte.c.obj)
 .text.uarte_nrfx_irq_tx_ready_complete
                0x0000000000006a18       0x2a zephyr/drivers/serial/libdrivers__serial.a(uart_nrfx_uarte.c.obj)
 .text.uarte_nrfx_irq_rx_ready
                0x0000000000006a42       0x10 zephyr/drivers/serial/libdrivers__serial.a(uart_nrfx_uarte.c.obj)
 .text.uarte_nrfx_irq_rx_enable
                0x0000000000006a52        0xc zephyr/drivers/serial/libdrivers__serial.a(uart_nrfx_uarte.c.obj)
 .text.uarte_nrfx_irq_rx_disable
                0x0000000000006a5e        0xc zephyr/drivers/serial/libdrivers__serial.a(uart_nrfx_uarte.c.obj)
 .text.uarte_nrfx_irq_err_enable
                0x0000000000006a6a        0xe zephyr/drivers/serial/libdrivers__serial.a(uart_nrfx_uarte.c.obj)
 .text.uarte_nrfx_irq_err_disable
                0x0000000000006a78        0xe zephyr/drivers/serial/libdrivers__serial.a(uart_nrfx_uarte.c.obj)
 .text.uarte_nrfx_irq_is_pending
                0x0000000000006a86       0x36 zephyr/drivers/serial/libdrivers__serial.a(uart_nrfx_uarte.c.obj)
 .text.uarte_nrfx_irq_update
                0x0000000000006abc        0x4 zephyr/drivers/serial/libdrivers__serial.a(uart_nrfx_uarte.c.obj)
 .text.uarte_nrfx_irq_callback_set
                0x0000000000006ac0        0xc zephyr/drivers/serial/libdrivers__serial.a(uart_nrfx_uarte.c.obj)
 .text.is_tx_ready.isra.0
                0x0000000000006acc       0x20 zephyr/drivers/serial/libdrivers__serial.a(uart_nrfx_uarte.c.obj)
 .text.uarte_nrfx_fifo_fill
                0x0000000000006aec       0x78 zephyr/drivers/serial/libdrivers__serial.a(uart_nrfx_uarte.c.obj)
 .text.uarte_nrfx_isr_int
                0x0000000000006b64       0xc0 zephyr/drivers/serial/libdrivers__serial.a(uart_nrfx_uarte.c.obj)
 .text.irq_connect1
                0x0000000000006c24        0xa zephyr/drivers/spi/libdrivers__spi.a(spi_nrfx_spim.c.obj)
 .text.irq_connect3
                0x0000000000006c2e        0xa zephyr/drivers/spi/libdrivers__spi.a(spi_nrfx_spim.c.obj)
 .text.spi_context_get_next_buf.constprop.0
                0x0000000000006c38       0x26 zephyr/drivers/spi/libdrivers__spi.a(spi_nrfx_spim.c.obj)
 .text.gpio_pin_set_dt.isra.0
                0x0000000000006c5e       0x28 zephyr/drivers/spi/libdrivers__spi.a(spi_nrfx_spim.c.obj)
 .text.spi_context_unlock_unconditionally
                0x0000000000006c86       0x30 zephyr/drivers/spi/libdrivers__spi.a(spi_nrfx_spim.c.obj)
 .text.spi_nrfx_release
                0x0000000000006cb6       0x24 zephyr/drivers/spi/libdrivers__spi.a(spi_nrfx_spim.c.obj)
 .text.spi_nrfx_init
                0x0000000000006cda       0xc6 zephyr/drivers/spi/libdrivers__spi.a(spi_nrfx_spim.c.obj)
 .text.event_handler
                0x0000000000006da0       0xba zephyr/drivers/spi/libdrivers__spi.a(spi_nrfx_spim.c.obj)
 .text.spi_nrfx_wake_request
                0x0000000000006e5a       0x50 zephyr/drivers/spi/libdrivers__spi.a(spi_nrfx_common.c.obj)
                0x0000000000006e5a                spi_nrfx_wake_request
 .text.event_clear
                0x0000000000006eaa       0x18 zephyr/drivers/timer/libdrivers__timer.a(nrf_rtc_timer.c.obj)
 .text.sys_clock_cycle_get_32
                0x0000000000006ec2        0x8 zephyr/drivers/timer/libdrivers__timer.a(nrf_rtc_timer.c.obj)
                0x0000000000006ec2                sys_clock_cycle_get_32
 .text.k_sys_fatal_error_handler
                0x0000000000006eca        0x8 modules/nrf/lib/fatal_error/lib..__nrf__lib__fatal_error.a(fatal_error.c.obj)
                0x0000000000006eca                k_sys_fatal_error_handler
 .text.nrfx_isr
                0x0000000000006ed2        0x2 modules/hal_nordic/nrfx/libmodules__hal_nordic__nrfx.a(nrfx_glue.c.obj)
                0x0000000000006ed2                nrfx_isr
 .text.nrfx_busy_wait
                0x0000000000006ed4        0x4 modules/hal_nordic/nrfx/libmodules__hal_nordic__nrfx.a(nrfx_glue.c.obj)
                0x0000000000006ed4                nrfx_busy_wait
 .text.nrfx_gppi_channel_endpoints_setup
                0x0000000000006ed8       0x14 modules/hal_nordic/nrfx/libmodules__hal_nordic__nrfx.a(nrfx_gppi_ppi.c.obj)
                0x0000000000006ed8                nrfx_gppi_channel_endpoints_setup
 .text.clock_stop
                0x0000000000006eec       0xb4 modules/hal_nordic/nrfx/libmodules__hal_nordic__nrfx.a(nrfx_clock.c.obj)
 .text.nrfx_clock_stop
                0x0000000000006fa0        0x4 modules/hal_nordic/nrfx/libmodules__hal_nordic__nrfx.a(nrfx_clock.c.obj)
                0x0000000000006fa0                nrfx_clock_stop
 .text.nrf_gpio_reconfigure
                0x0000000000006fa4       0x92 modules/hal_nordic/nrfx/libmodules__hal_nordic__nrfx.a(nrfx_gpiote.c.obj)
 .text.nrf_gpio_cfg_sense_set
                0x0000000000007036       0x1e modules/hal_nordic/nrfx/libmodules__hal_nordic__nrfx.a(nrfx_gpiote.c.obj)
 .text.pin_in_event_get.isra.0
                0x0000000000007054       0x22 modules/hal_nordic/nrfx/libmodules__hal_nordic__nrfx.a(nrfx_gpiote.c.obj)
 .text.pin_trigger_disable
                0x0000000000007076       0x48 modules/hal_nordic/nrfx/libmodules__hal_nordic__nrfx.a(nrfx_gpiote.c.obj)
 .text.nrfx_gpiote_pin_uninit
                0x00000000000070be        0x4 modules/hal_nordic/nrfx/libmodules__hal_nordic__nrfx.a(nrfx_gpiote.c.obj)
                0x00000000000070be                nrfx_gpiote_pin_uninit
 .text.nrfx_gpiote_trigger_disable
                0x00000000000070c2        0x4 modules/hal_nordic/nrfx/libmodules__hal_nordic__nrfx.a(nrfx_gpiote.c.obj)
                0x00000000000070c2                nrfx_gpiote_trigger_disable
 .text.nrfx_gpiote_in_event_get
                0x00000000000070c6        0x6 modules/hal_nordic/nrfx/libmodules__hal_nordic__nrfx.a(nrfx_gpiote.c.obj)
                0x00000000000070c6                nrfx_gpiote_in_event_get
 .text.__nrfy_internal_spim_event_handle
                0x00000000000070cc       0x2a modules/hal_nordic/nrfx/libmodules__hal_nordic__nrfx.a(nrfx_spim.c.obj)
 .text.__nrfy_internal_spim_events_process
                0x00000000000070f6       0x7c modules/hal_nordic/nrfx/libmodules__hal_nordic__nrfx.a(nrfx_spim.c.obj)
 .text.nrf_gpio_pin_set
                0x0000000000007172       0x1a modules/hal_nordic/nrfx/libmodules__hal_nordic__nrfx.a(nrfx_spim.c.obj)
 .text.nrf_gpio_pin_clear
                0x000000000000718c       0x1a modules/hal_nordic/nrfx/libmodules__hal_nordic__nrfx.a(nrfx_spim.c.obj)
 .text.spim_abort
                0x00000000000071a6       0x2c modules/hal_nordic/nrfx/libmodules__hal_nordic__nrfx.a(nrfx_spim.c.obj)
 .text.irq_handler
                0x00000000000071d2       0x46 modules/hal_nordic/nrfx/libmodules__hal_nordic__nrfx.a(nrfx_spim.c.obj)
 .text.SEGGER_RTT_Init
                0x0000000000007218        0x4 modules/segger/libmodules__segger.a(SEGGER_RTT.c.obj)
                0x0000000000007218                SEGGER_RTT_Init
 .text.rtt_init
                0x000000000000721c        0xa modules/segger/libmodules__segger.a(SEGGER_RTT_zephyr.c.obj)
 .text.z_impl_k_busy_wait
                0x0000000000007226        0x8 zephyr/kernel/libkernel.a(busy_wait.c.obj)
                0x0000000000007226                z_impl_k_busy_wait
 .text.z_device_state_init
                0x000000000000722e        0x2 zephyr/kernel/libkernel.a(device.c.obj)
                0x000000000000722e                z_device_state_init
 .text.z_device_is_ready
                0x0000000000007230       0x16 zephyr/kernel/libkernel.a(device.c.obj)
                0x0000000000007230                z_device_is_ready
 .text.z_early_memset
                0x0000000000007246        0x4 zephyr/kernel/libkernel.a(init.c.obj)
                0x0000000000007246                z_early_memset
 .text.z_early_memcpy
                0x000000000000724a        0x4 zephyr/kernel/libkernel.a(init.c.obj)
                0x000000000000724a                z_early_memcpy
 .text.k_is_in_isr
                0x000000000000724e        0xc zephyr/kernel/libkernel.a(thread.c.obj)
                0x000000000000724e                k_is_in_isr
 .text.z_impl_k_thread_start
                0x000000000000725a        0x4 zephyr/kernel/libkernel.a(thread.c.obj)
                0x000000000000725a                z_impl_k_thread_start
 .text.z_thread_mark_switched_in
                0x000000000000725e        0x2 zephyr/kernel/libkernel.a(thread.c.obj)
                0x000000000000725e                z_thread_mark_switched_in
 .text.z_thread_mark_switched_out
                0x0000000000007260        0x2 zephyr/kernel/libkernel.a(thread.c.obj)
                0x0000000000007260                z_thread_mark_switched_out
 .text.idle     0x0000000000007262       0x18 zephyr/kernel/libkernel.a(idle.c.obj)
                0x0000000000007262                idle
 .text.adjust_owner_prio.isra.0
                0x000000000000727a       0x10 zephyr/kernel/libkernel.a(mutex.c.obj)
 .text.z_impl_k_mutex_init
                0x000000000000728a        0xe zephyr/kernel/libkernel.a(mutex.c.obj)
                0x000000000000728a                z_impl_k_mutex_init
 .text.z_impl_k_sem_init
                0x0000000000007298       0x18 zephyr/kernel/libkernel.a(sem.c.obj)
                0x0000000000007298                z_impl_k_sem_init
 .text.flag_test_and_clear
                0x00000000000072b0       0x16 zephyr/kernel/libkernel.a(work.c.obj)
 .text.notify_queue_locked.isra.0
                0x00000000000072c6        0xe zephyr/kernel/libkernel.a(work.c.obj)
 .text.z_work_submit_to_queue
                0x00000000000072d4       0x28 zephyr/kernel/libkernel.a(work.c.obj)
                0x00000000000072d4                z_work_submit_to_queue
 .text.k_work_submit_to_queue
                0x00000000000072fc       0x22 zephyr/kernel/libkernel.a(work.c.obj)
                0x00000000000072fc                k_work_submit_to_queue
 .text.sys_dlist_remove
                0x000000000000731e       0x10 zephyr/kernel/libkernel.a(sched.c.obj)
 .text.unpend_thread_no_timeout
                0x000000000000732e       0x14 zephyr/kernel/libkernel.a(sched.c.obj)
 .text.add_to_waitq_locked
                0x0000000000007342       0x50 zephyr/kernel/libkernel.a(sched.c.obj)
 .text.z_ready_thread
                0x0000000000007392       0x20 zephyr/kernel/libkernel.a(sched.c.obj)
                0x0000000000007392                z_ready_thread
 .text.z_impl_k_thread_suspend
                0x00000000000073b2       0x36 zephyr/kernel/libkernel.a(sched.c.obj)
                0x00000000000073b2                z_impl_k_thread_suspend
 .text.z_unpend_thread_no_timeout
                0x00000000000073e8       0x24 zephyr/kernel/libkernel.a(sched.c.obj)
                0x00000000000073e8                z_unpend_thread_no_timeout
 .text.z_sched_wake_thread
                0x000000000000740c       0x44 zephyr/kernel/libkernel.a(sched.c.obj)
                0x000000000000740c                z_sched_wake_thread
 .text.z_thread_timeout
                0x0000000000007450        0x8 zephyr/kernel/libkernel.a(sched.c.obj)
                0x0000000000007450                z_thread_timeout
 .text.z_unpend1_no_timeout
                0x0000000000007458       0x2e zephyr/kernel/libkernel.a(sched.c.obj)
                0x0000000000007458                z_unpend1_no_timeout
 .text.z_unpend_first_thread
                0x0000000000007486       0x38 zephyr/kernel/libkernel.a(sched.c.obj)
                0x0000000000007486                z_unpend_first_thread
 .text.z_reschedule_irqlock
                0x00000000000074be       0x18 zephyr/kernel/libkernel.a(sched.c.obj)
                0x00000000000074be                z_reschedule_irqlock
 .text.z_reschedule_unlocked
                0x00000000000074d6       0x14 zephyr/kernel/libkernel.a(sched.c.obj)
 .text.z_thread_abort
                0x00000000000074ea       0x42 zephyr/kernel/libkernel.a(sched.c.obj)
                0x00000000000074ea                z_thread_abort
 .text.z_sched_wake
                0x000000000000752c       0x48 zephyr/kernel/libkernel.a(sched.c.obj)
                0x000000000000752c                z_sched_wake
 .text.z_abort_timeout
                0x0000000000007574       0x2c zephyr/kernel/libkernel.a(timeout.c.obj)
                0x0000000000007574                z_abort_timeout
 .text.sys_clock_tick_get_32
                0x00000000000075a0        0x8 zephyr/kernel/libkernel.a(timeout.c.obj)
                0x00000000000075a0                sys_clock_tick_get_32
 .text.z_impl_k_uptime_ticks
                0x00000000000075a8        0x4 zephyr/kernel/libkernel.a(timeout.c.obj)
                0x00000000000075a8                z_impl_k_uptime_ticks
 .text.z_impl_k_timer_stop
                0x00000000000075ac       0x3a zephyr/kernel/libkernel.a(timer.c.obj)
                0x00000000000075ac                z_impl_k_timer_stop
 .text.strncpy  0x00000000000075e6       0x20 d:\aplikacje\nrf\toolchains\cf2149caf2\opt\zephyr-sdk\arm-zephyr-eabi\bin\../lib/gcc/../../picolibc/arm-zephyr-eabi/lib/thumb/v7e-m/nofp\libc.a(libc_string_strncpy.c.o)
                0x00000000000075e6                strncpy
 .text.strnlen  0x0000000000007606       0x18 d:\aplikacje\nrf\toolchains\cf2149caf2\opt\zephyr-sdk\arm-zephyr-eabi\bin\../lib/gcc/../../picolibc/arm-zephyr-eabi/lib/thumb/v7e-m/nofp\libc.a(libc_string_strnlen.c.o)
                0x0000000000007606                strnlen
 .text.__ultoa_invert
                0x000000000000761e       0xae d:\aplikacje\nrf\toolchains\cf2149caf2\opt\zephyr-sdk\arm-zephyr-eabi\bin\../lib/gcc/../../picolibc/arm-zephyr-eabi/lib/thumb/v7e-m/nofp\libc.a(libc_tinystdio_vflprintf.c.o)
 .text.memcpy   0x00000000000076cc       0x1c d:\aplikacje\nrf\toolchains\cf2149caf2\opt\zephyr-sdk\arm-zephyr-eabi\bin\../lib/gcc/../../picolibc/arm-zephyr-eabi/lib/thumb/v7e-m/nofp\libc.a(memcpy.c.o)
                0x00000000000076cc                __aeabi_memcpy
                0x00000000000076cc                __aeabi_memcpy4
                0x00000000000076cc                __aeabi_memcpy8
                0x00000000000076cc                memcpy
 .text.memset   0x00000000000076e8       0x10 d:\aplikacje\nrf\toolchains\cf2149caf2\opt\zephyr-sdk\arm-zephyr-eabi\bin\../lib/gcc/../../picolibc/arm-zephyr-eabi/lib/thumb/v7e-m/nofp\libc.a(memset.c.o)
                0x00000000000076e8                memset
 *(SORT_BY_ALIGNMENT(.TEXT.*))
 .TEXT.__aeabi_read_tp
                0x00000000000076f8        0xc zephyr/arch/arch/arm/core/cortex_m/libarch__arm__core__cortex_m.a(__aeabi_read_tp.S.obj)
                0x00000000000076f8                __aeabi_read_tp
 *(SORT_BY_ALIGNMENT(.gnu.linkonce.t.*))
 *(SORT_BY_ALIGNMENT(.glue_7t))
 .glue_7t       0x0000000000007704        0x0 linker stubs
 *(SORT_BY_ALIGNMENT(.glue_7))
 .glue_7        0x0000000000007704        0x0 linker stubs
 *(SORT_BY_ALIGNMENT(.vfp11_veneer))
 .vfp11_veneer  0x0000000000007704        0x0 linker stubs
 *(SORT_BY_ALIGNMENT(.v4_bx))
 .v4_bx         0x0000000000007704        0x0 linker stubs
                0x0000000000007704                . = ALIGN (0x4)
                0x0000000000007704                __text_region_end = .

.ARM.exidx      0x0000000000007704        0x8
                0x0000000000007704                __exidx_start = .
 *(SORT_BY_ALIGNMENT(.ARM.exidx*) SORT_BY_ALIGNMENT(gnu.linkonce.armexidx.*))
 .ARM.exidx     0x0000000000007704        0x8 d:/aplikacje/nrf/toolchains/cf2149caf2/opt/zephyr-sdk/arm-zephyr-eabi/bin/../lib/gcc/arm-zephyr-eabi/12.2.0/thumb/v7e-m/nofp\libgcc.a(_udivmoddi4.o)
                0x000000000000770c                __exidx_end = .
                0x000000000000770c                __rodata_region_start = .

initlevel       0x000000000000770c       0x78
                0x000000000000770c                __init_start = .
                0x000000000000770c                __init_EARLY_start = .
 *(SORT_BY_NAME(SORT_BY_ALIGNMENT(.z_init_EARLY?_*)))
 *(SORT_BY_NAME(SORT_BY_ALIGNMENT(.z_init_EARLY??_*)))
                0x000000000000770c                __init_PRE_KERNEL_1_start = .
 *(SORT_BY_NAME(SORT_BY_ALIGNMENT(.z_init_PRE_KERNEL_1?_*)))
 .z_init_PRE_KERNEL_10_0_
                0x000000000000770c        0x8 zephyr/soc/soc/arm/nordic_nrf/libsoc__arm__nordic_nrf.a(soc.c.obj)
 *(SORT_BY_NAME(SORT_BY_ALIGNMENT(.z_init_PRE_KERNEL_1??_*)))
 .z_init_PRE_KERNEL_130_00072_
                0x0000000000007714        0x8 zephyr/drivers/clock_control/libdrivers__clock_control.a(clock_control_nrf.c.obj)
 .z_init_PRE_KERNEL_130_0_
                0x000000000000771c        0x8 modules/segger/libmodules__segger.a(SEGGER_RTT_zephyr.c.obj)
 .z_init_PRE_KERNEL_140_00010_
                0x0000000000007724        0x8 zephyr/drivers/gpio/libdrivers__gpio.a(gpio_nrfx.c.obj)
 .z_init_PRE_KERNEL_140_00019_
                0x000000000000772c        0x8 zephyr/drivers/gpio/libdrivers__gpio.a(gpio_nrfx.c.obj)
 .z_init_PRE_KERNEL_155_00107_
                0x0000000000007734        0x8 zephyr/drivers/serial/libdrivers__serial.a(uart_nrfx_uarte.c.obj)
 .z_init_PRE_KERNEL_160_0_
                0x000000000000773c        0x8 zephyr/drivers/console/libdrivers__console.a(uart_console.c.obj)
                0x0000000000007744                __init_PRE_KERNEL_2_start = .
 *(SORT_BY_NAME(SORT_BY_ALIGNMENT(.z_init_PRE_KERNEL_2?_*)))
 .z_init_PRE_KERNEL_20_0_
                0x0000000000007744        0x8 zephyr/drivers/timer/libdrivers__timer.a(nrf_rtc_timer.c.obj)
 *(SORT_BY_NAME(SORT_BY_ALIGNMENT(.z_init_PRE_KERNEL_2??_*)))
                0x000000000000774c                __init_POST_KERNEL_start = .
 *(SORT_BY_NAME(SORT_BY_ALIGNMENT(.z_init_POST_KERNEL?_*)))
 *(SORT_BY_NAME(SORT_BY_ALIGNMENT(.z_init_POST_KERNEL??_*)))
 .z_init_POST_KERNEL40_0_
                0x000000000000774c        0x8 zephyr/lib/libc/common/liblib__libc__common.a(malloc.c.obj)
 .z_init_POST_KERNEL40_0_
                0x0000000000007754        0x8 zephyr/kernel/libkernel.a(system_work_q.c.obj)
 .z_init_POST_KERNEL50_00070_
                0x000000000000775c        0x8 zephyr/drivers/adc/libdrivers__adc.a(adc_nrfx_saadc.c.obj)
 .z_init_POST_KERNEL70_00100_
                0x0000000000007764        0x8 zephyr/drivers/spi/libdrivers__spi.a(spi_nrfx_spim.c.obj)
 .z_init_POST_KERNEL70_00124_
                0x000000000000776c        0x8 zephyr/drivers/spi/libdrivers__spi.a(spi_nrfx_spim.c.obj)
 .z_init_POST_KERNEL90_00101_
                0x0000000000007774        0x8 zephyr/drivers/sensor/nrf5/libdrivers__sensor__nrf5.a(temp_nrf5.c.obj)
 .z_init_POST_KERNEL90_00125_
                0x000000000000777c        0x8 zephyr/drivers/sensor/bme280/libdrivers__sensor__bme280.a(bme280.c.obj)
                0x0000000000007784                __init_APPLICATION_start = .
 *(SORT_BY_NAME(SORT_BY_ALIGNMENT(.z_init_APPLICATION?_*)))
 *(SORT_BY_NAME(SORT_BY_ALIGNMENT(.z_init_APPLICATION??_*)))
                0x0000000000007784                __init_SMP_start = .
 *(SORT_BY_NAME(SORT_BY_ALIGNMENT(.z_init_SMP?_*)))
 *(SORT_BY_NAME(SORT_BY_ALIGNMENT(.z_init_SMP??_*)))
                0x0000000000007784                __init_end = .

device_area     0x0000000000007784       0xb4
                0x0000000000007784                _device_list_start = .
 *(SORT_BY_NAME(SORT_BY_ALIGNMENT(._device.static.*_?_*)))
 *(SORT_BY_NAME(SORT_BY_ALIGNMENT(._device.static.*_??_*)))
 ._device.static.1_30_
                0x0000000000007784       0x14 zephyr/drivers/clock_control/libdrivers__clock_control.a(clock_control_nrf.c.obj)
                0x0000000000007784                __device_dts_ord_72
 ._device.static.1_40_
                0x0000000000007798       0x28 zephyr/drivers/gpio/libdrivers__gpio.a(gpio_nrfx.c.obj)
                0x0000000000007798                __device_dts_ord_19
                0x00000000000077ac                __device_dts_ord_10
 ._device.static.1_55_
                0x00000000000077c0       0x14 zephyr/drivers/serial/libdrivers__serial.a(uart_nrfx_uarte.c.obj)
                0x00000000000077c0                __device_dts_ord_107
 ._device.static.3_50_
                0x00000000000077d4       0x14 zephyr/drivers/adc/libdrivers__adc.a(adc_nrfx_saadc.c.obj)
                0x00000000000077d4                __device_dts_ord_70
 ._device.static.3_70_
                0x00000000000077e8       0x28 zephyr/drivers/spi/libdrivers__spi.a(spi_nrfx_spim.c.obj)
                0x00000000000077e8                __device_dts_ord_100
                0x00000000000077fc                __device_dts_ord_124
 ._device.static.3_90_
                0x0000000000007810       0x14 zephyr/drivers/sensor/bme280/libdrivers__sensor__bme280.a(bme280.c.obj)
                0x0000000000007810                __device_dts_ord_125
 ._device.static.3_90_
                0x0000000000007824       0x14 zephyr/drivers/sensor/nrf5/libdrivers__sensor__nrf5.a(temp_nrf5.c.obj)
                0x0000000000007824                __device_dts_ord_101
                0x0000000000007838                _device_list_end = .

sw_isr_table    0x0000000000007838      0x180
                0x0000000000007838                . = ALIGN (0x4)
 *(SORT_BY_ALIGNMENT(.gnu.linkonce.sw_isr_table*))
 .gnu.linkonce.sw_isr_table
                0x0000000000007838      0x180 zephyr/arch/common/libisr_tables.a(isr_tables.c.obj)
                0x0000000000007838                _sw_isr_table

initlevel_error
                0x000000000000770c        0x0
 *(SORT_BY_NAME(SORT_BY_ALIGNMENT(.z_init_[_A-Z0-9]*)))
                0x0000000000000001                ASSERT ((SIZEOF (initlevel_error) == 0x0), Undefined initialization levels used.)

app_shmem_regions
                0x00000000000079b8        0x0
                0x00000000000079b8                __app_shmem_regions_start = .
 *(SORT_BY_NAME(SORT_BY_ALIGNMENT(.app_regions.*)))
                0x00000000000079b8                __app_shmem_regions_end = .

k_p4wq_initparam_area
                0x00000000000079b8        0x0
                0x00000000000079b8                _k_p4wq_initparam_list_start = .
 *(SORT_BY_NAME(SORT_BY_ALIGNMENT(._k_p4wq_initparam.static.*)))
                0x00000000000079b8                _k_p4wq_initparam_list_end = .

_static_thread_data_area
                0x00000000000079b8        0x0
                0x00000000000079b8                __static_thread_data_list_start = .
 *(SORT_BY_NAME(SORT_BY_ALIGNMENT(.__static_thread_data.static.*)))
                0x00000000000079b8                __static_thread_data_list_end = .

device_deps     0x00000000000079b8        0x0
                0x00000000000079b8                __device_deps_start = .
 *(SORT_BY_NAME(SORT_BY_ALIGNMENT(.__device_deps_pass2*)))
                0x00000000000079b8                __device_deps_end = .

ztest           0x00000000000079b8        0x0
                0x00000000000079b8                _ztest_expected_result_entry_list_start = .
 *(SORT_BY_NAME(SORT_BY_ALIGNMENT(._ztest_expected_result_entry.static.*)))
                0x00000000000079b8                _ztest_expected_result_entry_list_end = .
                0x00000000000079b8                _ztest_suite_node_list_start = .
 *(SORT_BY_NAME(SORT_BY_ALIGNMENT(._ztest_suite_node.static.*)))
                0x00000000000079b8                _ztest_suite_node_list_end = .
                0x00000000000079b8                _ztest_unit_test_list_start = .
 *(SORT_BY_NAME(SORT_BY_ALIGNMENT(._ztest_unit_test.static.*)))
                0x00000000000079b8                _ztest_unit_test_list_end = .
                0x00000000000079b8                _ztest_test_rule_list_start = .
 *(SORT_BY_NAME(SORT_BY_ALIGNMENT(._ztest_test_rule.static.*)))
                0x00000000000079b8                _ztest_test_rule_list_end = .

bt_l2cap_fixed_chan_area
                0x00000000000079b8        0x0
                0x00000000000079b8                _bt_l2cap_fixed_chan_list_start = .
 *(SORT_BY_NAME(SORT_BY_ALIGNMENT(._bt_l2cap_fixed_chan.static.*)))
                0x00000000000079b8                _bt_l2cap_fixed_chan_list_end = .

bt_gatt_service_static_area
                0x00000000000079b8        0x0
                0x00000000000079b8                _bt_gatt_service_static_list_start = .
 *(SORT_BY_NAME(SORT_BY_ALIGNMENT(._bt_gatt_service_static.static.*)))
                0x00000000000079b8                _bt_gatt_service_static_list_end = .

log_strings_area
                0x00000000000079b8        0x0
                0x00000000000079b8                _log_strings_list_start = .
 *(SORT_BY_NAME(SORT_BY_ALIGNMENT(._log_strings.static.*)))
                0x00000000000079b8                _log_strings_list_end = .

log_const_area  0x00000000000079b8        0x0
                0x00000000000079b8                _log_const_list_start = .
 *(SORT_BY_NAME(SORT_BY_ALIGNMENT(._log_const.static.*)))
                0x00000000000079b8                _log_const_list_end = .

log_backend_area
                0x00000000000079b8        0x0
                0x00000000000079b8                _log_backend_list_start = .
 *(SORT_BY_NAME(SORT_BY_ALIGNMENT(._log_backend.static.*)))
                0x00000000000079b8                _log_backend_list_end = .

log_link_area   0x00000000000079b8        0x0
                0x00000000000079b8                _log_link_list_start = .
 *(SORT_BY_NAME(SORT_BY_ALIGNMENT(._log_link.static.*)))
                0x00000000000079b8                _log_link_list_end = .

tracing_backend_area
                0x00000000000079b8        0x0
                0x00000000000079b8                _tracing_backend_list_start = .
 *(SORT_BY_NAME(SORT_BY_ALIGNMENT(._tracing_backend.static.*)))
                0x00000000000079b8                _tracing_backend_list_end = .

zephyr_dbg_info
 *(SORT_BY_ALIGNMENT(.dbg_thread_info))

symbol_to_keep  0x00000000000079b8        0x0
                0x00000000000079b8                __symbol_to_keep_start = .
 *(SORT_BY_NAME(SORT_BY_ALIGNMENT(.symbol_to_keep*)))
                0x00000000000079b8                __symbol_to_keep_end = .

shell_area      0x00000000000079b8        0x0
                0x00000000000079b8                _shell_list_start = .
 *(SORT_BY_NAME(SORT_BY_ALIGNMENT(._shell.static.*)))
                0x00000000000079b8                _shell_list_end = .

shell_root_cmds_area
                0x00000000000079b8        0x0
                0x00000000000079b8                _shell_root_cmds_list_start = .
 *(SORT_BY_NAME(SORT_BY_ALIGNMENT(._shell_root_cmds.static.*)))
                0x00000000000079b8                _shell_root_cmds_list_end = .

shell_subcmds_area
                0x00000000000079b8        0x0
                0x00000000000079b8                _shell_subcmds_list_start = .
 *(SORT_BY_NAME(SORT_BY_ALIGNMENT(._shell_subcmds.static.*)))
                0x00000000000079b8                _shell_subcmds_list_end = .

shell_dynamic_subcmds_area
                0x00000000000079b8        0x0
                0x00000000000079b8                _shell_dynamic_subcmds_list_start = .
 *(SORT_BY_NAME(SORT_BY_ALIGNMENT(._shell_dynamic_subcmds.static.*)))
                0x00000000000079b8                _shell_dynamic_subcmds_list_end = .

cfb_font_area   0x00000000000079b8        0x0
                0x00000000000079b8                _cfb_font_list_start = .
 *(SORT_BY_NAME(SORT_BY_ALIGNMENT(._cfb_font.static.*)))
                0x00000000000079b8                _cfb_font_list_end = .

tdata           0x00000000000079b8        0x0
 *(SORT_BY_ALIGNMENT(.tdata) SORT_BY_ALIGNMENT(.tdata.*) SORT_BY_ALIGNMENT(.gnu.linkonce.td.*))

tbss            0x00000000000079b8        0x4
 *(SORT_BY_ALIGNMENT(.tbss) SORT_BY_ALIGNMENT(.tbss.*) SORT_BY_ALIGNMENT(.gnu.linkonce.tb.*) SORT_BY_ALIGNMENT(.tcommon))
 .tbss.z_tls_current
                0x00000000000079b8        0x4 zephyr/libzephyr.a(thread_entry.c.obj)
                0x00000000000079b8                z_tls_current
                0x00000000000079b8                PROVIDE (__tdata_start = LOADADDR (tdata))
                0x0000000000000000                PROVIDE (__tdata_size = SIZEOF (tdata))
                [!provide]                        PROVIDE (__tdata_end = (__tdata_start + __tdata_size))
                0x0000000000000001                PROVIDE (__tdata_align = ALIGNOF (tdata))
                [!provide]                        PROVIDE (__tbss_start = ADDR (tbss))
                0x0000000000000004                PROVIDE (__tbss_size = SIZEOF (tbss))
                [!provide]                        PROVIDE (__tbss_end = (__tbss_start + __tbss_size))
                0x0000000000000004                PROVIDE (__tbss_align = ALIGNOF (tbss))
                [!provide]                        PROVIDE (__tls_start = __tdata_start)
                [!provide]                        PROVIDE (__tls_end = __tbss_end)
                [!provide]                        PROVIDE (__tls_size = (__tbss_end - __tdata_start))

rodata          0x00000000000079c0     0x1f68
 *(SORT_BY_ALIGNMENT(.rodata))
 .rodata        0x00000000000079c0       0x64 app/libapp.a(main.c.obj)
 *(SORT_BY_ALIGNMENT(.rodata.*))
 *fill*         0x0000000000007a24        0xc 
 .rodata.delay_machine_code.0
                0x0000000000007a30        0x6 zephyr/soc/soc/arm/nordic_nrf/libsoc__arm__nordic_nrf.a(soc.c.obj)
 *fill*         0x0000000000007a36        0x2 
 .rodata.spi_dev
                0x0000000000007a38       0x18 app/libapp.a(epdif.c.obj)
                0x0000000000007a38                spi_dev
 .rodata.bprx   0x0000000000007a50        0x8 app/libapp.a(epdif.c.obj)
                0x0000000000007a50                bprx
 .rodata.bptx   0x0000000000007a58        0x8 app/libapp.a(epdif.c.obj)
                0x0000000000007a58                bptx
 .rodata.mem_attr_region
                0x0000000000007a60        0x0 zephyr/libzephyr.a(mem_attr.c.obj)
 .rodata.static_regions
                0x0000000000007a60        0xc zephyr/arch/arch/arm/core/mpu/libarch__arm__core__mpu.a(arm_core_mpu.c.obj)
 .rodata.mpu_config
                0x0000000000007a6c        0x8 zephyr/arch/arch/arm/core/mpu/libarch__arm__core__mpu.a(arm_mpu_regions.c.obj)
                0x0000000000007a6c                mpu_config
 .rodata.mpu_regions
                0x0000000000007a74       0x18 zephyr/arch/arch/arm/core/mpu/libarch__arm__core__mpu.a(arm_mpu_regions.c.obj)
 .rodata.adc_nrfx_driver_api
                0x0000000000007a8c        0xc zephyr/drivers/adc/libdrivers__adc.a(adc_nrfx_saadc.c.obj)
 .rodata.transitions.0
                0x0000000000007a98        0xc zephyr/drivers/clock_control/libdrivers__clock_control.a(clock_control_nrf.c.obj)
 .rodata.config
                0x0000000000007aa4       0x10 zephyr/drivers/clock_control/libdrivers__clock_control.a(clock_control_nrf.c.obj)
 .rodata.clock_control_api
                0x0000000000007ab4       0x1c zephyr/drivers/clock_control/libdrivers__clock_control.a(clock_control_nrf.c.obj)
 .rodata.gpio_nrfx_p1_cfg
                0x0000000000007ad0       0x18 zephyr/drivers/gpio/libdrivers__gpio.a(gpio_nrfx.c.obj)
 .rodata.gpio_nrfx_p0_cfg
                0x0000000000007ae8       0x18 zephyr/drivers/gpio/libdrivers__gpio.a(gpio_nrfx.c.obj)
 .rodata.gpio_nrfx_drv_api_funcs
                0x0000000000007b00       0x24 zephyr/drivers/gpio/libdrivers__gpio.a(gpio_nrfx.c.obj)
 .rodata.bme280_config_0
                0x0000000000007b24       0x1c zephyr/drivers/sensor/bme280/libdrivers__sensor__bme280.a(bme280.c.obj)
 .rodata.bme280_api_funcs
                0x0000000000007b40       0x1c zephyr/drivers/sensor/bme280/libdrivers__sensor__bme280.a(bme280.c.obj)
 .rodata.bme280_bus_io_spi
                0x0000000000007b5c        0xc zephyr/drivers/sensor/bme280/libdrivers__sensor__bme280.a(bme280_spi.c.obj)
                0x0000000000007b5c                bme280_bus_io_spi
 .rodata.temp_nrf5_driver_api
                0x0000000000007b68       0x1c zephyr/drivers/sensor/nrf5/libdrivers__sensor__nrf5.a(temp_nrf5.c.obj)
 .rodata.uarte_0z_config
                0x0000000000007b84       0x10 zephyr/drivers/serial/libdrivers__serial.a(uart_nrfx_uarte.c.obj)
 .rodata.__pinctrl_dev_config__device_dts_ord_107
                0x0000000000007b94        0xc zephyr/drivers/serial/libdrivers__serial.a(uart_nrfx_uarte.c.obj)
 .rodata.__pinctrl_states__device_dts_ord_107
                0x0000000000007ba0        0x8 zephyr/drivers/serial/libdrivers__serial.a(uart_nrfx_uarte.c.obj)
 .rodata.__pinctrl_state_pins_0__device_dts_ord_107
                0x0000000000007ba8       0x10 zephyr/drivers/serial/libdrivers__serial.a(uart_nrfx_uarte.c.obj)
 .rodata.uart_nrfx_uarte_driver_api
                0x0000000000007bb8       0x44 zephyr/drivers/serial/libdrivers__serial.a(uart_nrfx_uarte.c.obj)
 .rodata.spi_3z_config
                0x0000000000007bfc       0x4c zephyr/drivers/spi/libdrivers__spi.a(spi_nrfx_spim.c.obj)
 .rodata.__pinctrl_dev_config__device_dts_ord_100
                0x0000000000007c48        0xc zephyr/drivers/spi/libdrivers__spi.a(spi_nrfx_spim.c.obj)
 .rodata.__pinctrl_states__device_dts_ord_100
                0x0000000000007c54        0x8 zephyr/drivers/spi/libdrivers__spi.a(spi_nrfx_spim.c.obj)
 .rodata.__pinctrl_state_pins_0__device_dts_ord_100
                0x0000000000007c5c        0xc zephyr/drivers/spi/libdrivers__spi.a(spi_nrfx_spim.c.obj)
 .rodata.__compound_literal.1
                0x0000000000007c68        0x8 zephyr/drivers/spi/libdrivers__spi.a(spi_nrfx_spim.c.obj)
 .rodata.spi_1z_config
                0x0000000000007c70       0x4c zephyr/drivers/spi/libdrivers__spi.a(spi_nrfx_spim.c.obj)
 .rodata.__pinctrl_dev_config__device_dts_ord_124
                0x0000000000007cbc        0xc zephyr/drivers/spi/libdrivers__spi.a(spi_nrfx_spim.c.obj)
 .rodata.__pinctrl_states__device_dts_ord_124
                0x0000000000007cc8        0x8 zephyr/drivers/spi/libdrivers__spi.a(spi_nrfx_spim.c.obj)
 .rodata.__pinctrl_state_pins_0__device_dts_ord_124
                0x0000000000007cd0        0xc zephyr/drivers/spi/libdrivers__spi.a(spi_nrfx_spim.c.obj)
 .rodata.__compound_literal.0
                0x0000000000007cdc        0x8 zephyr/drivers/spi/libdrivers__spi.a(spi_nrfx_spim.c.obj)
 .rodata.spi_nrfx_driver_api
                0x0000000000007ce4        0x8 zephyr/drivers/spi/libdrivers__spi.a(spi_nrfx_spim.c.obj)
 .rodata.levels.0
                0x0000000000007cec       0x18 zephyr/kernel/libkernel.a(init.c.obj)
 .rodata.main.str1.1
                0x0000000000007d04       0x1c app/libapp.a(main.c.obj)
 .rodata.EpdIfInit.str1.1
                0x0000000000007d20       0x48 app/libapp.a(epdif.c.obj)
 .rodata.Font24_Table
                0x0000000000007d68     0x1ab8 app/libapp.a(font24.c.obj)
                0x0000000000007d68                Font24_Table
 .rodata.str1.1
                0x0000000000009820        0xf zephyr/arch/arch/arm/core/mpu/libarch__arm__core__mpu.a(arm_mpu_regions.c.obj)
 .rodata.str1.1
                0x000000000000982f        0xd zephyr/drivers/adc/libdrivers__adc.a(adc_nrfx_saadc.c.obj)
 .rodata.str1.1
                0x000000000000983c        0xf zephyr/drivers/clock_control/libdrivers__clock_control.a(clock_control_nrf.c.obj)
 .rodata.str1.1
                0x000000000000984b       0x1c zephyr/drivers/gpio/libdrivers__gpio.a(gpio_nrfx.c.obj)
 .rodata.drive_modes
                0x0000000000009867        0x8 zephyr/drivers/pinctrl/libdrivers__pinctrl.a(pinctrl_nrf.c.obj)
 .rodata.str1.1
                0x000000000000986f        0x6 zephyr/drivers/sensor/bme280/libdrivers__sensor__bme280.a(bme280.c.obj)
 .rodata.str1.1
                0x0000000000009875        0xe zephyr/drivers/sensor/nrf5/libdrivers__sensor__nrf5.a(temp_nrf5.c.obj)
 .rodata.str1.1
                0x0000000000009883        0xe zephyr/drivers/serial/libdrivers__serial.a(uart_nrfx_uarte.c.obj)
 .rodata.str1.1
                0x0000000000009891       0x1a zephyr/drivers/spi/libdrivers__spi.a(spi_nrfx_spim.c.obj)
 .rodata.port_offset.1
                0x00000000000098ab       0x10 modules/hal_nordic/nrfx/libmodules__hal_nordic__nrfx.a(nrfx_gpiote.c.obj)
 .rodata.ports  0x00000000000098bb        0x2 modules/hal_nordic/nrfx/libmodules__hal_nordic__nrfx.a(nrfx_gpiote.c.obj)
 .rodata._DoInit.str1.1
                0x00000000000098bd        0x9 modules/segger/libmodules__segger.a(SEGGER_RTT.c.obj)
 .rodata._aInitStr.0
                0x00000000000098c6       0x11 modules/segger/libmodules__segger.a(SEGGER_RTT.c.obj)
 .rodata.z_init_cpu.str1.1
                0x00000000000098d7        0x5 zephyr/kernel/libkernel.a(init.c.obj)
 .rodata.z_cstart.str1.1
                0x00000000000098dc        0x5 zephyr/kernel/libkernel.a(init.c.obj)
 .rodata.boot_banner.str1.1
                0x00000000000098e1       0x2e zephyr/kernel/libkernel.a(banner.c.obj)
 .rodata.k_sys_work_q_init.str1.1
                0x000000000000990f        0x9 zephyr/kernel/libkernel.a(system_work_q.c.obj)
 .rodata.__l_vfprintf.str1.1
                0x0000000000009918        0xf d:\aplikacje\nrf\toolchains\cf2149caf2\opt\zephyr-sdk\arm-zephyr-eabi\bin\../lib/gcc/../../picolibc/arm-zephyr-eabi/lib/thumb/v7e-m/nofp\libc.a(libc_tinystdio_vflprintf.c.o)
 *(SORT_BY_ALIGNMENT(.gnu.linkonce.r.*))
                0x0000000000009928                . = ALIGN (0x4)
 *fill*         0x0000000000009927        0x1 
                0x0000000000009928                __rodata_region_end = .
                0x0000000000009940                . = ALIGN (_region_min_align)
                0x0000000000010000                . = ALIGN ((0x1 << LOG2CEIL ((__rodata_region_end - ADDR (rom_start)))))
                0x0000000000010000                __rom_region_end = ((__rom_region_start + .) - ADDR (rom_start))

/DISCARD/
 *(SORT_BY_ALIGNMENT(.got.plt))
 *(SORT_BY_ALIGNMENT(.igot.plt))
 *(SORT_BY_ALIGNMENT(.got))
 *(SORT_BY_ALIGNMENT(.igot))
                0x0000000020000000                . = 0x20000000
                0x0000000020000000                . = ALIGN (_region_min_align)
                0x0000000020000000                _image_ram_start = .

.ramfunc        0x0000000020000000        0x0 load address 0x0000000000009928
                0x0000000020000000                . = ALIGN (_region_min_align)
                0x0000000020000000                . = ALIGN ((0x1 << LOG2CEIL (__ramfunc_size)))
                0x0000000020000000                __ramfunc_start = .
 *(SORT_BY_ALIGNMENT(.ramfunc))
 *(SORT_BY_ALIGNMENT(.ramfunc.*))
                0x0000000020000000                . = ALIGN (_region_min_align)
                0x0000000020000000                . = ALIGN ((0x1 << LOG2CEIL (__ramfunc_size)))
                0x0000000020000000                __ramfunc_end = .
                0x0000000000000000                __ramfunc_size = (__ramfunc_end - __ramfunc_start)
                0x0000000000009928                __ramfunc_load_start = LOADADDR (.ramfunc)

datas           0x0000000020000000      0x3ca load address 0x0000000000009928
                0x0000000020000000                __data_region_start = .
                0x0000000020000000                __data_start = .
 *(SORT_BY_ALIGNMENT(.data))
 *(SORT_BY_ALIGNMENT(.data.*))
 .data.m_data   0x0000000020000000       0xa8 zephyr/drivers/adc/libdrivers__adc.a(adc_nrfx_saadc.c.obj)
 .data.busy     0x00000000200000a8        0x8 app/libapp.a(epdif.c.obj)
                0x00000000200000a8                busy