Archive member included to satisfy reference by file (symbol)

app/libapp.a(main.c.obj)      (--whole-archive)
app/libapp.a(epd1in54_V2.c.obj)
                              (--whole-archive)
app/libapp.a(epdif.c.obj)     (--whole-archive)
app/libapp.a(epdpaint.c.obj)  (--whole-archive)
app/libapp.a(font8.c.obj)     (--whole-archive)
app/libapp.a(font12.c.obj)    (--whole-archive)
app/libapp.a(font16.c.obj)    (--whole-archive)
app/libapp.a(font20.c.obj)    (--whole-archive)
app/libapp.a(font24.c.obj)    (--whole-archive)
app/libapp.a(imagedata.c.obj)
                              (--whole-archive)
zephyr/libzephyr.a(cbprintf_packaged.c.obj)
                              (--whole-archive)
zephyr/libzephyr.a(dec.c.obj)
                              (--whole-archive)
zephyr/libzephyr.a(hex.c.obj)
                              (--whole-archive)
zephyr/libzephyr.a(printk.c.obj)
                              (--whole-archive)
zephyr/libzephyr.a(rb.c.obj)  (--whole-archive)
zephyr/libzephyr.a(sem.c.obj)
                              (--whole-archive)
zephyr/libzephyr.a(thread_entry.c.obj)
                              (--whole-archive)
zephyr/libzephyr.a(timeutil.c.obj)
                              (--whole-archive)
zephyr/libzephyr.a(heap.c.obj)
                              (--whole-archive)
zephyr/libzephyr.a(heap-validate.c.obj)
                              (--whole-archive)
zephyr/libzephyr.a(bitarray.c.obj)
                              (--whole-archive)
zephyr/libzephyr.a(multi_heap.c.obj)
                              (--whole-archive)
zephyr/libzephyr.a(onoff.c.obj)
                              (--whole-archive)
zephyr/libzephyr.a(notify.c.obj)
                              (--whole-archive)
zephyr/libzephyr.a(cbprintf_complete.c.obj)
                              (--whole-archive)
zephyr/libzephyr.a(ring_buffer.c.obj)
                              (--whole-archive)
zephyr/libzephyr.a(assert.c.obj)
                              (--whole-archive)
zephyr/libzephyr.a(reboot.c.obj)
                              (--whole-archive)
zephyr/libzephyr.a(poweroff.c.obj)
                              (--whole-archive)
zephyr/libzephyr.a(configs.c.obj)
                              (--whole-archive)
zephyr/libzephyr.a(mem_attr.c.obj)
                              (--whole-archive)
zephyr/libzephyr.a(tracing_none.c.obj)
                              (--whole-archive)
zephyr/arch/common/libarch__common.a(sw_isr_common.c.obj)
                              (--whole-archive)
zephyr/arch/arch/arm/core/libarch__arm__core.a(fatal.c.obj)
                              (--whole-archive)
zephyr/arch/arch/arm/core/libarch__arm__core.a(nmi.c.obj)
                              (--whole-archive)
zephyr/arch/arch/arm/core/libarch__arm__core.a(nmi_on_reset.S.obj)
                              (--whole-archive)
zephyr/arch/arch/arm/core/libarch__arm__core.a(tls.c.obj)
                              (--whole-archive)
zephyr/arch/arch/arm/core/cortex_m/libarch__arm__core__cortex_m.a(exc_exit.S.obj)
                              (--whole-archive)
zephyr/arch/arch/arm/core/cortex_m/libarch__arm__core__cortex_m.a(fault.c.obj)
                              (--whole-archive)
zephyr/arch/arch/arm/core/cortex_m/libarch__arm__core__cortex_m.a(fault_s.S.obj)
                              (--whole-archive)
zephyr/arch/arch/arm/core/cortex_m/libarch__arm__core__cortex_m.a(fpu.c.obj)
                              (--whole-archive)
zephyr/arch/arch/arm/core/cortex_m/libarch__arm__core__cortex_m.a(reset.S.obj)
                              (--whole-archive)
zephyr/arch/arch/arm/core/cortex_m/libarch__arm__core__cortex_m.a(scb.c.obj)
                              (--whole-archive)
zephyr/arch/arch/arm/core/cortex_m/libarch__arm__core__cortex_m.a(thread_abort.c.obj)
                              (--whole-archive)
zephyr/arch/arch/arm/core/cortex_m/libarch__arm__core__cortex_m.a(vector_table.S.obj)
                              (--whole-archive)
zephyr/arch/arch/arm/core/cortex_m/libarch__arm__core__cortex_m.a(swap.c.obj)
                              (--whole-archive)
zephyr/arch/arch/arm/core/cortex_m/libarch__arm__core__cortex_m.a(swap_helper.S.obj)
                              (--whole-archive)
zephyr/arch/arch/arm/core/cortex_m/libarch__arm__core__cortex_m.a(irq_manage.c.obj)
                              (--whole-archive)
zephyr/arch/arch/arm/core/cortex_m/libarch__arm__core__cortex_m.a(prep_c.c.obj)
                              (--whole-archive)
zephyr/arch/arch/arm/core/cortex_m/libarch__arm__core__cortex_m.a(thread.c.obj)
                              (--whole-archive)
zephyr/arch/arch/arm/core/cortex_m/libarch__arm__core__cortex_m.a(cpu_idle.S.obj)
                              (--whole-archive)
zephyr/arch/arch/arm/core/cortex_m/libarch__arm__core__cortex_m.a(irq_init.c.obj)
                              (--whole-archive)
zephyr/arch/arch/arm/core/cortex_m/libarch__arm__core__cortex_m.a(isr_wrapper.S.obj)
[...]
Memory Configuration

Name             Origin             Length             Attributes
FLASH            0x0000000000000000 0x0000000000080000 xr
RAM              0x0000000020000000 0x0000000000020000 xw
IDT_LIST         0x00000000ffff7fff 0x0000000000008000 xw
*default*        0x0000000000000000 0xffffffffffffffff

Linker script and memory map

                0x00000000000054bc                vfprintf = __l_vfprintf
                0x0000000000000000                vfscanf = __l_vfscanf
LOAD zephyr/CMakeFiles/zephyr_final.dir/misc/empty_file.c.obj
LOAD zephyr/CMakeFiles/zephyr_final.dir/isr_tables.c.obj
LOAD zephyr/CMakeFiles/offsets.dir/./arch/arm/core/offsets/offsets.c.obj
LOAD app/libapp.a
LOAD zephyr/libzephyr.a
LOAD zephyr/arch/common/libarch__common.a
LOAD zephyr/arch/arch/arm/core/libarch__arm__core.a
LOAD zephyr/arch/arch/arm/core/cortex_m/libarch__arm__core__cortex_m.a
LOAD zephyr/arch/arch/arm/core/mpu/libarch__arm__core__mpu.a
LOAD zephyr/lib/libc/picolibc/liblib__libc__picolibc.a
LOAD zephyr/lib/libc/common/liblib__libc__common.a
LOAD zephyr/soc/soc/arm/nordic_nrf/libsoc__arm__nordic_nrf.a
LOAD zephyr/drivers/adc/libdrivers__adc.a
LOAD zephyr/drivers/clock_control/libdrivers__clock_control.a
LOAD zephyr/drivers/console/libdrivers__console.a
LOAD zephyr/drivers/gpio/libdrivers__gpio.a
LOAD zephyr/drivers/pinctrl/libdrivers__pinctrl.a
LOAD zephyr/drivers/sensor/bme280/libdrivers__sensor__bme280.a
LOAD zephyr/drivers/sensor/nrf5/libdrivers__sensor__nrf5.a
LOAD zephyr/drivers/serial/libdrivers__serial.a
LOAD zephyr/drivers/spi/libdrivers__spi.a
LOAD zephyr/drivers/timer/libdrivers__timer.a
LOAD modules/nrf/lib/fatal_error/lib..__nrf__lib__fatal_error.a
LOAD modules/hal_nordic/nrfx/libmodules__hal_nordic__nrfx.a
LOAD modules/segger/libmodules__segger.a
LOAD zephyr/kernel/libkernel.a
LOAD d:/aplikacje/nrf/toolchains/cf2149caf2/opt/zephyr-sdk/arm-zephyr-eabi/bin/../lib/gcc/arm-zephyr-eabi/12.2.0/thumb/v7e-m/nofp\libgcc.a
LOAD zephyr/arch/common/libisr_tables.a
LOAD d:\aplikacje\nrf\toolchains\cf2149caf2\opt\zephyr-sdk\arm-zephyr-eabi\bin\../lib/gcc/../../picolibc/arm-zephyr-eabi/lib/thumb/v7e-m/nofp\libc.a
LOAD d:/aplikacje/nrf/toolchains/cf2149caf2/opt/zephyr-sdk/arm-zephyr-eabi/bin/../lib/gcc/arm-zephyr-eabi/12.2.0/thumb/v7e-m/nofp\libgcc.a
                0x0000000000000020                _region_min_align = 0x20

.rel.plt        0x0000000000000000        0x0
 *(SORT_BY_ALIGNMENT(.rel.plt))
                [!provide]                        PROVIDE (__rel_iplt_start = .)
 *(SORT_BY_ALIGNMENT(.rel.iplt))
 .rel.iplt      0x0000000000000000        0x0 zephyr/CMakeFiles/zephyr_final.dir/isr_tables.c.obj
                [!provide]                        PROVIDE (__rel_iplt_end = .)

.rela.plt       0x0000000000000000        0x0
 *(SORT_BY_ALIGNMENT(.rela.plt))
                [!provide]                        PROVIDE (__rela_iplt_start = .)
 *(SORT_BY_ALIGNMENT(.rela.iplt))
                [!provide]                        PROVIDE (__rela_iplt_end = .)

.rel.dyn
 *(SORT_BY_ALIGNMENT(.rel.*))

.rela.dyn
 *(SORT_BY_ALIGNMENT(.rela.*))

/DISCARD/
 *(SORT_BY_ALIGNMENT(.plt))

/DISCARD/
 *(SORT_BY_ALIGNMENT(.iplt))
                0x0000000000000000                __rom_region_start = 0x0

rom_start       0x0000000000000000      0x100
                0x0000000000000000                __rom_start_address = .
 FILL mask 0x00
                0x0000000000000000                . = (. + (0x0 - (. - __rom_start_address)))
                0x0000000000000000                . = ALIGN (0x4)
                0x0000000000000000                . = ALIGN (0x80)
                0x0000000000000000                . = ALIGN (0x100)
                0x0000000000000000                _vector_start = .
 *(SORT_BY_ALIGNMENT(.exc_vector_table))
 *(SORT_BY_ALIGNMENT(.exc_vector_table.*))
 .exc_vector_table._vector_table_section
                0x0000000000000000       0x40 zephyr/arch/arch/arm/core/cortex_m/libarch__arm__core__cortex_m.a(vector_table.S.obj)
                0x0000000000000000                _vector_table
 *(SORT_BY_ALIGNMENT(.vectors))
                0x0000000000000100                _vector_end = .
                0x0000000000000040                . = ALIGN (0x4)
 *(SORT_BY_ALIGNMENT(.gnu.linkonce.irq_vector_table*))
 .gnu.linkonce.irq_vector_table
                0x0000000000000040       0xc0 zephyr/CMakeFiles/zephyr_final.dir/isr_tables.c.obj
                0x0000000000000040                _irq_vector_table
                0x0000000000000100                _vector_end = .

text            0x0000000000000100     0x715c
                0x0000000000000100                __text_region_start = .
 *(SORT_BY_ALIGNMENT(.text))
 .text          0x0000000000000100       0xa0 d:/aplikacje/nrf/toolchains/cf2149caf2/opt/zephyr-sdk/arm-zephyr-eabi/bin/../lib/gcc/arm-zephyr-eabi/12.2.0/thumb/v7e-m/nofp\libgcc.a(_aeabi_ldivmod.o)
                0x0000000000000100                __aeabi_ldivmod
 .text          0x00000000000001a0       0x30 d:/aplikacje/nrf/toolchains/cf2149caf2/opt/zephyr-sdk/arm-zephyr-eabi/bin/../lib/gcc/arm-zephyr-eabi/12.2.0/thumb/v7e-m/nofp\libgcc.a(_aeabi_uldivmod.o)
                0x00000000000001a0                __aeabi_uldivmod
 .text          0x00000000000001d0        0x4 d:/aplikacje/nrf/toolchains/cf2149caf2/opt/zephyr-sdk/arm-zephyr-eabi/bin/../lib/gcc/arm-zephyr-eabi/12.2.0/thumb/v7e-m/nofp\libgcc.a(_dvmd_tls.o)
                0x00000000000001d0                __aeabi_idiv0
                0x00000000000001d0                __aeabi_ldiv0
 .text          0x00000000000001d4      0x2a0 d:/aplikacje/nrf/toolchains/cf2149caf2/opt/zephyr-sdk/arm-zephyr-eabi/bin/../lib/gcc/arm-zephyr-eabi/12.2.0/thumb/v7e-m/nofp\libgcc.a(_udivmoddi4.o)
                0x00000000000001d4                __udivmoddi4
 *(SORT_BY_ALIGNMENT(.text.*))
 .text.main     0x0000000000000474       0x54 app/libapp.a(main.c.obj)
                0x0000000000000474                main
 .text.EpdHDirInit
                0x00000000000004c8       0xd8 app/libapp.a(epd1in54_V2.c.obj)
                0x00000000000004c8                EpdHDirInit
 .text.EpdIfInit
                0x00000000000005a0       0xc0 app/libapp.a(epdif.c.obj)
                0x00000000000005a0                EpdIfInit
 .text.EpdIfDigitalWriteRST
                0x0000000000000660        0xc app/libapp.a(epdif.c.obj)
                0x0000000000000660                EpdIfDigitalWriteRST
 .text.EpdIfDigitalWriteDC
                0x000000000000066c        0xc app/libapp.a(epdif.c.obj)
                0x000000000000066c                EpdIfDigitalWriteDC
 .text.EpdIfDigitalWriteCS
                0x0000000000000678        0xc app/libapp.a(epdif.c.obj)
                0x0000000000000678                EpdIfDigitalWriteCS
 .text.EpdIfSpiTransfer
                0x0000000000000684       0x54 app/libapp.a(epdif.c.obj)
                0x0000000000000684                EpdIfSpiTransfer
 .text.char_out
                0x00000000000006d8        0xc zephyr/libzephyr.a(printk.c.obj)
 .text.__printk_hook_install
                0x00000000000006e4        0xc zephyr/libzephyr.a(printk.c.obj)
                0x00000000000006e4                __printk_hook_install
 .text.vprintk  0x00000000000006f0       0x30 zephyr/libzephyr.a(printk.c.obj)
                0x00000000000006f0                vprintk
 .text.z_thread_entry
                0x0000000000000720       0x34 zephyr/libzephyr.a(thread_entry.c.obj)
                0x0000000000000720                z_thread_entry
 .text.process_event
                0x0000000000000754      0x21c zephyr/libzephyr.a(onoff.c.obj)
 .text.mem_attr_get_regions
                0x0000000000000970        0xc zephyr/libzephyr.a(mem_attr.c.obj)
                0x0000000000000970                mem_attr_get_regions
 .text.z_SysNmiOnReset
                0x000000000000097c        0x8 zephyr/arch/arch/arm/core/libarch__arm__core.a(nmi_on_reset.S.obj)
                0x000000000000097c                z_SysNmiOnReset
 .text.arch_tls_stack_setup
                0x0000000000000984       0x60 zephyr/arch/arch/arm/core/libarch__arm__core.a(tls.c.obj)
                0x0000000000000984                arch_tls_stack_setup
 .text._HandlerModeExit
                0x00000000000009e4       0x1c zephyr/arch/arch/arm/core/cortex_m/libarch__arm__core__cortex_m.a(exc_exit.S.obj)
                0x00000000000009e4                z_arm_int_exit
                0x00000000000009e4                z_arm_exc_exit
 .text.mem_manage_fault
                0x0000000000000a00       0xa0 zephyr/arch/arch/arm/core/cortex_m/libarch__arm__core__cortex_m.a(fault.c.obj)
 .text.usage_fault.constprop.0
                0x0000000000000aa0       0x54 zephyr/arch/arch/arm/core/cortex_m/libarch__arm__core__cortex_m.a(fault.c.obj)
 .text.bus_fault.constprop.0
                0x0000000000000af4       0x6c zephyr/arch/arch/arm/core/cortex_m/libarch__arm__core__cortex_m.a(fault.c.obj)
 .text.z_arm_fault
                0x0000000000000b60      0x128 zephyr/arch/arch/arm/core/cortex_m/libarch__arm__core__cortex_m.a(fault.c.obj)
                0x0000000000000b60                z_arm_fault
 .text.z_arm_fault_init
                0x0000000000000c88       0x10 zephyr/arch/arch/arm/core/cortex_m/libarch__arm__core__cortex_m.a(fault.c.obj)
                0x0000000000000c88                z_arm_fault_init
 .text.__fault  0x0000000000000c98       0x14 zephyr/arch/arch/arm/core/cortex_m/libarch__arm__core__cortex_m.a(fault_s.S.obj)
                0x0000000000000c98                z_arm_usage_fault
                0x0000000000000c98                z_arm_mpu_fault
                0x0000000000000c98                z_arm_exc_spurious
                0x0000000000000c98                z_arm_debug_monitor
                0x0000000000000c98                z_arm_hard_fault
                0x0000000000000c98                z_arm_bus_fault
 .text._reset_section
                0x0000000000000cac       0x54 zephyr/arch/arch/arm/core/cortex_m/libarch__arm__core__cortex_m.a(reset.S.obj)
                0x0000000000000cac                __start
                0x0000000000000cac                z_arm_reset
 .text.sys_arch_reboot
                0x0000000000000d00       0x24 zephyr/arch/arch/arm/core/cortex_m/libarch__arm__core__cortex_m.a(scb.c.obj)
                0x0000000000000d00                sys_arch_reboot
 .text.z_arm_clear_arm_mpu_config
                0x0000000000000d24       0x24 zephyr/arch/arch/arm/core/cortex_m/libarch__arm__core__cortex_m.a(scb.c.obj)
                0x0000000000000d24                z_arm_clear_arm_mpu_config
 .text.z_arm_init_arch_hw_at_boot
                0x0000000000000d48       0x64 zephyr/arch/arch/arm/core/cortex_m/libarch__arm__core__cortex_m.a(scb.c.obj)
                0x0000000000000d48                z_arm_init_arch_hw_at_boot
 .text.z_impl_k_thread_abort
                0x0000000000000dac       0x2c zephyr/arch/arch/arm/core/cortex_m/libarch__arm__core__cortex_m.a(thread_abort.c.obj)
                0x0000000000000dac                z_impl_k_thread_abort
 .text.arch_swap
                0x0000000000000dd8       0x34 zephyr/arch/arch/arm/core/cortex_m/libarch__arm__core__cortex_m.a(swap.c.obj)
                0x0000000000000dd8                arch_swap
 .text.z_arm_pendsv
                0x0000000000000e0c       0x7c zephyr/arch/arch/arm/core/cortex_m/libarch__arm__core__cortex_m.a(swap_helper.S.obj)
                0x0000000000000e0c                z_arm_pendsv
 .text.z_arm_svc
                0x0000000000000e88       0x20 zephyr/arch/arch/arm/core/cortex_m/libarch__arm__core__cortex_m.a(swap_helper.S.obj)
                0x0000000000000e88                z_arm_svc
 .text.arch_irq_enable
                0x0000000000000ea8       0x1c zephyr/arch/arch/arm/core/cortex_m/libarch__arm__core__cortex_m.a(irq_manage.c.obj)
                0x0000000000000ea8                arch_irq_enable
 .text.arch_irq_disable
                0x0000000000000ec4       0x28 zephyr/arch/arch/arm/core/cortex_m/libarch__arm__core__cortex_m.a(irq_manage.c.obj)
                0x0000000000000ec4                arch_irq_disable
 .text.arch_irq_is_enabled
                0x0000000000000eec       0x1c zephyr/arch/arch/arm/core/cortex_m/libarch__arm__core__cortex_m.a(irq_manage.c.obj)
                0x0000000000000eec                arch_irq_is_enabled
 .text.z_arm_irq_priority_set
                0x0000000000000f08       0x30 zephyr/arch/arch/arm/core/cortex_m/libarch__arm__core__cortex_m.a(irq_manage.c.obj)
                0x0000000000000f08                z_arm_irq_priority_set
 .text.z_arm_prep_c
                0x0000000000000f38       0x38 zephyr/arch/arch/arm/core/cortex_m/libarch__arm__core__cortex_m.a(prep_c.c.obj)
                0x0000000000000f38                z_arm_prep_c
 .text.arch_new_thread
                0x0000000000000f70       0x38 zephyr/arch/arch/arm/core/cortex_m/libarch__arm__core__cortex_m.a(thread.c.obj)
                0x0000000000000f70                arch_new_thread
 .text.z_check_thread_stack_fail
                0x0000000000000fa8       0x30 zephyr/arch/arch/arm/core/cortex_m/libarch__arm__core__cortex_m.a(thread.c.obj)
                0x0000000000000fa8                z_check_thread_stack_fail
 .text.arch_switch_to_main_thread
                0x0000000000000fd8       0x40 zephyr/arch/arch/arm/core/cortex_m/libarch__arm__core__cortex_m.a(thread.c.obj)
                0x0000000000000fd8                arch_switch_to_main_thread
 .text.z_arm_cpu_idle_init
                0x0000000000001018        0xc zephyr/arch/arch/arm/core/cortex_m/libarch__arm__core__cortex_m.a(cpu_idle.S.obj)
                0x0000000000001018                z_arm_cpu_idle_init
 .text.arch_cpu_idle
                0x0000000000001024       0x24 zephyr/arch/arch/arm/core/cortex_m/libarch__arm__core__cortex_m.a(cpu_idle.S.obj)
                0x0000000000001024                arch_cpu_idle
 .text.arch_cpu_atomic_idle
                0x0000000000001048       0x20 zephyr/arch/arch/arm/core/cortex_m/libarch__arm__core__cortex_m.a(cpu_idle.S.obj)
                0x0000000000001048                arch_cpu_atomic_idle
 .text.z_arm_interrupt_init
                0x0000000000001068       0x18 zephyr/arch/arch/arm/core/cortex_m/libarch__arm__core__cortex_m.a(irq_init.c.obj)
                0x0000000000001068                z_arm_interrupt_init
 .text._isr_wrapper
                0x0000000000001080       0x30 zephyr/arch/arch/arm/core/cortex_m/libarch__arm__core__cortex_m.a(isr_wrapper.S.obj)
                0x0000000000001080                _isr_wrapper
 .text.z_arm_configure_static_mpu_regions
                0x00000000000010b0       0x18 zephyr/arch/arch/arm/core/mpu/libarch__arm__core__mpu.a(arm_core_mpu.c.obj)
                0x00000000000010b0                z_arm_configure_static_mpu_regions
 .text.z_arm_configure_dynamic_mpu_regions
                0x00000000000010c8       0x24 zephyr/arch/arch/arm/core/mpu/libarch__arm__core__mpu.a(arm_core_mpu.c.obj)
                0x00000000000010c8                z_arm_configure_dynamic_mpu_regions
 .text.region_init
                0x00000000000010ec       0x28 zephyr/arch/arch/arm/core/mpu/libarch__arm__core__mpu.a(arm_mpu.c.obj)
 .text.arm_core_mpu_enable
                0x0000000000001114       0x18 zephyr/arch/arch/arm/core/mpu/libarch__arm__core__mpu.a(arm_mpu.c.obj)
                0x0000000000001114                arm_core_mpu_enable
 .text.arm_core_mpu_disable
                0x000000000000112c       0x14 zephyr/arch/arch/arm/core/mpu/libarch__arm__core__mpu.a(arm_mpu.c.obj)
                0x000000000000112c                arm_core_mpu_disable
 .text.arm_core_mpu_configure_static_mpu_regions
                0x0000000000001140       0x14 zephyr/arch/arch/arm/core/mpu/libarch__arm__core__mpu.a(arm_mpu.c.obj)
                0x0000000000001140                arm_core_mpu_configure_static_mpu_regions
 .text.arm_core_mpu_configure_dynamic_mpu_regions
                0x0000000000001154       0x30 zephyr/arch/arch/arm/core/mpu/libarch__arm__core__mpu.a(arm_mpu.c.obj)
                0x0000000000001154                arm_core_mpu_configure_dynamic_mpu_regions
 .text.z_arm_mpu_init
                0x0000000000001184      0x124 zephyr/arch/arch/arm/core/mpu/libarch__arm__core__mpu.a(arm_mpu.c.obj)
                0x0000000000001184                z_arm_mpu_init
 .text.z_impl_zephyr_fputc
                0x00000000000012a8       0x10 zephyr/lib/libc/picolibc/liblib__libc__picolibc.a(libc-hooks.c.obj)
                0x00000000000012a8                z_impl_zephyr_fputc
 .text.__stdout_hook_install
                0x00000000000012b8       0x18 zephyr/lib/libc/picolibc/liblib__libc__picolibc.a(libc-hooks.c.obj)
                0x00000000000012b8                __stdout_hook_install
 .text.malloc_prepare
                0x00000000000012d0       0x24 zephyr/lib/libc/common/liblib__libc__common.a(malloc.c.obj)
 .text.nordicsemi_nrf52_init
                0x00000000000012f4       0x18 zephyr/soc/soc/arm/nordic_nrf/libsoc__arm__nordic_nrf.a(soc.c.obj)
 .text.arch_busy_wait
                0x000000000000130c       0x14 zephyr/soc/soc/arm/nordic_nrf/libsoc__arm__nordic_nrf.a(soc.c.obj)
                0x000000000000130c                arch_busy_wait
 .text.z_arm_platform_init
                0x0000000000001320        0x4 zephyr/soc/soc/arm/nordic_nrf/libsoc__arm__nordic_nrf.a(soc_nrf_common.S.obj)
                0x0000000000001320                z_arm_platform_init
 .text.adc_context_start_sampling
                0x0000000000001324       0x1c zephyr/drivers/adc/libdrivers__adc.a(adc_nrfx_saadc.c.obj)
 .text.adc_nrfx_channel_setup
                0x0000000000001340       0xd8 zephyr/drivers/adc/libdrivers__adc.a(adc_nrfx_saadc.c.obj)
 .text.adc_nrfx_read
                0x0000000000001418      0x184 zephyr/drivers/adc/libdrivers__adc.a(adc_nrfx_saadc.c.obj)
 .text.init_saadc
                0x000000000000159c       0x44 zephyr/drivers/adc/libdrivers__adc.a(adc_nrfx_saadc.c.obj)
 .text.saadc_irq_handler
                0x00000000000015e0       0xd0 zephyr/drivers/adc/libdrivers__adc.a(adc_nrfx_saadc.c.obj)
 .text.onoff_stop
                0x00000000000016b0       0x30 zephyr/drivers/clock_control/libdrivers__clock_control.a(clock_control_nrf.c.obj)
 .text.onoff_start
                0x00000000000016e0       0x44 zephyr/drivers/clock_control/libdrivers__clock_control.a(clock_control_nrf.c.obj)
 .text.generic_hfclk_stop
                0x0000000000001724       0x34 zephyr/drivers/clock_control/libdrivers__clock_control.a(clock_control_nrf.c.obj)
 .text.clk_init
                0x0000000000001758       0x60 zephyr/drivers/clock_control/libdrivers__clock_control.a(clock_control_nrf.c.obj)
 .text.clkstarted_handle.constprop.0
                0x00000000000017b8       0x34 zephyr/drivers/clock_control/libdrivers__clock_control.a(clock_control_nrf.c.obj)
 .text.clock_event_handler
                0x00000000000017ec       0x34 zephyr/drivers/clock_control/libdrivers__clock_control.a(clock_control_nrf.c.obj)
 .text.generic_hfclk_start
                0x0000000000001820       0x64 zephyr/drivers/clock_control/libdrivers__clock_control.a(clock_control_nrf.c.obj)
 .text.api_blocking_start
                0x0000000000001884       0x34 zephyr/drivers/clock_control/libdrivers__clock_control.a(clock_control_nrf.c.obj)
 .text.z_nrf_clock_control_get_onoff
                0x00000000000018b8       0x10 zephyr/drivers/clock_control/libdrivers__clock_control.a(clock_control_nrf.c.obj)
                0x00000000000018b8                z_nrf_clock_control_get_onoff
 .text.z_nrf_clock_control_lf_on
                0x00000000000018c8       0xb4 zephyr/drivers/clock_control/libdrivers__clock_control.a(clock_control_nrf.c.obj)
                0x00000000000018c8                z_nrf_clock_control_lf_on
 .text.start_cal_process
                0x000000000000197c       0x48 zephyr/drivers/clock_control/libdrivers__clock_control.a(nrf_clock_calibration.c.obj)
 .text.start_cycle
                0x00000000000019c4       0x38 zephyr/drivers/clock_control/libdrivers__clock_control.a(nrf_clock_calibration.c.obj)
 .text.measure_temperature
                0x00000000000019fc       0x88 zephyr/drivers/clock_control/libdrivers__clock_control.a(nrf_clock_calibration.c.obj)
 .text.cal_hf_callback
                0x0000000000001a84       0x2c zephyr/drivers/clock_control/libdrivers__clock_control.a(nrf_clock_calibration.c.obj)
 .text.z_nrf_clock_calibration_init
                0x0000000000001ab0       0x1c zephyr/drivers/clock_control/libdrivers__clock_control.a(nrf_clock_calibration.c.obj)
                0x0000000000001ab0                z_nrf_clock_calibration_init
 .text.z_nrf_clock_calibration_lfclk_started
                0x0000000000001acc       0x10 zephyr/drivers/clock_control/libdrivers__clock_control.a(nrf_clock_calibration.c.obj)
                0x0000000000001acc                z_nrf_clock_calibration_lfclk_started
 .text.z_nrf_clock_calibration_lfclk_stopped
                0x0000000000001adc        0xc zephyr/drivers/clock_control/libdrivers__clock_control.a(nrf_clock_calibration.c.obj)
                0x0000000000001adc                z_nrf_clock_calibration_lfclk_stopped
 .text.z_nrf_clock_calibration_done_handler
                0x0000000000001ae8       0x10 zephyr/drivers/clock_control/libdrivers__clock_control.a(nrf_clock_calibration.c.obj)
                0x0000000000001ae8                z_nrf_clock_calibration_done_handler
 .text.uart_console_init
                0x0000000000001af8       0x28 zephyr/drivers/console/libdrivers__console.a(uart_console.c.obj)
 .text.console_out
                0x0000000000001b20       0x28 zephyr/drivers/console/libdrivers__console.a(uart_console.c.obj)
 .text.gpio_nrfx_pin_interrupt_configure
                0x0000000000001b48      0x100 zephyr/drivers/gpio/libdrivers__gpio.a(gpio_nrfx.c.obj)
 .text.gpio_nrfx_init
                0x0000000000001c48       0x48 zephyr/drivers/gpio/libdrivers__gpio.a(gpio_nrfx.c.obj)
 .text.nrfx_gpio_handler
                0x0000000000001c90       0x4c zephyr/drivers/gpio/libdrivers__gpio.a(gpio_nrfx.c.obj)
 .text.gpio_nrfx_pin_configure
                0x0000000000001cdc      0x18c zephyr/drivers/gpio/libdrivers__gpio.a(gpio_nrfx.c.obj)
 .text.nrf_gpio_pin_port_decode
                0x0000000000001e68       0x20 zephyr/drivers/pinctrl/libdrivers__pinctrl.a(pinctrl_nrf.c.obj)
 .text.pinctrl_configure_pins
                0x0000000000001e88      0x16c zephyr/drivers/pinctrl/libdrivers__pinctrl.a(pinctrl_nrf.c.obj)
                0x0000000000001e88                pinctrl_configure_pins
 .text.bme280_channel_get
                0x0000000000001ff4       0x7c zephyr/drivers/sensor/bme280/libdrivers__sensor__bme280.a(bme280.c.obj)
 .text.bme280_chip_init
                0x0000000000002070      0x15c zephyr/drivers/sensor/bme280/libdrivers__sensor__bme280.a(bme280.c.obj)
 .text.hfclk_on_callback
                0x00000000000021cc        0xc zephyr/drivers/sensor/nrf5/libdrivers__sensor__nrf5.a(temp_nrf5.c.obj)
 .text.temp_nrf5_channel_get
                0x00000000000021d8       0x2c zephyr/drivers/sensor/nrf5/libdrivers__sensor__nrf5.a(temp_nrf5.c.obj)
 .text.temp_nrf5_isr
                0x0000000000002204       0x18 zephyr/drivers/sensor/nrf5/libdrivers__sensor__nrf5.a(temp_nrf5.c.obj)
 .text.temp_nrf5_sample_fetch
                0x000000000000221c       0x78 zephyr/drivers/sensor/nrf5/libdrivers__sensor__nrf5.a(temp_nrf5.c.obj)
 .text.temp_nrf5_init
                0x0000000000002294       0x40 zephyr/drivers/sensor/nrf5/libdrivers__sensor__nrf5.a(temp_nrf5.c.obj)
 .text.uarte_0_init
                0x00000000000022d4      0x274 zephyr/drivers/serial/libdrivers__serial.a(uart_nrfx_uarte.c.obj)
 .text.uarte_nrfx_poll_out
                0x0000000000002548       0x98 zephyr/drivers/serial/libdrivers__serial.a(uart_nrfx_uarte.c.obj)
 .text.transfer_next_chunk
                0x00000000000025e0       0xd0 zephyr/drivers/spi/libdrivers__spi.a(spi_nrfx_spim.c.obj)
 .text.spi_nrfx_transceive
                0x00000000000026b0      0x39c zephyr/drivers/spi/libdrivers__spi.a(spi_nrfx_spim.c.obj)
 .text.nrf_gpio_cfg_input
                0x0000000000002a4c       0x40 zephyr/drivers/spi/libdrivers__spi.a(spi_nrfx_common.c.obj)
 .text.spi_nrfx_wake_init
                0x0000000000002a8c       0x60 zephyr/drivers/spi/libdrivers__spi.a(spi_nrfx_common.c.obj)
                0x0000000000002a8c                spi_nrfx_wake_init
 .text.compare_int_lock
                0x0000000000002aec       0x48 zephyr/drivers/timer/libdrivers__timer.a(nrf_rtc_timer.c.obj)
 .text.sys_clock_timeout_handler
                0x0000000000002b34       0x48 zephyr/drivers/timer/libdrivers__timer.a(nrf_rtc_timer.c.obj)
 .text.compare_int_unlock
                0x0000000000002b7c       0x5c zephyr/drivers/timer/libdrivers__timer.a(nrf_rtc_timer.c.obj)
 .text.z_nrf_rtc_timer_read
                0x0000000000002bd8       0x44 zephyr/drivers/timer/libdrivers__timer.a(nrf_rtc_timer.c.obj)
                0x0000000000002bd8                z_nrf_rtc_timer_read
 .text.compare_set
                0x0000000000002c1c      0x130 zephyr/drivers/timer/libdrivers__timer.a(nrf_rtc_timer.c.obj)
 .text.sys_clock_driver_init
                0x0000000000002d4c       0x90 zephyr/drivers/timer/libdrivers__timer.a(nrf_rtc_timer.c.obj)
 .text.rtc_nrf_isr
                0x0000000000002ddc       0xd4 zephyr/drivers/timer/libdrivers__timer.a(nrf_rtc_timer.c.obj)
                0x0000000000002ddc                rtc_nrf_isr
 .text.sys_clock_set_timeout
                0x0000000000002eb0       0x5c zephyr/drivers/timer/libdrivers__timer.a(nrf_rtc_timer.c.obj)
                0x0000000000002eb0                sys_clock_set_timeout
 .text.sys_clock_elapsed
                0x0000000000002f0c       0x14 zephyr/drivers/timer/libdrivers__timer.a(nrf_rtc_timer.c.obj)
                0x0000000000002f0c                sys_clock_elapsed
 .text.nvmc_wait
                0x0000000000002f20       0x10 modules/hal_nordic/nrfx/libmodules__hal_nordic__nrfx.a(system_nrf52833.c.obj)
                0x0000000000002f20                nvmc_wait
 .text.SystemInit
                0x0000000000002f30      0x14c modules/hal_nordic/nrfx/libmodules__hal_nordic__nrfx.a(system_nrf52833.c.obj)
                0x0000000000002f30                SystemInit
 .text.nrfx_flag32_alloc
                0x000000000000307c       0x48 modules/hal_nordic/nrfx/libmodules__hal_nordic__nrfx.a(nrfx_flag32_allocator.c.obj)
                0x000000000000307c                nrfx_flag32_alloc
 .text.nrfx_flag32_free
                0x00000000000030c4       0x40 modules/hal_nordic/nrfx/libmodules__hal_nordic__nrfx.a(nrfx_flag32_allocator.c.obj)
                0x00000000000030c4                nrfx_flag32_free
 .text.nrfx_gppi_channels_enable
                0x0000000000003104        0xc modules/hal_nordic/nrfx/libmodules__hal_nordic__nrfx.a(nrfx_gppi_ppi.c.obj)
                0x0000000000003104                nrfx_gppi_channels_enable
 .text.nrfx_clock_init
                0x0000000000003110       0x24 modules/hal_nordic/nrfx/libmodules__hal_nordic__nrfx.a(nrfx_clock.c.obj)
                0x0000000000003110                nrfx_clock_init
 .text.nrfx_clock_enable
                0x0000000000003134       0x24 modules/hal_nordic/nrfx/libmodules__hal_nordic__nrfx.a(nrfx_clock.c.obj)
                0x0000000000003134                nrfx_clock_enable
 .text.nrfx_clock_start
                0x0000000000003158       0xa4 modules/hal_nordic/nrfx/libmodules__hal_nordic__nrfx.a(nrfx_clock.c.obj)
                0x0000000000003158                nrfx_clock_start
 .text.nrfx_clock_calibration_start
                0x00000000000031fc       0x70 modules/hal_nordic/nrfx/libmodules__hal_nordic__nrfx.a(nrfx_clock.c.obj)
                0x00000000000031fc                nrfx_clock_calibration_start
 .text.nrfx_power_clock_irq_handler
                0x000000000000326c       0x7c modules/hal_nordic/nrfx/libmodules__hal_nordic__nrfx.a(nrfx_clock.c.obj)
                0x000000000000326c                nrfx_power_clock_irq_handler
 .text.nrf_gpio_pin_port_decode
                0x00000000000032e8       0x20 modules/hal_nordic/nrfx/libmodules__hal_nordic__nrfx.a(nrfx_gpiote.c.obj)
 .text.get_pin_idx
                0x0000000000003308       0x14 modules/hal_nordic/nrfx/libmodules__hal_nordic__nrfx.a(nrfx_gpiote.c.obj)
 .text.call_handler.constprop.0
                0x000000000000331c       0x40 modules/hal_nordic/nrfx/libmodules__hal_nordic__nrfx.a(nrfx_gpiote.c.obj)
 .text.pin_te_get.constprop.0
                0x000000000000335c       0x18 modules/hal_nordic/nrfx/libmodules__hal_nordic__nrfx.a(nrfx_gpiote.c.obj)
 .text.pin_is_output.constprop.0
                0x0000000000003374       0x18 modules/hal_nordic/nrfx/libmodules__hal_nordic__nrfx.a(nrfx_gpiote.c.obj)
 .text.pin_in_use_by_te.constprop.0
                0x000000000000338c       0x18 modules/hal_nordic/nrfx/libmodules__hal_nordic__nrfx.a(nrfx_gpiote.c.obj)
 .text.latch_pending_read_and_check
                0x00000000000033a4       0x40 modules/hal_nordic/nrfx/libmodules__hal_nordic__nrfx.a(nrfx_gpiote.c.obj)
 .text.release_handler.isra.0
                0x00000000000033e4       0x58 modules/hal_nordic/nrfx/libmodules__hal_nordic__nrfx.a(nrfx_gpiote.c.obj)
 .text.__nrfy_internal_gpiote_events_process.constprop.0
                0x000000000000343c       0x5c modules/hal_nordic/nrfx/libmodules__hal_nordic__nrfx.a(nrfx_gpiote.c.obj)
 .text.pin_uninit
                0x0000000000003498       0x80 modules/hal_nordic/nrfx/libmodules__hal_nordic__nrfx.a(nrfx_gpiote.c.obj)
 .text.nrfx_gpiote_input_configure
                0x0000000000003518      0x174 modules/hal_nordic/nrfx/libmodules__hal_nordic__nrfx.a(nrfx_gpiote.c.obj)
                0x0000000000003518                nrfx_gpiote_input_configure
 .text.nrfx_gpiote_output_configure
                0x000000000000368c       0xfc modules/hal_nordic/nrfx/libmodules__hal_nordic__nrfx.a(nrfx_gpiote.c.obj)
                0x000000000000368c                nrfx_gpiote_output_configure
 .text.nrfx_gpiote_global_callback_set
                0x0000000000003788        0xc modules/hal_nordic/nrfx/libmodules__hal_nordic__nrfx.a(nrfx_gpiote.c.obj)
                0x0000000000003788                nrfx_gpiote_global_callback_set
 .text.nrfx_gpiote_channel_get
                0x0000000000003794       0x34 modules/hal_nordic/nrfx/libmodules__hal_nordic__nrfx.a(nrfx_gpiote.c.obj)
                0x0000000000003794                nrfx_gpiote_channel_get
 .text.nrfx_gpiote_init
                0x00000000000037c8       0x70 modules/hal_nordic/nrfx/libmodules__hal_nordic__nrfx.a(nrfx_gpiote.c.obj)
                0x00000000000037c8                nrfx_gpiote_init
 .text.nrfx_gpiote_init_check
                0x0000000000003838       0x14 modules/hal_nordic/nrfx/libmodules__hal_nordic__nrfx.a(nrfx_gpiote.c.obj)
                0x0000000000003838                nrfx_gpiote_init_check
 .text.nrfx_gpiote_channel_free
                0x000000000000384c        0xc modules/hal_nordic/nrfx/libmodules__hal_nordic__nrfx.a(nrfx_gpiote.c.obj)
                0x000000000000384c                nrfx_gpiote_channel_free
 .text.nrfx_gpiote_channel_alloc
                0x0000000000003858        0xc modules/hal_nordic/nrfx/libmodules__hal_nordic__nrfx.a(nrfx_gpiote.c.obj)
                0x0000000000003858                nrfx_gpiote_channel_alloc
 .text.nrfx_gpiote_trigger_enable
                0x0000000000003864       0x9c modules/hal_nordic/nrfx/libmodules__hal_nordic__nrfx.a(nrfx_gpiote.c.obj)
                0x0000000000003864                nrfx_gpiote_trigger_enable
 .text.nrfx_gpiote_0_irq_handler
                0x0000000000003900      0x1bc modules/hal_nordic/nrfx/libmodules__hal_nordic__nrfx.a(nrfx_gpiote.c.obj)
                0x0000000000003900                nrfx_gpiote_0_irq_handler
 .text.nrfx_ppi_channel_alloc
                0x0000000000003abc        0xc modules/hal_nordic/nrfx/libmodules__hal_nordic__nrfx.a(nrfx_ppi.c.obj)
                0x0000000000003abc                nrfx_ppi_channel_alloc
 .text.nrf_gpio_pin_port_decode
                0x0000000000003ac8       0x20 modules/hal_nordic/nrfx/libmodules__hal_nordic__nrfx.a(nrfx_spim.c.obj)
 .text.pin_init
                0x0000000000003ae8       0x50 modules/hal_nordic/nrfx/libmodules__hal_nordic__nrfx.a(nrfx_spim.c.obj)
 .text.spim_configuration_verify
                0x0000000000003b38       0x94 modules/hal_nordic/nrfx/libmodules__hal_nordic__nrfx.a(nrfx_spim.c.obj)
 .text.spim_configure
                0x0000000000003bcc      0x25c modules/hal_nordic/nrfx/libmodules__hal_nordic__nrfx.a(nrfx_spim.c.obj)
 .text.spim_pin_uninit
                0x0000000000003e28       0x30 modules/hal_nordic/nrfx/libmodules__hal_nordic__nrfx.a(nrfx_spim.c.obj)
 .text.nrfx_spim_init
                0x0000000000003e58       0x68 modules/hal_nordic/nrfx/libmodules__hal_nordic__nrfx.a(nrfx_spim.c.obj)
                0x0000000000003e58                nrfx_spim_init
 .text.nrfx_spim_uninit
                0x0000000000003ec0       0x90 modules/hal_nordic/nrfx/libmodules__hal_nordic__nrfx.a(nrfx_spim.c.obj)
                0x0000000000003ec0                nrfx_spim_uninit
 .text.nrfx_spim_xfer
                0x0000000000003f50      0x164 modules/hal_nordic/nrfx/libmodules__hal_nordic__nrfx.a(nrfx_spim.c.obj)
                0x0000000000003f50                nrfx_spim_xfer
 .text.nrfx_spim_1_irq_handler
                0x00000000000040b4       0x10 modules/hal_nordic/nrfx/libmodules__hal_nordic__nrfx.a(nrfx_spim.c.obj)
                0x00000000000040b4                nrfx_spim_1_irq_handler
 .text.nrfx_spim_3_irq_handler
                0x00000000000040c4       0x10 modules/hal_nordic/nrfx/libmodules__hal_nordic__nrfx.a(nrfx_spim.c.obj)
                0x00000000000040c4                nrfx_spim_3_irq_handler
 .text._DoInit  0x00000000000040d4       0x68 modules/segger/libmodules__segger.a(SEGGER_RTT.c.obj)
 .text.z_fatal_error
                0x000000000000413c       0x30 zephyr/kernel/libkernel.a(fatal.c.obj)
                0x000000000000413c                z_fatal_error
 .text.z_sys_init_run_level
                0x000000000000416c       0x48 zephyr/kernel/libkernel.a(init.c.obj)
 .text.bg_thread_main
                0x00000000000041b4       0x34 zephyr/kernel/libkernel.a(init.c.obj)
 .text.z_bss_zero
                0x00000000000041e8       0x18 zephyr/kernel/libkernel.a(init.c.obj)
                0x00000000000041e8                z_bss_zero
 .text.z_init_cpu
                0x0000000000004200       0x94 zephyr/kernel/libkernel.a(init.c.obj)
                0x0000000000004200                z_init_cpu
 .text.z_cstart
                0x0000000000004294       0xdc zephyr/kernel/libkernel.a(init.c.obj)
                0x0000000000004294                z_cstart
 .text.z_thread_monitor_exit
                0x0000000000004370       0x3c zephyr/kernel/libkernel.a(thread.c.obj)
                0x0000000000004370                z_thread_monitor_exit
 .text.z_impl_k_thread_name_set
                0x00000000000043ac       0x20 zephyr/kernel/libkernel.a(thread.c.obj)
                0x00000000000043ac                z_impl_k_thread_name_set
 .text.z_setup_new_thread
                0x00000000000043cc       0xd4 zephyr/kernel/libkernel.a(thread.c.obj)
                0x00000000000043cc                z_setup_new_thread
 .text.z_impl_k_thread_create
                0x00000000000044a0       0x58 zephyr/kernel/libkernel.a(thread.c.obj)
                0x00000000000044a0                z_impl_k_thread_create
 .text.z_init_static_threads
                0x00000000000044f8       0x98 zephyr/kernel/libkernel.a(thread.c.obj)
                0x00000000000044f8                z_init_static_threads
 .text.z_impl_k_mutex_unlock
                0x0000000000004590       0x7c zephyr/kernel/libkernel.a(mutex.c.obj)
                0x0000000000004590                z_impl_k_mutex_unlock
 .text.z_impl_k_mutex_lock
                0x000000000000460c       0xf4 zephyr/kernel/libkernel.a(mutex.c.obj)
                0x000000000000460c                z_impl_k_mutex_lock
 .text.z_impl_k_sem_give
                0x0000000000004700       0x4c zephyr/kernel/libkernel.a(sem.c.obj)
                0x0000000000004700                z_impl_k_sem_give
 .text.z_impl_k_sem_take
                0x000000000000474c       0x50 zephyr/kernel/libkernel.a(sem.c.obj)
                0x000000000000474c                z_impl_k_sem_take
 .text.z_impl_k_sem_reset
                0x000000000000479c       0x3c zephyr/kernel/libkernel.a(sem.c.obj)
                0x000000000000479c                z_impl_k_sem_reset
 .text.work_queue_main
                0x00000000000047d8      0x138 zephyr/kernel/libkernel.a(work.c.obj)
 .text.submit_to_queue_locked
                0x0000000000004910       0xb4 zephyr/kernel/libkernel.a(work.c.obj)
 .text.k_work_submit
                0x00000000000049c4        0xc zephyr/kernel/libkernel.a(work.c.obj)
                0x00000000000049c4                k_work_submit
 .text.k_work_queue_start
                0x00000000000049d0       0x70 zephyr/kernel/libkernel.a(work.c.obj)
                0x00000000000049d0                k_work_queue_start
 .text.sliceable
                0x0000000000004a40       0x3c zephyr/kernel/libkernel.a(sched.c.obj)
 .text.slice_timeout
                0x0000000000004a7c       0x20 zephyr/kernel/libkernel.a(sched.c.obj)
 .text.z_reset_time_slice
                0x0000000000004a9c       0x50 zephyr/kernel/libkernel.a(sched.c.obj)
                0x0000000000004a9c                z_reset_time_slice
 .text.update_cache
                0x0000000000004aec       0x3c zephyr/kernel/libkernel.a(sched.c.obj)
 .text.move_thread_to_end_of_prio_q
                0x0000000000004b28       0x74 zephyr/kernel/libkernel.a(sched.c.obj)
 .text.ready_thread
                0x0000000000004b9c       0x68 zephyr/kernel/libkernel.a(sched.c.obj)
 .text.unready_thread
                0x0000000000004c04       0x30 zephyr/kernel/libkernel.a(sched.c.obj)
 .text.pend_locked
                0x0000000000004c34       0x30 zephyr/kernel/libkernel.a(sched.c.obj)
 .text.z_thread_halt
                0x0000000000004c64       0xac zephyr/kernel/libkernel.a(sched.c.obj)
 .text.z_time_slice
                0x0000000000004d10       0x60 zephyr/kernel/libkernel.a(sched.c.obj)
                0x0000000000004d10                z_time_slice
 .text.z_pend_curr
                0x0000000000004d70       0x3c zephyr/kernel/libkernel.a(sched.c.obj)
                0x0000000000004d70                z_pend_curr
 .text.z_set_prio
                0x0000000000004dac       0x8c zephyr/kernel/libkernel.a(sched.c.obj)
                0x0000000000004dac                z_set_prio
 .text.z_reschedule
                0x0000000000004e38       0x24 zephyr/kernel/libkernel.a(sched.c.obj)
                0x0000000000004e38                z_reschedule
 .text.z_sched_start
                0x0000000000004e5c       0x3c zephyr/kernel/libkernel.a(sched.c.obj)
                0x0000000000004e5c                z_sched_start
 .text.k_sched_lock
                0x0000000000004e98       0x28 zephyr/kernel/libkernel.a(sched.c.obj)
                0x0000000000004e98                k_sched_lock
 .text.k_sched_unlock
                0x0000000000004ec0       0x38 zephyr/kernel/libkernel.a(sched.c.obj)
                0x0000000000004ec0                k_sched_unlock
 .text.z_sched_init
                0x0000000000004ef8       0x10 zephyr/kernel/libkernel.a(sched.c.obj)
                0x0000000000004ef8                z_sched_init
 .text.z_impl_k_yield
                0x0000000000004f08       0x7c zephyr/kernel/libkernel.a(sched.c.obj)
                0x0000000000004f08                z_impl_k_yield
 .text.z_tick_sleep
                0x0000000000004f84       0x88 zephyr/kernel/libkernel.a(sched.c.obj)
 .text.z_impl_k_sleep
                0x000000000000500c       0x34 zephyr/kernel/libkernel.a(sched.c.obj)
                0x000000000000500c                z_impl_k_sleep
 .text.z_impl_k_sched_current_thread_query
                0x0000000000005040        0xc zephyr/kernel/libkernel.a(sched.c.obj)
                0x0000000000005040                z_impl_k_sched_current_thread_query
 .text.z_sched_wait
                0x000000000000504c       0x24 zephyr/kernel/libkernel.a(sched.c.obj)
                0x000000000000504c                z_sched_wait
 .text.z_data_copy
                0x0000000000005070       0x34 zephyr/kernel/libkernel.a(xip.c.obj)
                0x0000000000005070                z_data_copy
 .text.elapsed  0x00000000000050a4       0x14 zephyr/kernel/libkernel.a(timeout.c.obj)
 .text.next_timeout
                0x00000000000050b8       0x40 zephyr/kernel/libkernel.a(timeout.c.obj)
 .text.remove_timeout
                0x00000000000050f8       0x38 zephyr/kernel/libkernel.a(timeout.c.obj)
 .text.z_add_timeout
                0x0000000000005130       0xec zephyr/kernel/libkernel.a(timeout.c.obj)
                0x0000000000005130                z_add_timeout
 .text.sys_clock_announce
                0x000000000000521c       0xd4 zephyr/kernel/libkernel.a(timeout.c.obj)
                0x000000000000521c                sys_clock_announce
 .text.sys_clock_tick_get
                0x00000000000052f0       0x34 zephyr/kernel/libkernel.a(timeout.c.obj)
                0x00000000000052f0                sys_clock_tick_get
 .text.z_timer_expiration_handler
                0x0000000000005324       0xe4 zephyr/kernel/libkernel.a(timer.c.obj)
                0x0000000000005324                z_timer_expiration_handler
 .text.z_impl_k_timer_start
                0x0000000000005408       0x74 zephyr/kernel/libkernel.a(timer.c.obj)
                0x0000000000005408                z_impl_k_timer_start
 .text.boot_banner
                0x000000000000547c        0xc zephyr/kernel/libkernel.a(banner.c.obj)
                0x000000000000547c                boot_banner
 .text.k_sys_work_q_init
                0x0000000000005488       0x34 zephyr/kernel/libkernel.a(system_work_q.c.obj)
 .text.__l_vfprintf
                0x00000000000054bc      0x4b8 d:\aplikacje\nrf\toolchains\cf2149caf2\opt\zephyr-sdk\arm-zephyr-eabi\bin\../lib/gcc/../../picolibc/arm-zephyr-eabi/lib/thumb/v7e-m/nofp\libc.a(libc_tinystdio_vflprintf.c.o)
                0x00000000000054bc                __l_vfprintf
 .text._OffsetAbsSyms
                0x0000000000005974        0x2 zephyr/CMakeFiles/offsets.dir/./arch/arm/core/offsets/offsets.c.obj
                0x0000000000005974                _OffsetAbsSyms
 .text.EpdSendCommand
                0x0000000000005976       0x14 app/libapp.a(epd1in54_V2.c.obj)
                0x0000000000005976                EpdSendCommand
 .text.EpdSendData
                0x000000000000598a       0x14 app/libapp.a(epd1in54_V2.c.obj)
                0x000000000000598a                EpdSendData
 .text.EpdWaitUntilIdle
                0x000000000000599e        0x6 app/libapp.a(epd1in54_V2.c.obj)
                0x000000000000599e                EpdWaitUntilIdle
 .text.EpdLut   0x00000000000059a4       0x22 app/libapp.a(epd1in54_V2.c.obj)
                0x00000000000059a4                EpdLut
 .text.EpdSetLut
                0x00000000000059c6       0x54 app/libapp.a(epd1in54_V2.c.obj)
                0x00000000000059c6                EpdSetLut
 .text.EpdReset
                0x0000000000005a1a       0x1e app/libapp.a(epd1in54_V2.c.obj)
                0x0000000000005a1a                EpdReset
 .text.EpdDisplayFrame
                0x0000000000005a38       0x1c app/libapp.a(epd1in54_V2.c.obj)
                0x0000000000005a38                EpdDisplayFrame
 .text.EpdClear
                0x0000000000005a54       0x3a app/libapp.a(epd1in54_V2.c.obj)
                0x0000000000005a54                EpdClear
 .text.EpdDisplayPartBaseImage
                0x0000000000005a8e       0x5c app/libapp.a(epd1in54_V2.c.obj)
                0x0000000000005a8e                EpdDisplayPartBaseImage
 .text.EpdSleep
                0x0000000000005aea       0x1e app/libapp.a(epd1in54_V2.c.obj)
                0x0000000000005aea                EpdSleep
 .text.gpio_pin_configure_dt
                0x0000000000005b08       0x3e app/libapp.a(epdif.c.obj)
 .text.gpio_pin_set_dt.isra.0
                0x0000000000005b46       0x28 app/libapp.a(epdif.c.obj)
 .text.DelayMs  0x0000000000005b6e       0x26 app/libapp.a(epdif.c.obj)
                0x0000000000005b6e                DelayMs
 .text.arch_printk_char_out
                0x0000000000005b94        0x4 zephyr/libzephyr.a(printk.c.obj)
                0x0000000000005b94                arch_printk_char_out
 .text.printk   0x0000000000005b98       0x1a zephyr/libzephyr.a(printk.c.obj)
                0x0000000000005b98                printk
 .text.chunk_size
                0x0000000000005bb2        0xa zephyr/libzephyr.a(heap.c.obj)
 .text.free_list_add
                0x0000000000005bbc       0x4e zephyr/libzephyr.a(heap.c.obj)
 .text.sys_heap_init
                0x0000000000005c0a       0x7a zephyr/libzephyr.a(heap.c.obj)
                0x0000000000005c0a                sys_heap_init
 .text.process_recheck
                0x0000000000005c84       0x38 zephyr/libzephyr.a(onoff.c.obj)
 .text.validate_args
                0x0000000000005cbc       0x20 zephyr/libzephyr.a(onoff.c.obj)
 .text.notify_one
                0x0000000000005cdc       0x2c zephyr/libzephyr.a(onoff.c.obj)
 .text.transition_complete
                0x0000000000005d08       0x1c zephyr/libzephyr.a(onoff.c.obj)
 .text.onoff_manager_init
                0x0000000000005d24       0x26 zephyr/libzephyr.a(onoff.c.obj)
                0x0000000000005d24                onoff_manager_init
 .text.onoff_request
                0x0000000000005d4a       0xb0 zephyr/libzephyr.a(onoff.c.obj)
                0x0000000000005d4a                onoff_request
 .text.onoff_release
                0x0000000000005dfa       0x4a zephyr/libzephyr.a(onoff.c.obj)
                0x0000000000005dfa                onoff_release
 .text.sys_notify_validate
                0x0000000000005e44       0x22 zephyr/libzephyr.a(notify.c.obj)
                0x0000000000005e44                sys_notify_validate
 .text.sys_notify_finalize
                0x0000000000005e66       0x1a zephyr/libzephyr.a(notify.c.obj)
                0x0000000000005e66                sys_notify_finalize
 .text._ConfigAbsSyms
                0x0000000000005e80        0x2 zephyr/libzephyr.a(configs.c.obj)
                0x0000000000005e80                _ConfigAbsSyms
 .text.sys_trace_isr_enter
                0x0000000000005e82        0x2 zephyr/libzephyr.a(tracing_none.c.obj)
                0x0000000000005e82                sys_trace_isr_enter
 .text.sys_trace_isr_exit
                0x0000000000005e84        0x2 zephyr/libzephyr.a(tracing_none.c.obj)
                0x0000000000005e84                sys_trace_isr_exit
 .text.sys_trace_idle
                0x0000000000005e86        0x2 zephyr/libzephyr.a(tracing_none.c.obj)
                0x0000000000005e86                sys_trace_idle
 .text.z_arm_fatal_error
                0x0000000000005e88        0x4 zephyr/arch/arch/arm/core/libarch__arm__core.a(fatal.c.obj)
                0x0000000000005e88                z_arm_fatal_error
 .text.z_do_kernel_oops
                0x0000000000005e8c        0x8 zephyr/arch/arch/arm/core/libarch__arm__core.a(fatal.c.obj)
                0x0000000000005e8c                z_do_kernel_oops
 .text.z_arm_nmi
                0x0000000000005e94        0xe zephyr/arch/arch/arm/core/libarch__arm__core.a(nmi.c.obj)
                0x0000000000005e94                z_arm_nmi
 .text.z_irq_spurious
                0x0000000000005ea2        0x8 zephyr/arch/arch/arm/core/cortex_m/libarch__arm__core__cortex_m.a(irq_manage.c.obj)
                0x0000000000005ea2                z_irq_spurious
 .text.size_to_mpu_rasr_size
                0x0000000000005eaa       0x20 zephyr/arch/arch/arm/core/mpu/libarch__arm__core__mpu.a(arm_mpu.c.obj)
 .text.mpu_configure_regions
                0x0000000000005eca       0x5c zephyr/arch/arch/arm/core/mpu/libarch__arm__core__mpu.a(arm_mpu.c.obj)
 .text.picolibc_put
                0x0000000000005f26        0xa zephyr/lib/libc/picolibc/liblib__libc__picolibc.a(libc-hooks.c.obj)
 .text.adc_context_on_timer_expired
                0x0000000000005f30       0x2e zephyr/drivers/adc/libdrivers__adc.a(adc_nrfx_saadc.c.obj)
 .text.get_status
                0x0000000000005f5e       0x12 zephyr/drivers/clock_control/libdrivers__clock_control.a(clock_control_nrf.c.obj)
 .text.set_on_state
                0x0000000000005f70       0x26 zephyr/drivers/clock_control/libdrivers__clock_control.a(clock_control_nrf.c.obj)
 .text.stop     0x0000000000005f96       0x54 zephyr/drivers/clock_control/libdrivers__clock_control.a(clock_control_nrf.c.obj)
 .text.api_stop
                0x0000000000005fea        0x6 zephyr/drivers/clock_control/libdrivers__clock_control.a(clock_control_nrf.c.obj)
 .text.async_start
                0x0000000000005ff0       0x5e zephyr/drivers/clock_control/libdrivers__clock_control.a(clock_control_nrf.c.obj)
 .text.api_start
                0x000000000000604e        0xe zephyr/drivers/clock_control/libdrivers__clock_control.a(clock_control_nrf.c.obj)
 .text.onoff_started_callback
                0x000000000000605c       0x12 zephyr/drivers/clock_control/libdrivers__clock_control.a(clock_control_nrf.c.obj)
 .text.lfclk_start
                0x000000000000606e        0x6 zephyr/drivers/clock_control/libdrivers__clock_control.a(clock_control_nrf.c.obj)
 .text.blocking_start_callback
                0x0000000000006074        0x6 zephyr/drivers/clock_control/libdrivers__clock_control.a(clock_control_nrf.c.obj)
 .text.lfclk_stop
                0x000000000000607a       0x10 zephyr/drivers/clock_control/libdrivers__clock_control.a(clock_control_nrf.c.obj)
 .text.timeout_handler
                0x000000000000608a        0x4 zephyr/drivers/clock_control/libdrivers__clock_control.a(nrf_clock_calibration.c.obj)
 .text.gpio_nrfx_port_get_raw
                0x000000000000608e        0xe zephyr/drivers/gpio/libdrivers__gpio.a(gpio_nrfx.c.obj)
 .text.gpio_nrfx_port_set_masked_raw
                0x000000000000609c       0x18 zephyr/drivers/gpio/libdrivers__gpio.a(gpio_nrfx.c.obj)
 .text.gpio_nrfx_port_set_bits_raw
                0x00000000000060b4        0xc zephyr/drivers/gpio/libdrivers__gpio.a(gpio_nrfx.c.obj)
 .text.gpio_nrfx_port_clear_bits_raw
                0x00000000000060c0        0xc zephyr/drivers/gpio/libdrivers__gpio.a(gpio_nrfx.c.obj)
 .text.gpio_nrfx_port_toggle_bits
                0x00000000000060cc       0x1a zephyr/drivers/gpio/libdrivers__gpio.a(gpio_nrfx.c.obj)
 .text.gpio_nrfx_manage_callback
                0x00000000000060e6       0x52 zephyr/drivers/gpio/libdrivers__gpio.a(gpio_nrfx.c.obj)
 .text.pinctrl_lookup_state
                0x0000000000006138       0x26 zephyr/drivers/pinctrl/libdrivers__pinctrl.a(common.c.obj)
                0x0000000000006138                pinctrl_lookup_state
 .text.bme280_reg_write.isra.0
                0x000000000000615e        0x6 zephyr/drivers/sensor/bme280/libdrivers__sensor__bme280.a(bme280.c.obj)
 .text.bme280_reg_read.isra.0
                0x0000000000006164        0xc zephyr/drivers/sensor/bme280/libdrivers__sensor__bme280.a(bme280.c.obj)
 .text.bme280_wait_until_ready
                0x0000000000006170       0x32 zephyr/drivers/sensor/bme280/libdrivers__sensor__bme280.a(bme280.c.obj)
 .text.bme280_sample_fetch
                0x00000000000061a2      0x236 zephyr/drivers/sensor/bme280/libdrivers__sensor__bme280.a(bme280.c.obj)
 .text.bme280_reg_write_spi
                0x00000000000063d8       0x34 zephyr/drivers/sensor/bme280/libdrivers__sensor__bme280.a(bme280_spi.c.obj)
 .text.bme280_bus_check_spi
                0x000000000000640c       0x22 zephyr/drivers/sensor/bme280/libdrivers__sensor__bme280.a(bme280_spi.c.obj)
 .text.bme280_reg_read_spi
                0x000000000000642e       0x66 zephyr/drivers/sensor/bme280/libdrivers__sensor__bme280.a(bme280_spi.c.obj)
 .text.uarte_nrfx_err_check
                0x0000000000006494        0xe zephyr/drivers/serial/libdrivers__serial.a(uart_nrfx_uarte.c.obj)
 .text.tx_start
                0x00000000000064a2       0x3e zephyr/drivers/serial/libdrivers__serial.a(uart_nrfx_uarte.c.obj)
 .text.uarte_nrfx_poll_in
                0x00000000000064e0       0x28 zephyr/drivers/serial/libdrivers__serial.a(uart_nrfx_uarte.c.obj)
 .text.uarte_nrfx_fifo_read
                0x0000000000006508       0x2e zephyr/drivers/serial/libdrivers__serial.a(uart_nrfx_uarte.c.obj)
 .text.uarte_nrfx_irq_tx_enable
                0x0000000000006536       0x2e zephyr/drivers/serial/libdrivers__serial.a(uart_nrfx_uarte.c.obj)
 .text.uarte_nrfx_irq_tx_disable
                0x0000000000006564        0xa zephyr/drivers/serial/libdrivers__serial.a(uart_nrfx_uarte.c.obj)
 .text.uarte_nrfx_irq_tx_ready_complete
                0x000000000000656e       0x2a zephyr/drivers/serial/libdrivers__serial.a(uart_nrfx_uarte.c.obj)
 .text.uarte_nrfx_irq_rx_ready
                0x0000000000006598       0x10 zephyr/drivers/serial/libdrivers__serial.a(uart_nrfx_uarte.c.obj)
 .text.uarte_nrfx_irq_rx_enable
                0x00000000000065a8        0xc zephyr/drivers/serial/libdrivers__serial.a(uart_nrfx_uarte.c.obj)
 .text.uarte_nrfx_irq_rx_disable
                0x00000000000065b4        0xc zephyr/drivers/serial/libdrivers__serial.a(uart_nrfx_uarte.c.obj)
 .text.uarte_nrfx_irq_err_enable
                0x00000000000065c0        0xe zephyr/drivers/serial/libdrivers__serial.a(uart_nrfx_uarte.c.obj)
 .text.uarte_nrfx_irq_err_disable
                0x00000000000065ce        0xe zephyr/drivers/serial/libdrivers__serial.a(uart_nrfx_uarte.c.obj)
 .text.uarte_nrfx_irq_is_pending
                0x00000000000065dc       0x36 zephyr/drivers/serial/libdrivers__serial.a(uart_nrfx_uarte.c.obj)
 .text.uarte_nrfx_irq_update
                0x0000000000006612        0x4 zephyr/drivers/serial/libdrivers__serial.a(uart_nrfx_uarte.c.obj)
 .text.uarte_nrfx_irq_callback_set
                0x0000000000006616        0xc zephyr/drivers/serial/libdrivers__serial.a(uart_nrfx_uarte.c.obj)
 .text.is_tx_ready.isra.0
                0x0000000000006622       0x20 zephyr/drivers/serial/libdrivers__serial.a(uart_nrfx_uarte.c.obj)
 .text.uarte_nrfx_fifo_fill
                0x0000000000006642       0x78 zephyr/drivers/serial/libdrivers__serial.a(uart_nrfx_uarte.c.obj)
 .text.uarte_nrfx_isr_int
                0x00000000000066ba       0xc0 zephyr/drivers/serial/libdrivers__serial.a(uart_nrfx_uarte.c.obj)
 .text.irq_connect1
                0x000000000000677a        0xa zephyr/drivers/spi/libdrivers__spi.a(spi_nrfx_spim.c.obj)
 .text.irq_connect3
                0x0000000000006784        0xa zephyr/drivers/spi/libdrivers__spi.a(spi_nrfx_spim.c.obj)
 .text.spi_context_get_next_buf.constprop.0
                0x000000000000678e       0x26 zephyr/drivers/spi/libdrivers__spi.a(spi_nrfx_spim.c.obj)
 .text.gpio_pin_set_dt.isra.0
                0x00000000000067b4       0x28 zephyr/drivers/spi/libdrivers__spi.a(spi_nrfx_spim.c.obj)
 .text.spi_context_unlock_unconditionally
                0x00000000000067dc       0x30 zephyr/drivers/spi/libdrivers__spi.a(spi_nrfx_spim.c.obj)
 .text.spi_nrfx_release
                0x000000000000680c       0x24 zephyr/drivers/spi/libdrivers__spi.a(spi_nrfx_spim.c.obj)
 .text.spi_nrfx_init
                0x0000000000006830       0xc6 zephyr/drivers/spi/libdrivers__spi.a(spi_nrfx_spim.c.obj)
 .text.event_handler
                0x00000000000068f6       0xba zephyr/drivers/spi/libdrivers__spi.a(spi_nrfx_spim.c.obj)
 .text.spi_nrfx_wake_request
                0x00000000000069b0       0x50 zephyr/drivers/spi/libdrivers__spi.a(spi_nrfx_common.c.obj)
                0x00000000000069b0                spi_nrfx_wake_request
 .text.event_clear
                0x0000000000006a00       0x18 zephyr/drivers/timer/libdrivers__timer.a(nrf_rtc_timer.c.obj)
 .text.sys_clock_cycle_get_32
                0x0000000000006a18        0x8 zephyr/drivers/timer/libdrivers__timer.a(nrf_rtc_timer.c.obj)
                0x0000000000006a18                sys_clock_cycle_get_32
 .text.k_sys_fatal_error_handler
                0x0000000000006a20        0x8 modules/nrf/lib/fatal_error/lib..__nrf__lib__fatal_error.a(fatal_error.c.obj)
                0x0000000000006a20                k_sys_fatal_error_handler
 .text.nrfx_isr
                0x0000000000006a28        0x2 modules/hal_nordic/nrfx/libmodules__hal_nordic__nrfx.a(nrfx_glue.c.obj)
                0x0000000000006a28                nrfx_isr
 .text.nrfx_busy_wait
                0x0000000000006a2a        0x4 modules/hal_nordic/nrfx/libmodules__hal_nordic__nrfx.a(nrfx_glue.c.obj)
                0x0000000000006a2a                nrfx_busy_wait
 .text.nrfx_gppi_channel_endpoints_setup
                0x0000000000006a2e       0x14 modules/hal_nordic/nrfx/libmodules__hal_nordic__nrfx.a(nrfx_gppi_ppi.c.obj)
                0x0000000000006a2e                nrfx_gppi_channel_endpoints_setup
 .text.clock_stop
                0x0000000000006a42       0xb4 modules/hal_nordic/nrfx/libmodules__hal_nordic__nrfx.a(nrfx_clock.c.obj)
 .text.nrfx_clock_stop
                0x0000000000006af6        0x4 modules/hal_nordic/nrfx/libmodules__hal_nordic__nrfx.a(nrfx_clock.c.obj)
                0x0000000000006af6                nrfx_clock_stop
 .text.nrf_gpio_reconfigure
                0x0000000000006afa       0x92 modules/hal_nordic/nrfx/libmodules__hal_nordic__nrfx.a(nrfx_gpiote.c.obj)
 .text.nrf_gpio_cfg_sense_set
                0x0000000000006b8c       0x1e modules/hal_nordic/nrfx/libmodules__hal_nordic__nrfx.a(nrfx_gpiote.c.obj)
 .text.pin_in_event_get.isra.0
                0x0000000000006baa       0x22 modules/hal_nordic/nrfx/libmodules__hal_nordic__nrfx.a(nrfx_gpiote.c.obj)
 .text.pin_trigger_disable
                0x0000000000006bcc       0x48 modules/hal_nordic/nrfx/libmodules__hal_nordic__nrfx.a(nrfx_gpiote.c.obj)
 .text.nrfx_gpiote_pin_uninit
                0x0000000000006c14        0x4 modules/hal_nordic/nrfx/libmodules__hal_nordic__nrfx.a(nrfx_gpiote.c.obj)
                0x0000000000006c14                nrfx_gpiote_pin_uninit
 .text.nrfx_gpiote_trigger_disable
                0x0000000000006c18        0x4 modules/hal_nordic/nrfx/libmodules__hal_nordic__nrfx.a(nrfx_gpiote.c.obj)
                0x0000000000006c18                nrfx_gpiote_trigger_disable
 .text.nrfx_gpiote_in_event_get
                0x0000000000006c1c        0x6 modules/hal_nordic/nrfx/libmodules__hal_nordic__nrfx.a(nrfx_gpiote.c.obj)
                0x0000000000006c1c                nrfx_gpiote_in_event_get
 .text.__nrfy_internal_spim_event_handle
                0x0000000000006c22       0x2a modules/hal_nordic/nrfx/libmodules__hal_nordic__nrfx.a(nrfx_spim.c.obj)
 .text.__nrfy_internal_spim_events_process
                0x0000000000006c4c       0x7c modules/hal_nordic/nrfx/libmodules__hal_nordic__nrfx.a(nrfx_spim.c.obj)
 .text.nrf_gpio_pin_set
                0x0000000000006cc8       0x1a modules/hal_nordic/nrfx/libmodules__hal_nordic__nrfx.a(nrfx_spim.c.obj)
 .text.nrf_gpio_pin_clear
                0x0000000000006ce2       0x1a modules/hal_nordic/nrfx/libmodules__hal_nordic__nrfx.a(nrfx_spim.c.obj)
 .text.spim_abort
                0x0000000000006cfc       0x2c modules/hal_nordic/nrfx/libmodules__hal_nordic__nrfx.a(nrfx_spim.c.obj)
 .text.irq_handler
                0x0000000000006d28       0x46 modules/hal_nordic/nrfx/libmodules__hal_nordic__nrfx.a(nrfx_spim.c.obj)
 .text.SEGGER_RTT_Init
                0x0000000000006d6e        0x4 modules/segger/libmodules__segger.a(SEGGER_RTT.c.obj)
                0x0000000000006d6e                SEGGER_RTT_Init
 .text.rtt_init
                0x0000000000006d72        0xa modules/segger/libmodules__segger.a(SEGGER_RTT_zephyr.c.obj)
 .text.z_impl_k_busy_wait
                0x0000000000006d7c        0x8 zephyr/kernel/libkernel.a(busy_wait.c.obj)
                0x0000000000006d7c                z_impl_k_busy_wait
 .text.z_device_state_init
                0x0000000000006d84        0x2 zephyr/kernel/libkernel.a(device.c.obj)
                0x0000000000006d84                z_device_state_init
 .text.z_device_is_ready
                0x0000000000006d86       0x16 zephyr/kernel/libkernel.a(device.c.obj)
                0x0000000000006d86                z_device_is_ready
 .text.z_early_memset
                0x0000000000006d9c        0x4 zephyr/kernel/libkernel.a(init.c.obj)
                0x0000000000006d9c                z_early_memset
 .text.z_early_memcpy
                0x0000000000006da0        0x4 zephyr/kernel/libkernel.a(init.c.obj)
                0x0000000000006da0                z_early_memcpy
 .text.k_is_in_isr
                0x0000000000006da4        0xc zephyr/kernel/libkernel.a(thread.c.obj)
                0x0000000000006da4                k_is_in_isr
 .text.z_impl_k_thread_start
                0x0000000000006db0        0x4 zephyr/kernel/libkernel.a(thread.c.obj)
                0x0000000000006db0                z_impl_k_thread_start
 .text.z_thread_mark_switched_in
                0x0000000000006db4        0x2 zephyr/kernel/libkernel.a(thread.c.obj)
                0x0000000000006db4                z_thread_mark_switched_in
 .text.z_thread_mark_switched_out
                0x0000000000006db6        0x2 zephyr/kernel/libkernel.a(thread.c.obj)
                0x0000000000006db6                z_thread_mark_switched_out
 .text.idle     0x0000000000006db8       0x18 zephyr/kernel/libkernel.a(idle.c.obj)
                0x0000000000006db8                idle
 .text.adjust_owner_prio.isra.0
                0x0000000000006dd0       0x10 zephyr/kernel/libkernel.a(mutex.c.obj)
 .text.z_impl_k_mutex_init
                0x0000000000006de0        0xe zephyr/kernel/libkernel.a(mutex.c.obj)
                0x0000000000006de0                z_impl_k_mutex_init
 .text.z_impl_k_sem_init
                0x0000000000006dee       0x18 zephyr/kernel/libkernel.a(sem.c.obj)
                0x0000000000006dee                z_impl_k_sem_init
 .text.flag_test_and_clear
                0x0000000000006e06       0x16 zephyr/kernel/libkernel.a(work.c.obj)
 .text.notify_queue_locked.isra.0
                0x0000000000006e1c        0xe zephyr/kernel/libkernel.a(work.c.obj)
 .text.z_work_submit_to_queue
                0x0000000000006e2a       0x28 zephyr/kernel/libkernel.a(work.c.obj)
                0x0000000000006e2a                z_work_submit_to_queue
 .text.k_work_submit_to_queue
                0x0000000000006e52       0x22 zephyr/kernel/libkernel.a(work.c.obj)
                0x0000000000006e52                k_work_submit_to_queue
 .text.sys_dlist_remove
                0x0000000000006e74       0x10 zephyr/kernel/libkernel.a(sched.c.obj)
 .text.unpend_thread_no_timeout
                0x0000000000006e84       0x14 zephyr/kernel/libkernel.a(sched.c.obj)
 .text.add_to_waitq_locked
                0x0000000000006e98       0x50 zephyr/kernel/libkernel.a(sched.c.obj)
 .text.z_ready_thread
                0x0000000000006ee8       0x20 zephyr/kernel/libkernel.a(sched.c.obj)
                0x0000000000006ee8                z_ready_thread
 .text.z_impl_k_thread_suspend
                0x0000000000006f08       0x36 zephyr/kernel/libkernel.a(sched.c.obj)
                0x0000000000006f08                z_impl_k_thread_suspend
 .text.z_unpend_thread_no_timeout
                0x0000000000006f3e       0x24 zephyr/kernel/libkernel.a(sched.c.obj)
                0x0000000000006f3e                z_unpend_thread_no_timeout
 .text.z_sched_wake_thread
                0x0000000000006f62       0x44 zephyr/kernel/libkernel.a(sched.c.obj)
                0x0000000000006f62                z_sched_wake_thread
 .text.z_thread_timeout
                0x0000000000006fa6        0x8 zephyr/kernel/libkernel.a(sched.c.obj)
                0x0000000000006fa6                z_thread_timeout
 .text.z_unpend1_no_timeout
                0x0000000000006fae       0x2e zephyr/kernel/libkernel.a(sched.c.obj)
                0x0000000000006fae                z_unpend1_no_timeout
 .text.z_unpend_first_thread
                0x0000000000006fdc       0x38 zephyr/kernel/libkernel.a(sched.c.obj)
                0x0000000000006fdc                z_unpend_first_thread
 .text.z_reschedule_irqlock
                0x0000000000007014       0x18 zephyr/kernel/libkernel.a(sched.c.obj)
                0x0000000000007014                z_reschedule_irqlock
 .text.z_reschedule_unlocked
                0x000000000000702c       0x14 zephyr/kernel/libkernel.a(sched.c.obj)
 .text.z_thread_abort
                0x0000000000007040       0x42 zephyr/kernel/libkernel.a(sched.c.obj)
                0x0000000000007040                z_thread_abort
 .text.z_sched_wake
                0x0000000000007082       0x48 zephyr/kernel/libkernel.a(sched.c.obj)
                0x0000000000007082                z_sched_wake
 .text.z_abort_timeout
                0x00000000000070ca       0x2c zephyr/kernel/libkernel.a(timeout.c.obj)
                0x00000000000070ca                z_abort_timeout
 .text.sys_clock_tick_get_32
                0x00000000000070f6        0x8 zephyr/kernel/libkernel.a(timeout.c.obj)
                0x00000000000070f6                sys_clock_tick_get_32
 .text.z_impl_k_uptime_ticks
                0x00000000000070fe        0x4 zephyr/kernel/libkernel.a(timeout.c.obj)
                0x00000000000070fe                z_impl_k_uptime_ticks
 .text.z_impl_k_timer_stop
                0x0000000000007102       0x3a zephyr/kernel/libkernel.a(timer.c.obj)
                0x0000000000007102                z_impl_k_timer_stop
 .text.strncpy  0x000000000000713c       0x20 d:\aplikacje\nrf\toolchains\cf2149caf2\opt\zephyr-sdk\arm-zephyr-eabi\bin\../lib/gcc/../../picolibc/arm-zephyr-eabi/lib/thumb/v7e-m/nofp\libc.a(libc_string_strncpy.c.o)
                0x000000000000713c                strncpy
 .text.strnlen  0x000000000000715c       0x18 d:\aplikacje\nrf\toolchains\cf2149caf2\opt\zephyr-sdk\arm-zephyr-eabi\bin\../lib/gcc/../../picolibc/arm-zephyr-eabi/lib/thumb/v7e-m/nofp\libc.a(libc_string_strnlen.c.o)
                0x000000000000715c                strnlen
 .text.__ultoa_invert
                0x0000000000007174       0xae d:\aplikacje\nrf\toolchains\cf2149caf2\opt\zephyr-sdk\arm-zephyr-eabi\bin\../lib/gcc/../../picolibc/arm-zephyr-eabi/lib/thumb/v7e-m/nofp\libc.a(libc_tinystdio_vflprintf.c.o)
 .text.memcpy   0x0000000000007222       0x1c d:\aplikacje\nrf\toolchains\cf2149caf2\opt\zephyr-sdk\arm-zephyr-eabi\bin\../lib/gcc/../../picolibc/arm-zephyr-eabi/lib/thumb/v7e-m/nofp\libc.a(memcpy.c.o)
                0x0000000000007222                __aeabi_memcpy
                0x0000000000007222                __aeabi_memcpy4
                0x0000000000007222                __aeabi_memcpy8
                0x0000000000007222                memcpy
 .text.memset   0x000000000000723e       0x10 d:\aplikacje\nrf\toolchains\cf2149caf2\opt\zephyr-sdk\arm-zephyr-eabi\bin\../lib/gcc/../../picolibc/arm-zephyr-eabi/lib/thumb/v7e-m/nofp\libc.a(memset.c.o)
                0x000000000000723e                memset
 *(SORT_BY_ALIGNMENT(.TEXT.*))
 *fill*         0x000000000000724e        0x2 
 .TEXT.__aeabi_read_tp
                0x0000000000007250        0xc zephyr/arch/arch/arm/core/cortex_m/libarch__arm__core__cortex_m.a(__aeabi_read_tp.S.obj)
                0x0000000000007250                __aeabi_read_tp
 *(SORT_BY_ALIGNMENT(.gnu.linkonce.t.*))
 *(SORT_BY_ALIGNMENT(.glue_7t))
 .glue_7t       0x000000000000725c        0x0 linker stubs
 *(SORT_BY_ALIGNMENT(.glue_7))
 .glue_7        0x000000000000725c        0x0 linker stubs
 *(SORT_BY_ALIGNMENT(.vfp11_veneer))
 .vfp11_veneer  0x000000000000725c        0x0 linker stubs
 *(SORT_BY_ALIGNMENT(.v4_bx))
 .v4_bx         0x000000000000725c        0x0 linker stubs
                0x000000000000725c                . = ALIGN (0x4)
                0x000000000000725c                __text_region_end = .

.ARM.exidx      0x000000000000725c        0x8
                0x000000000000725c                __exidx_start = .
 *(SORT_BY_ALIGNMENT(.ARM.exidx*) SORT_BY_ALIGNMENT(gnu.linkonce.armexidx.*))
 .ARM.exidx     0x000000000000725c        0x8 d:/aplikacje/nrf/toolchains/cf2149caf2/opt/zephyr-sdk/arm-zephyr-eabi/bin/../lib/gcc/arm-zephyr-eabi/12.2.0/thumb/v7e-m/nofp\libgcc.a(_udivmoddi4.o)
                0x0000000000007264                __exidx_end = .
                0x0000000000007264                __rodata_region_start = .

initlevel       0x0000000000007264       0x78
                0x0000000000007264                __init_start = .
                0x0000000000007264                __init_EARLY_start = .
 *(SORT_BY_NAME(SORT_BY_ALIGNMENT(.z_init_EARLY?_*)))
 *(SORT_BY_NAME(SORT_BY_ALIGNMENT(.z_init_EARLY??_*)))
                0x0000000000007264                __init_PRE_KERNEL_1_start = .
 *(SORT_BY_NAME(SORT_BY_ALIGNMENT(.z_init_PRE_KERNEL_1?_*)))
 .z_init_PRE_KERNEL_10_0_
                0x0000000000007264        0x8 zephyr/soc/soc/arm/nordic_nrf/libsoc__arm__nordic_nrf.a(soc.c.obj)
 *(SORT_BY_NAME(SORT_BY_ALIGNMENT(.z_init_PRE_KERNEL_1??_*)))
 .z_init_PRE_KERNEL_130_00072_
                0x000000000000726c        0x8 zephyr/drivers/clock_control/libdrivers__clock_control.a(clock_control_nrf.c.obj)
 .z_init_PRE_KERNEL_130_0_
                0x0000000000007274        0x8 modules/segger/libmodules__segger.a(SEGGER_RTT_zephyr.c.obj)
 .z_init_PRE_KERNEL_140_00010_
                0x000000000000727c        0x8 zephyr/drivers/gpio/libdrivers__gpio.a(gpio_nrfx.c.obj)
 .z_init_PRE_KERNEL_140_00021_
                0x0000000000007284        0x8 zephyr/drivers/gpio/libdrivers__gpio.a(gpio_nrfx.c.obj)
 .z_init_PRE_KERNEL_155_00107_
                0x000000000000728c        0x8 zephyr/drivers/serial/libdrivers__serial.a(uart_nrfx_uarte.c.obj)
 .z_init_PRE_KERNEL_160_0_
                0x0000000000007294        0x8 zephyr/drivers/console/libdrivers__console.a(uart_console.c.obj)
                0x000000000000729c                __init_PRE_KERNEL_2_start = .
 *(SORT_BY_NAME(SORT_BY_ALIGNMENT(.z_init_PRE_KERNEL_2?_*)))
 .z_init_PRE_KERNEL_20_0_
                0x000000000000729c        0x8 zephyr/drivers/timer/libdrivers__timer.a(nrf_rtc_timer.c.obj)
 *(SORT_BY_NAME(SORT_BY_ALIGNMENT(.z_init_PRE_KERNEL_2??_*)))
                0x00000000000072a4                __init_POST_KERNEL_start = .
 *(SORT_BY_NAME(SORT_BY_ALIGNMENT(.z_init_POST_KERNEL?_*)))
 *(SORT_BY_NAME(SORT_BY_ALIGNMENT(.z_init_POST_KERNEL??_*)))
 .z_init_POST_KERNEL40_0_
                0x00000000000072a4        0x8 zephyr/lib/libc/common/liblib__libc__common.a(malloc.c.obj)
 .z_init_POST_KERNEL40_0_
                0x00000000000072ac        0x8 zephyr/kernel/libkernel.a(system_work_q.c.obj)
 .z_init_POST_KERNEL50_00070_
                0x00000000000072b4        0x8 zephyr/drivers/adc/libdrivers__adc.a(adc_nrfx_saadc.c.obj)
 .z_init_POST_KERNEL70_00100_
                0x00000000000072bc        0x8 zephyr/drivers/spi/libdrivers__spi.a(spi_nrfx_spim.c.obj)
 .z_init_POST_KERNEL70_00124_
                0x00000000000072c4        0x8 zephyr/drivers/spi/libdrivers__spi.a(spi_nrfx_spim.c.obj)
 .z_init_POST_KERNEL90_00101_
                0x00000000000072cc        0x8 zephyr/drivers/sensor/nrf5/libdrivers__sensor__nrf5.a(temp_nrf5.c.obj)
 .z_init_POST_KERNEL90_00125_
                0x00000000000072d4        0x8 zephyr/drivers/sensor/bme280/libdrivers__sensor__bme280.a(bme280.c.obj)
                0x00000000000072dc                __init_APPLICATION_start = .
 *(SORT_BY_NAME(SORT_BY_ALIGNMENT(.z_init_APPLICATION?_*)))
 *(SORT_BY_NAME(SORT_BY_ALIGNMENT(.z_init_APPLICATION??_*)))
                0x00000000000072dc                __init_SMP_start = .
 *(SORT_BY_NAME(SORT_BY_ALIGNMENT(.z_init_SMP?_*)))
 *(SORT_BY_NAME(SORT_BY_ALIGNMENT(.z_init_SMP??_*)))
                0x00000000000072dc                __init_end = .

device_area     0x00000000000072dc       0xb4
                0x00000000000072dc                _device_list_start = .
 *(SORT_BY_NAME(SORT_BY_ALIGNMENT(._device.static.*_?_*)))
 *(SORT_BY_NAME(SORT_BY_ALIGNMENT(._device.static.*_??_*)))
 ._device.static.1_30_
                0x00000000000072dc       0x14 zephyr/drivers/clock_control/libdrivers__clock_control.a(clock_control_nrf.c.obj)
                0x00000000000072dc                __device_dts_ord_72
 ._device.static.1_40_
                0x00000000000072f0       0x28 zephyr/drivers/gpio/libdrivers__gpio.a(gpio_nrfx.c.obj)
                0x00000000000072f0                __device_dts_ord_21
                0x0000000000007304                __device_dts_ord_10
 ._device.static.1_55_
                0x0000000000007318       0x14 zephyr/drivers/serial/libdrivers__serial.a(uart_nrfx_uarte.c.obj)
                0x0000000000007318                __device_dts_ord_107
 ._device.static.3_50_
                0x000000000000732c       0x14 zephyr/drivers/adc/libdrivers__adc.a(adc_nrfx_saadc.c.obj)
                0x000000000000732c                __device_dts_ord_70
 ._device.static.3_70_
                0x0000000000007340       0x28 zephyr/drivers/spi/libdrivers__spi.a(spi_nrfx_spim.c.obj)
                0x0000000000007340                __device_dts_ord_100
                0x0000000000007354                __device_dts_ord_124
 ._device.static.3_90_
                0x0000000000007368       0x14 zephyr/drivers/sensor/bme280/libdrivers__sensor__bme280.a(bme280.c.obj)
                0x0000000000007368                __device_dts_ord_125
 ._device.static.3_90_
                0x000000000000737c       0x14 zephyr/drivers/sensor/nrf5/libdrivers__sensor__nrf5.a(temp_nrf5.c.obj)
                0x000000000000737c                __device_dts_ord_101
                0x0000000000007390                _device_list_end = .

sw_isr_table    0x0000000000007390      0x180
                0x0000000000007390                . = ALIGN (0x4)
 *(SORT_BY_ALIGNMENT(.gnu.linkonce.sw_isr_table*))
 .gnu.linkonce.sw_isr_table
                0x0000000000007390      0x180 zephyr/CMakeFiles/zephyr_final.dir/isr_tables.c.obj
                0x0000000000007390                _sw_isr_table

initlevel_error
                0x0000000000007264        0x0
 *(SORT_BY_NAME(SORT_BY_ALIGNMENT(.z_init_[_A-Z0-9]*)))
                0x0000000000000001                ASSERT ((SIZEOF (initlevel_error) == 0x0), Undefined initialization levels used.)

app_shmem_regions
                0x0000000000007510        0x0
                0x0000000000007510                __app_shmem_regions_start = .
 *(SORT_BY_NAME(SORT_BY_ALIGNMENT(.app_regions.*)))
                0x0000000000007510                __app_shmem_regions_end = .

k_p4wq_initparam_area
                0x0000000000007510        0x0
                0x0000000000007510                _k_p4wq_initparam_list_start = .
 *(SORT_BY_NAME(SORT_BY_ALIGNMENT(._k_p4wq_initparam.static.*)))
                0x0000000000007510                _k_p4wq_initparam_list_end = .

_static_thread_data_area
                0x0000000000007510        0x0
                0x0000000000007510                __static_thread_data_list_start = .
 *(SORT_BY_NAME(SORT_BY_ALIGNMENT(.__static_thread_data.static.*)))
                0x0000000000007510                __static_thread_data_list_end = .

device_deps     0x0000000000007510        0x0
                0x0000000000007510                __device_deps_start = .
 *(SORT_BY_NAME(SORT_BY_ALIGNMENT(.__device_deps_pass2*)))
                0x0000000000007510                __device_deps_end = .

ztest           0x0000000000007510        0x0
                0x0000000000007510                _ztest_expected_result_entry_list_start = .
 *(SORT_BY_NAME(SORT_BY_ALIGNMENT(._ztest_expected_result_entry.static.*)))
                0x0000000000007510                _ztest_expected_result_entry_list_end = .
                0x0000000000007510                _ztest_suite_node_list_start = .
 *(SORT_BY_NAME(SORT_BY_ALIGNMENT(._ztest_suite_node.static.*)))
                0x0000000000007510                _ztest_suite_node_list_end = .
                0x0000000000007510                _ztest_unit_test_list_start = .
 *(SORT_BY_NAME(SORT_BY_ALIGNMENT(._ztest_unit_test.static.*)))
                0x0000000000007510                _ztest_unit_test_list_end = .
                0x0000000000007510                _ztest_test_rule_list_start = .
 *(SORT_BY_NAME(SORT_BY_ALIGNMENT(._ztest_test_rule.static.*)))
                0x0000000000007510                _ztest_test_rule_list_end = .

bt_l2cap_fixed_chan_area
                0x0000000000007510        0x0
                0x0000000000007510                _bt_l2cap_fixed_chan_list_start = .
 *(SORT_BY_NAME(SORT_BY_ALIGNMENT(._bt_l2cap_fixed_chan.static.*)))
                0x0000000000007510                _bt_l2cap_fixed_chan_list_end = .

bt_gatt_service_static_area
                0x0000000000007510        0x0
                0x0000000000007510                _bt_gatt_service_static_list_start = .
 *(SORT_BY_NAME(SORT_BY_ALIGNMENT(._bt_gatt_service_static.static.*)))
                0x0000000000007510                _bt_gatt_service_static_list_end = .

log_strings_area
                0x0000000000007510        0x0
                0x0000000000007510                _log_strings_list_start = .
 *(SORT_BY_NAME(SORT_BY_ALIGNMENT(._log_strings.static.*)))
                0x0000000000007510                _log_strings_list_end = .

log_const_area  0x0000000000007510        0x0
                0x0000000000007510                _log_const_list_start = .
 *(SORT_BY_NAME(SORT_BY_ALIGNMENT(._log_const.static.*)))
                0x0000000000007510                _log_const_list_end = .

log_backend_area
                0x0000000000007510        0x0
                0x0000000000007510                _log_backend_list_start = .
 *(SORT_BY_NAME(SORT_BY_ALIGNMENT(._log_backend.static.*)))
                0x0000000000007510                _log_backend_list_end = .

log_link_area   0x0000000000007510        0x0
                0x0000000000007510                _log_link_list_start = .
 *(SORT_BY_NAME(SORT_BY_ALIGNMENT(._log_link.static.*)))
                0x0000000000007510                _log_link_list_end = .

tracing_backend_area
                0x0000000000007510        0x0
                0x0000000000007510                _tracing_backend_list_start = .
 *(SORT_BY_NAME(SORT_BY_ALIGNMENT(._tracing_backend.static.*)))
                0x0000000000007510                _tracing_backend_list_end = .

zephyr_dbg_info
 *(SORT_BY_ALIGNMENT(.dbg_thread_info))

symbol_to_keep  0x0000000000007510        0x0
                0x0000000000007510                __symbol_to_keep_start = .
 *(SORT_BY_NAME(SORT_BY_ALIGNMENT(.symbol_to_keep*)))
                0x0000000000007510                __symbol_to_keep_end = .

shell_area      0x0000000000007510        0x0
                0x0000000000007510                _shell_list_start = .
 *(SORT_BY_NAME(SORT_BY_ALIGNMENT(._shell.static.*)))
                0x0000000000007510                _shell_list_end = .

shell_root_cmds_area
                0x0000000000007510        0x0
                0x0000000000007510                _shell_root_cmds_list_start = .
 *(SORT_BY_NAME(SORT_BY_ALIGNMENT(._shell_root_cmds.static.*)))
                0x0000000000007510                _shell_root_cmds_list_end = .

shell_subcmds_area
                0x0000000000007510        0x0
                0x0000000000007510                _shell_subcmds_list_start = .
 *(SORT_BY_NAME(SORT_BY_ALIGNMENT(._shell_subcmds.static.*)))
                0x0000000000007510                _shell_subcmds_list_end = .

shell_dynamic_subcmds_area
                0x0000000000007510        0x0
                0x0000000000007510                _shell_dynamic_subcmds_list_start = .
 *(SORT_BY_NAME(SORT_BY_ALIGNMENT(._shell_dynamic_subcmds.static.*)))
                0x0000000000007510                _shell_dynamic_subcmds_list_end = .

cfb_font_area   0x0000000000007510        0x0
                0x0000000000007510                _cfb_font_list_start = .
 *(SORT_BY_NAME(SORT_BY_ALIGNMENT(._cfb_font.static.*)))
                0x0000000000007510                _cfb_font_list_end = .

tdata           0x0000000000007510        0x0
 *(SORT_BY_ALIGNMENT(.tdata) SORT_BY_ALIGNMENT(.tdata.*) SORT_BY_ALIGNMENT(.gnu.linkonce.td.*))

tbss            0x0000000000007510        0x4
 *(SORT_BY_ALIGNMENT(.tbss) SORT_BY_ALIGNMENT(.tbss.*) SORT_BY_ALIGNMENT(.gnu.linkonce.tb.*) SORT_BY_ALIGNMENT(.tcommon))
 .tbss.z_tls_current
                0x0000000000007510        0x4 zephyr/libzephyr.a(thread_entry.c.obj)
                0x0000000000007510                z_tls_current
                0x0000000000007510                PROVIDE (__tdata_start = LOADADDR (tdata))
                0x0000000000000000                PROVIDE (__tdata_size = SIZEOF (tdata))
                [!provide]                        PROVIDE (__tdata_end = (__tdata_start + __tdata_size))
                0x0000000000000001                PROVIDE (__tdata_align = ALIGNOF (tdata))
                [!provide]                        PROVIDE (__tbss_start = ADDR (tbss))
                0x0000000000000004                PROVIDE (__tbss_size = SIZEOF (tbss))
                [!provide]                        PROVIDE (__tbss_end = (__tbss_start + __tbss_size))
                0x0000000000000004                PROVIDE (__tbss_align = ALIGNOF (tbss))
                [!provide]                        PROVIDE (__tls_start = __tdata_start)
                [!provide]                        PROVIDE (__tls_end = __tbss_end)
                [!provide]                        PROVIDE (__tls_size = (__tbss_end - __tdata_start))

rodata          0x0000000000007510      0x448
 *(SORT_BY_ALIGNMENT(.rodata))
 *(SORT_BY_ALIGNMENT(.rodata.*))
 .rodata.delay_machine_code.0
                0x0000000000007510        0x6 zephyr/soc/soc/arm/nordic_nrf/libsoc__arm__nordic_nrf.a(soc.c.obj)
 *fill*         0x0000000000007516        0x2 
 .rodata.spi_dev
                0x0000000000007518       0x18 app/libapp.a(epdif.c.obj)
                0x0000000000007518                spi_dev
 .rodata.bprx   0x0000000000007530        0x8 app/libapp.a(epdif.c.obj)
                0x0000000000007530                bprx
 .rodata.bptx   0x0000000000007538        0x8 app/libapp.a(epdif.c.obj)
                0x0000000000007538                bptx
 .rodata.mem_attr_region
                0x0000000000007540        0x0 zephyr/libzephyr.a(mem_attr.c.obj)
 .rodata.static_regions
                0x0000000000007540        0xc zephyr/arch/arch/arm/core/mpu/libarch__arm__core__mpu.a(arm_core_mpu.c.obj)
 .rodata.mpu_config
                0x000000000000754c        0x8 zephyr/arch/arch/arm/core/mpu/libarch__arm__core__mpu.a(arm_mpu_regions.c.obj)
                0x000000000000754c                mpu_config
 .rodata.mpu_regions
                0x0000000000007554       0x18 zephyr/arch/arch/arm/core/mpu/libarch__arm__core__mpu.a(arm_mpu_regions.c.obj)
 .rodata.adc_nrfx_driver_api
                0x000000000000756c        0xc zephyr/drivers/adc/libdrivers__adc.a(adc_nrfx_saadc.c.obj)
 .rodata.transitions.0
                0x0000000000007578        0xc zephyr/drivers/clock_control/libdrivers__clock_control.a(clock_control_nrf.c.obj)
 .rodata.config
                0x0000000000007584       0x10 zephyr/drivers/clock_control/libdrivers__clock_control.a(clock_control_nrf.c.obj)
 .rodata.clock_control_api
                0x0000000000007594       0x1c zephyr/drivers/clock_control/libdrivers__clock_control.a(clock_control_nrf.c.obj)
 .rodata.gpio_nrfx_p1_cfg
                0x00000000000075b0       0x18 zephyr/drivers/gpio/libdrivers__gpio.a(gpio_nrfx.c.obj)
 .rodata.gpio_nrfx_p0_cfg
                0x00000000000075c8       0x18 zephyr/drivers/gpio/libdrivers__gpio.a(gpio_nrfx.c.obj)
 .rodata.gpio_nrfx_drv_api_funcs
                0x00000000000075e0       0x24 zephyr/drivers/gpio/libdrivers__gpio.a(gpio_nrfx.c.obj)
 .rodata.bme280_config_0
                0x0000000000007604       0x1c zephyr/drivers/sensor/bme280/libdrivers__sensor__bme280.a(bme280.c.obj)
 .rodata.bme280_api_funcs
                0x0000000000007620       0x1c zephyr/drivers/sensor/bme280/libdrivers__sensor__bme280.a(bme280.c.obj)
 .rodata.bme280_bus_io_spi
                0x000000000000763c        0xc zephyr/drivers/sensor/bme280/libdrivers__sensor__bme280.a(bme280_spi.c.obj)
                0x000000000000763c                bme280_bus_io_spi
 .rodata.temp_nrf5_driver_api
                0x0000000000007648       0x1c zephyr/drivers/sensor/nrf5/libdrivers__sensor__nrf5.a(temp_nrf5.c.obj)
 .rodata.uarte_0z_config
                0x0000000000007664       0x10 zephyr/drivers/serial/libdrivers__serial.a(uart_nrfx_uarte.c.obj)
 .rodata.__pinctrl_dev_config__device_dts_ord_107
                0x0000000000007674        0xc zephyr/drivers/serial/libdrivers__serial.a(uart_nrfx_uarte.c.obj)
 .rodata.__pinctrl_states__device_dts_ord_107
                0x0000000000007680        0x8 zephyr/drivers/serial/libdrivers__serial.a(uart_nrfx_uarte.c.obj)
 .rodata.__pinctrl_state_pins_0__device_dts_ord_107
                0x0000000000007688       0x10 zephyr/drivers/serial/libdrivers__serial.a(uart_nrfx_uarte.c.obj)
 .rodata.uart_nrfx_uarte_driver_api
                0x0000000000007698       0x44 zephyr/drivers/serial/libdrivers__serial.a(uart_nrfx_uarte.c.obj)
 .rodata.spi_3z_config
                0x00000000000076dc       0x4c zephyr/drivers/spi/libdrivers__spi.a(spi_nrfx_spim.c.obj)
 .rodata.__pinctrl_dev_config__device_dts_ord_100
                0x0000000000007728        0xc zephyr/drivers/spi/libdrivers__spi.a(spi_nrfx_spim.c.obj)
 .rodata.__pinctrl_states__device_dts_ord_100
                0x0000000000007734        0x8 zephyr/drivers/spi/libdrivers__spi.a(spi_nrfx_spim.c.obj)
 .rodata.__pinctrl_state_pins_0__device_dts_ord_100
                0x000000000000773c        0xc zephyr/drivers/spi/libdrivers__spi.a(spi_nrfx_spim.c.obj)
 .rodata.__compound_literal.1
                0x0000000000007748        0x8 zephyr/drivers/spi/libdrivers__spi.a(spi_nrfx_spim.c.obj)
 .rodata.spi_1z_config
                0x0000000000007750       0x4c zephyr/drivers/spi/libdrivers__spi.a(spi_nrfx_spim.c.obj)
 .rodata.__pinctrl_dev_config__device_dts_ord_124
                0x000000000000779c        0xc zephyr/drivers/spi/libdrivers__spi.a(spi_nrfx_spim.c.obj)
 .rodata.__pinctrl_states__device_dts_ord_124
                0x00000000000077a8        0x8 zephyr/drivers/spi/libdrivers__spi.a(spi_nrfx_spim.c.obj)
 .rodata.__pinctrl_state_pins_0__device_dts_ord_124
                0x00000000000077b0        0xc zephyr/drivers/spi/libdrivers__spi.a(spi_nrfx_spim.c.obj)
 .rodata.__compound_literal.0
                0x00000000000077bc        0x8 zephyr/drivers/spi/libdrivers__spi.a(spi_nrfx_spim.c.obj)
 .rodata.spi_nrfx_driver_api
                0x00000000000077c4        0x8 zephyr/drivers/spi/libdrivers__spi.a(spi_nrfx_spim.c.obj)
 .rodata.levels.0
                0x00000000000077cc       0x18 zephyr/kernel/libkernel.a(init.c.obj)
 .rodata.main.str1.1
                0x00000000000077e4       0x22 app/libapp.a(main.c.obj)
 .rodata.EpdIfInit.str1.1
                0x0000000000007806       0x48 app/libapp.a(epdif.c.obj)
 .rodata.str1.1
                0x000000000000784e        0xf zephyr/arch/arch/arm/core/mpu/libarch__arm__core__mpu.a(arm_mpu_regions.c.obj)
 .rodata.str1.1
                0x000000000000785d        0xd zephyr/drivers/adc/libdrivers__adc.a(adc_nrfx_saadc.c.obj)
 .rodata.str1.1
                0x000000000000786a        0xf zephyr/drivers/clock_control/libdrivers__clock_control.a(clock_control_nrf.c.obj)
 .rodata.str1.1
                0x0000000000007879       0x1c zephyr/drivers/gpio/libdrivers__gpio.a(gpio_nrfx.c.obj)
 .rodata.drive_modes
                0x0000000000007895        0x8 zephyr/drivers/pinctrl/libdrivers__pinctrl.a(pinctrl_nrf.c.obj)
 .rodata.str1.1
                0x000000000000789d        0x6 zephyr/drivers/sensor/bme280/libdrivers__sensor__bme280.a(bme280.c.obj)
 .rodata.str1.1
                0x00000000000078a3        0xe zephyr/drivers/sensor/nrf5/libdrivers__sensor__nrf5.a(temp_nrf5.c.obj)
 .rodata.str1.1
                0x00000000000078b1        0xe zephyr/drivers/serial/libdrivers__serial.a(uart_nrfx_uarte.c.obj)
 .rodata.str1.1
                0x00000000000078bf       0x1a zephyr/drivers/spi/libdrivers__spi.a(spi_nrfx_spim.c.obj)
 .rodata.port_offset.1
                0x00000000000078d9       0x10 modules/hal_nordic/nrfx/libmodules__hal_nordic__nrfx.a(nrfx_gpiote.c.obj)
 .rodata.ports  0x00000000000078e9        0x2 modules/hal_nordic/nrfx/libmodules__hal_nordic__nrfx.a(nrfx_gpiote.c.obj)
 .rodata._DoInit.str1.1
                0x00000000000078eb        0x9 modules/segger/libmodules__segger.a(SEGGER_RTT.c.obj)
 .rodata._aInitStr.0
                0x00000000000078f4       0x11 modules/segger/libmodules__segger.a(SEGGER_RTT.c.obj)
 .rodata.z_init_cpu.str1.1
                0x0000000000007905        0x5 zephyr/kernel/libkernel.a(init.c.obj)
 .rodata.z_cstart.str1.1
                0x000000000000790a        0x5 zephyr/kernel/libkernel.a(init.c.obj)
 .rodata.boot_banner.str1.1
                0x000000000000790f       0x2e zephyr/kernel/libkernel.a(banner.c.obj)
 .rodata.k_sys_work_q_init.str1.1
                0x000000000000793d        0x9 zephyr/kernel/libkernel.a(system_work_q.c.obj)
 .rodata.__l_vfprintf.str1.1
                0x0000000000007946        0xf d:\aplikacje\nrf\toolchains\cf2149caf2\opt\zephyr-sdk\arm-zephyr-eabi\bin\../lib/gcc/../../picolibc/arm-zephyr-eabi/lib/thumb/v7e-m/nofp\libc.a(libc_tinystdio_vflprintf.c.o)
 *(SORT_BY_ALIGNMENT(.gnu.linkonce.r.*))
                0x0000000000007958                . = ALIGN (0x4)
 *fill*         0x0000000000007955        0x3 
                0x0000000000007958                __rodata_region_end = .
                0x0000000000007960                . = ALIGN (_region_min_align)
                0x0000000000008000                . = ALIGN ((0x1 << LOG2CEIL ((__rodata_region_end - ADDR (rom_start)))))
                0x0000000000008000                __rom_region_end = ((__rom_region_start + .) - ADDR (rom_start))

/DISCARD/
 *(SORT_BY_ALIGNMENT(.got.plt))
 *(SORT_BY_ALIGNMENT(.igot.plt))
 *(SORT_BY_ALIGNMENT(.got))
 *(SORT_BY_ALIGNMENT(.igot))
                0x0000000020000000                . = 0x20000000
                0x0000000020000000                . = ALIGN (_region_min_align)
                0x0000000020000000                _image_ram_start = .

.ramfunc        0x0000000020000000        0x0 load address 0x0000000000007958
                0x0000000020000000                . = ALIGN (_region_min_align)
                0x0000000020000000                . = ALIGN ((0x1 << LOG2CEIL (__ramfunc_size)))
                0x0000000020000000                __ramfunc_start = .
 *(SORT_BY_ALIGNMENT(.ramfunc))
 *(SORT_BY_ALIGNMENT(.ramfunc.*))
                0x0000000020000000                . = ALIGN (_region_min_align)
                0x0000000020000000                . = ALIGN ((0x1 << LOG2CEIL (__ramfunc_size)))
                0x0000000020000000                __ramfunc_end = .
                0x0000000000000000                __ramfunc_size = (__ramfunc_end - __ramfunc_start)
                0x0000000000007958                __ramfunc_load_start = LOADADDR (.ramfunc)

datas           0x0000000020000000     0x16ab load address 0x0000000000007958
                0x0000000020000000                __data_region_start = .
                0x0000000020000000                __data_start = .
 *(SORT_BY_ALIGNMENT(.data))
 *(SORT_BY_ALIGNMENT(.data.*))
 .data.m_data   0x0000000020000000       0xa8 zephyr/drivers/adc/libdrivers__adc.a(adc_nrfx_saadc.c.obj)
 .data.busy     0x00000000200000a8        0x8 app/libapp.a(epdif.c.obj)
                0x00000000200000a8                busy
 .data.cs       0x00000000200000b0        0x8 app/libapp.a(epdif.c.obj)
                0x00000000200000b0                cs
 .data.dc       0x00000000200000b8        0x8 app/libapp.a(epdif.c.obj)
                0x00000000200000b8                dc
 .data.rst      0x00000000200000c0        0x8 app/libapp.a(epdif.c.obj)
                0x00000000200000c0                rst
 .data._char_out
                0x00000000200000c8        0x4 zephyr/libzephyr.a(printk.c.obj)
                0x00000000200000c8                _char_out
 .data.__stdout
                0x00000000200000cc       0x10 zephyr/lib/libc/picolibc/liblib__libc__picolibc.a(libc-hooks.c.obj)
 .data.temp_measure_work
                0x00000000200000dc       0x10 zephyr/drivers/clock_control/libdrivers__clock_control.a(nrf_clock_calibration.c.obj)
 .data.uarte_0_data
                0x00000000200000ec       0x20 zephyr/drivers/serial/libdrivers__serial.a(uart_nrfx_uarte.c.obj)
 .data.uarte0_int_driven
                0x000000002000010c       0x14 zephyr/drivers/serial/libdrivers__serial.a(uart_nrfx_uarte.c.obj)
 .data.spi_3_data
                0x0000000020000120       0x70 zephyr/drivers/spi/libdrivers__spi.a(spi_nrfx_spim.c.obj)
 .data.spi_1_data
                0x0000000020000190       0x70 zephyr/drivers/spi/libdrivers__spi.a(spi_nrfx_spim.c.obj)
 .data.m_cb     0x0000000020000200       0x78 modules/hal_nordic/nrfx/libmodules__hal_nordic__nrfx.a(nrfx_gpiote.c.obj)
 .data.m_channels_allocated
                0x0000000020000278        0x4 modules/hal_nordic/nrfx/libmodules__hal_nordic__nrfx.a(nrfx_ppi.c.obj)
 .data.timeout_list
                0x000000002000027c        0x8 zephyr/kernel/libkernel.a(timeout.c.obj)
 .data.WF_Full_1IN54
                0x0000000020000284       0x9f app/libapp.a(epd1in54_V2.c.obj)
                0x0000000020000284                WF_Full_1IN54
 .data.papi     0x0000000020000323     0x1388 app/libapp.a(imagedata.c.obj)
                0x0000000020000323                papi
 *(SORT_BY_ALIGNMENT(.kernel.*))
                0x00000000200016ab                __data_end = .
                0x00000000000016ab                __data_size = (__data_end - __data_start)
                0x0000000000007958                __data_load_start = LOADADDR (datas)
                0x0000000000007958                __data_region_load_start = LOADADDR (datas)

device_states   0x00000000200016ab       0x12 load address 0x0000000000009003
                0x00000000200016ab                __device_states_start = .
 *(SORT_BY_ALIGNMENT(.z_devstate))